[    0.000000] microcode: microcode updated early to revision 0x2007206, date = 2024-04-15
[    0.000000] Linux version 6.1.124-hardened1 (portage@localhost) (gcc (Gentoo Hardened 14.2.1_p20241221 p7) 14.2.1 20241221, GNU ld (Gentoo 2.43 p3) 2.43.1) #1 SMP PREEMPT_DYNAMIC Wed Feb 19 16:55:07 -00 2025
[    0.000000] Kernel is locked down from Kernel configuration; see man kernel_lockdown.7
[    0.000000] Command line: BOOT_IMAGE=/vmlinuz-6.1.124-hardened1 root=PARTUUID=XXX ro loglevel=3 ibt=off quiet mds=full raid=noautodetect
[    0.000000] KERNEL supported cpus:
[    0.000000]   Intel GenuineIntel
[    0.000000] BIOS-provided physical RAM map:
[    0.000000] BIOS-e820: [mem 0x0000000000000000-0x000000000009ffff] usable
[    0.000000] BIOS-e820: [mem 0x00000000000a0000-0x00000000000fffff] reserved
[    0.000000] BIOS-e820: [mem 0x0000000000100000-0x0000000049d78fff] usable
[    0.000000] BIOS-e820: [mem 0x0000000049d79000-0x000000004bc48fff] reserved
[    0.000000] BIOS-e820: [mem 0x000000004bc49000-0x000000004bf51fff] usable
[    0.000000] BIOS-e820: [mem 0x000000004bf52000-0x000000004cd58fff] ACPI NVS
[    0.000000] BIOS-e820: [mem 0x000000004cd59000-0x000000004d9effff] reserved
[    0.000000] BIOS-e820: [mem 0x000000004d9f0000-0x000000004dab7fff] type 20
[    0.000000] BIOS-e820: [mem 0x000000004dab8000-0x000000004fffffff] usable
[    0.000000] BIOS-e820: [mem 0x0000000050000000-0x000000006fffffff] reserved
[    0.000000] BIOS-e820: [mem 0x00000000fe000000-0x00000000fe010fff] reserved
[    0.000000] BIOS-e820: [mem 0x00000000fec00000-0x00000000fec00fff] reserved
[    0.000000] BIOS-e820: [mem 0x00000000fed00000-0x00000000fed00fff] reserved
[    0.000000] BIOS-e820: [mem 0x00000000fee00000-0x00000000fee00fff] reserved
[    0.000000] BIOS-e820: [mem 0x00000000ff000000-0x00000000ffffffff] reserved
[    0.000000] BIOS-e820: [mem 0x0000000100000000-0x000000109fffffff] usable
[    0.000000] NX (Execute Disable) protection: active
[    0.000000] efi: EFI v2.60 by American Megatrends
[    0.000000] efi: ACPI 2.0=0x4bf52000 ACPI=0x4bf52000 SMBIOS=0x4d91f000 SMBIOS 3.0=0x4d91e000 ESRT=0x45ac6f18 MEMATTR=0x45aaa018 
[    0.000000] SMBIOS 3.0.0 present.
[    0.000000] DMI: EVGA Corp. X299 FTW K/X299 FTW K, BIOS 1.26 01/21/2021
[    0.000000] tsc: Detected 3100.000 MHz processor
[    0.000000] tsc: Detected 3099.999 MHz TSC
[    0.000000] [Firmware Bug]: TSC ADJUST: CPU0: -52182014585998 force to 0
[    0.000485] e820: update [mem 0x00000000-0x00000fff] usable ==> reserved
[    0.000487] e820: remove [mem 0x000a0000-0x000fffff] usable
[    0.000493] last_pfn = 0x10a0000 max_arch_pfn = 0x400000000
[    0.000656] x86/PAT: Configuration [0-7]: WB  WC  UC- UC  WB  WP  UC- WT  
[    0.001321] e820: update [mem 0x5f000000-0xffffffff] usable ==> reserved
[    0.001325] last_pfn = 0x50000 max_arch_pfn = 0x400000000
[    0.006449] found SMP MP-table at [mem 0x000fd160-0x000fd16f]
[    0.006460] esrt: Reserving ESRT space from 0x0000000045ac6f18 to 0x0000000045ac6f50.
[    0.006466] e820: update [mem 0x45ac6000-0x45ac6fff] usable ==> reserved
[    0.006477] Using GB pages for direct mapping
[    0.006786] secureboot: Secure boot disabled
[    0.006786] RAMDISK: [mem 0x36db9000-0x376d3fff]
[    0.006791] ACPI: Early table checksum verification disabled
[    0.006793] ACPI: RSDP 0x000000004BF52000 000024 (v02 ALASKA)
[    0.006796] ACPI: XSDT 0x000000004BF520C8 000114 (v01 ALASKA A M I    01072009 AMI  00010013)
[    0.006800] ACPI: FACP 0x000000004BF6E0C0 000114 (v06 ALASKA A M I    01072009 AMI  00010013)
[    0.006803] ACPI: DSDT 0x000000004BF52278 01BE41 (v02 ALASKA A M I    01072009 INTL 20160422)
[    0.006805] ACPI: FACS 0x000000004CD57080 000040
[    0.006807] ACPI: FPDT 0x000000004BF6E1D8 000044 (v01 ALASKA A M I    01072009 AMI  00010013)
[    0.006809] ACPI: FIDT 0x000000004BF6E220 00009C (v01 ALASKA A M I    01072009 AMI  00010013)
[    0.006811] ACPI: UEFI 0x000000004BF6E2C0 000042 (v01 ALASKA A M I    00000002      01000013)
[    0.006813] ACPI: MCFG 0x000000004BF6E308 00003C (v01 ALASKA A M I    01072009 MSFT 00000097)
[    0.006815] ACPI: HPET 0x000000004BF6E348 000038 (v01 ALASKA A M I    00000001 INTL 20091013)
[    0.006817] ACPI: APIC 0x000000004BF6E380 00071E (v03 ALASKA A M I    00000000 INTL 20091013)
[    0.006819] ACPI: MCFG 0x000000004BF6EAA0 00003C (v01 ALASKA A M I    00000001 INTL 20091013)
[    0.006821] ACPI: MIGT 0x000000004BF6EAE0 000040 (v01 ALASKA A M I    00000000 INTL 20091013)
[    0.006823] ACPI: MSCT 0x000000004BF6EB20 00004E (v01 ALASKA A M I    00000001 INTL 20091013)
[    0.006825] ACPI: PCCT 0x000000004BF6EB70 00006E (v01 ALASKA A M I    00000002 INTL 20091013)
[    0.006826] ACPI: RASF 0x000000004BF6EBE0 000030 (v01 ALASKA A M I    00000001 INTL 20091013)
[    0.006828] ACPI: SLIT 0x000000004BF6EC10 00006C (v01 ALASKA A M I    00000001 INTL 20091013)
[    0.006830] ACPI: SRAT 0x000000004BF6EC80 000A30 (v03 ALASKA A M I    00000002 INTL 20091013)
[    0.006832] ACPI: SVOS 0x000000004BF6F6B0 000032 (v01 ALASKA A M I    00000000 INTL 20091013)
[    0.006834] ACPI: WDDT 0x000000004BF6F6E8 000040 (v01 ALASKA A M I    00000000 INTL 20091013)
[    0.006836] ACPI: OEM4 0x000000004BF6F728 029A72 (v02 INTEL  CPU  CST 00003000 INTL 20160422)
[    0.006838] ACPI: OEM1 0x000000004BF991A0 00ABCB (v02 INTEL  CPU EIST 00003000 INTL 20160422)
[    0.006840] ACPI: SSDT 0x000000004BFA3D70 00D427 (v02 INTEL  SSDT  PM 00004000 INTL 20160422)
[    0.006842] ACPI: NITR 0x000000004BFB1198 000071 (v02 ALASKA A M I    00000001 INTL 20091013)
[    0.006844] ACPI: SSDT 0x000000004BFB1210 000919 (v02 ALASKA A M I    00000000 INTL 20091013)
[    0.006846] ACPI: LPIT 0x000000004BFB1B30 000094 (v01 INTEL  SKL      00000000 MSFT 0000005F)
[    0.006848] ACPI: WSMT 0x000000004BFB1BC8 000028 (v01 INTEL  SKL      00000000 MSFT 0000005F)
[    0.006849] ACPI: WDAT 0x000000004BFB1BF0 000134 (v01 INTEL  SKL      00000000 MSFT 0000005F)
[    0.006851] ACPI: SSDT 0x000000004BFB1D28 00029F (v02 INTEL  sensrhub 00000000 INTL 20160422)
[    0.006853] ACPI: SSDT 0x000000004BFB1FC8 003002 (v02 INTEL  PtidDevc 00001000 INTL 20160422)
[    0.006855] ACPI: DBGP 0x000000004BFB4FD0 000034 (v01 INTEL           00000002 MSFT 0000005F)
[    0.006857] ACPI: DBG2 0x000000004BFB5008 000054 (v00 INTEL           00000002 MSFT 0000005F)
[    0.006859] ACPI: BGRT 0x000000004BFB5060 000038 (v00 ALASKA A M I    01072009 AMI  00010013)
[    0.006861] ACPI: WSMT 0x000000004BFB5098 000028 (v01 ALASKA A M I    01072009 AMI  00010013)
[    0.006863] ACPI: Reserving FACP table memory at [mem 0x4bf6e0c0-0x4bf6e1d3]
[    0.006864] ACPI: Reserving DSDT table memory at [mem 0x4bf52278-0x4bf6e0b8]
[    0.006864] ACPI: Reserving FACS table memory at [mem 0x4cd57080-0x4cd570bf]
[    0.006865] ACPI: Reserving FPDT table memory at [mem 0x4bf6e1d8-0x4bf6e21b]
[    0.006865] ACPI: Reserving FIDT table memory at [mem 0x4bf6e220-0x4bf6e2bb]
[    0.006866] ACPI: Reserving UEFI table memory at [mem 0x4bf6e2c0-0x4bf6e301]
[    0.006867] ACPI: Reserving MCFG table memory at [mem 0x4bf6e308-0x4bf6e343]
[    0.006867] ACPI: Reserving HPET table memory at [mem 0x4bf6e348-0x4bf6e37f]
[    0.006868] ACPI: Reserving APIC table memory at [mem 0x4bf6e380-0x4bf6ea9d]
[    0.006868] ACPI: Reserving MCFG table memory at [mem 0x4bf6eaa0-0x4bf6eadb]
[    0.006869] ACPI: Reserving MIGT table memory at [mem 0x4bf6eae0-0x4bf6eb1f]
[    0.006869] ACPI: Reserving MSCT table memory at [mem 0x4bf6eb20-0x4bf6eb6d]
[    0.006870] ACPI: Reserving PCCT table memory at [mem 0x4bf6eb70-0x4bf6ebdd]
[    0.006870] ACPI: Reserving RASF table memory at [mem 0x4bf6ebe0-0x4bf6ec0f]
[    0.006871] ACPI: Reserving SLIT table memory at [mem 0x4bf6ec10-0x4bf6ec7b]
[    0.006871] ACPI: Reserving SRAT table memory at [mem 0x4bf6ec80-0x4bf6f6af]
[    0.006872] ACPI: Reserving SVOS table memory at [mem 0x4bf6f6b0-0x4bf6f6e1]
[    0.006873] ACPI: Reserving WDDT table memory at [mem 0x4bf6f6e8-0x4bf6f727]
[    0.006873] ACPI: Reserving OEM4 table memory at [mem 0x4bf6f728-0x4bf99199]
[    0.006874] ACPI: Reserving OEM1 table memory at [mem 0x4bf991a0-0x4bfa3d6a]
[    0.006874] ACPI: Reserving SSDT table memory at [mem 0x4bfa3d70-0x4bfb1196]
[    0.006875] ACPI: Reserving NITR table memory at [mem 0x4bfb1198-0x4bfb1208]
[    0.006875] ACPI: Reserving SSDT table memory at [mem 0x4bfb1210-0x4bfb1b28]
[    0.006876] ACPI: Reserving LPIT table memory at [mem 0x4bfb1b30-0x4bfb1bc3]
[    0.006877] ACPI: Reserving WSMT table memory at [mem 0x4bfb1bc8-0x4bfb1bef]
[    0.006877] ACPI: Reserving WDAT table memory at [mem 0x4bfb1bf0-0x4bfb1d23]
[    0.006878] ACPI: Reserving SSDT table memory at [mem 0x4bfb1d28-0x4bfb1fc6]
[    0.006878] ACPI: Reserving SSDT table memory at [mem 0x4bfb1fc8-0x4bfb4fc9]
[    0.006879] ACPI: Reserving DBGP table memory at [mem 0x4bfb4fd0-0x4bfb5003]
[    0.006879] ACPI: Reserving DBG2 table memory at [mem 0x4bfb5008-0x4bfb505b]
[    0.006880] ACPI: Reserving BGRT table memory at [mem 0x4bfb5060-0x4bfb5097]
[    0.006881] ACPI: Reserving WSMT table memory at [mem 0x4bfb5098-0x4bfb50bf]
[    0.006897] SRAT: PXM 0 -> APIC 0x00 -> Node 0
[    0.006898] SRAT: PXM 0 -> APIC 0x02 -> Node 0
[    0.006899] SRAT: PXM 0 -> APIC 0x04 -> Node 0
[    0.006899] SRAT: PXM 0 -> APIC 0x06 -> Node 0
[    0.006899] SRAT: PXM 0 -> APIC 0x08 -> Node 0
[    0.006900] SRAT: PXM 0 -> APIC 0x0a -> Node 0
[    0.006900] SRAT: PXM 0 -> APIC 0x0c -> Node 0
[    0.006901] SRAT: PXM 0 -> APIC 0x10 -> Node 0
[    0.006901] SRAT: PXM 0 -> APIC 0x12 -> Node 0
[    0.006902] SRAT: PXM 0 -> APIC 0x14 -> Node 0
[    0.006902] SRAT: PXM 0 -> APIC 0x16 -> Node 0
[    0.006903] SRAT: PXM 0 -> APIC 0x18 -> Node 0
[    0.006903] SRAT: PXM 0 -> APIC 0x1a -> Node 0
[    0.006903] SRAT: PXM 0 -> APIC 0x1c -> Node 0
[    0.006904] SRAT: PXM 0 -> APIC 0x01 -> Node 0
[    0.006904] SRAT: PXM 0 -> APIC 0x03 -> Node 0
[    0.006905] SRAT: PXM 0 -> APIC 0x05 -> Node 0
[    0.006905] SRAT: PXM 0 -> APIC 0x07 -> Node 0
[    0.006906] SRAT: PXM 0 -> APIC 0x09 -> Node 0
[    0.006906] SRAT: PXM 0 -> APIC 0x0b -> Node 0
[    0.006907] SRAT: PXM 0 -> APIC 0x0d -> Node 0
[    0.006907] SRAT: PXM 0 -> APIC 0x11 -> Node 0
[    0.006908] SRAT: PXM 0 -> APIC 0x13 -> Node 0
[    0.006908] SRAT: PXM 0 -> APIC 0x15 -> Node 0
[    0.006908] SRAT: PXM 0 -> APIC 0x17 -> Node 0
[    0.006909] SRAT: PXM 0 -> APIC 0x19 -> Node 0
[    0.006909] SRAT: PXM 0 -> APIC 0x1b -> Node 0
[    0.006910] SRAT: PXM 0 -> APIC 0x1d -> Node 0
[    0.006914] ACPI: SRAT: Node 0 PXM 0 [mem 0x00000000-0xffffffff]
[    0.006915] ACPI: SRAT: Node 0 PXM 0 [mem 0x100000000-0x109fffffff]
[    0.006920] NUMA: Initialized distance table, cnt=1
[    0.006923] NUMA: Node 0 [mem 0x00000000-0xffffffff] + [mem 0x100000000-0x109fffffff] -> [mem 0x00000000-0x109fffffff]
[    0.006931] NODE_DATA(0) allocated [mem 0x109ffd4000-0x109fffefff]
[    0.069973] Zone ranges:
[    0.069973]   DMA      [mem 0x0000000000001000-0x0000000000ffffff]
[    0.069975]   DMA32    [mem 0x0000000001000000-0x00000000ffffffff]
[    0.069976]   Normal   [mem 0x0000000100000000-0x000000109fffffff]
[    0.069977]   Device   empty
[    0.069978] Movable zone start for each node
[    0.069979] Early memory node ranges
[    0.069980]   node   0: [mem 0x0000000000001000-0x000000000009ffff]
[    0.069981]   node   0: [mem 0x0000000000100000-0x0000000049d78fff]
[    0.069981]   node   0: [mem 0x000000004bc49000-0x000000004bf51fff]
[    0.069982]   node   0: [mem 0x000000004dab8000-0x000000004fffffff]
[    0.069982]   node   0: [mem 0x0000000100000000-0x000000109fffffff]
[    0.069988] Initmem setup node 0 [mem 0x0000000000001000-0x000000109fffffff]
[    0.069992] On node 0, zone DMA: 1 pages in unavailable ranges
[    0.070028] On node 0, zone DMA: 96 pages in unavailable ranges
[    0.072687] On node 0, zone DMA32: 7888 pages in unavailable ranges
[    0.072860] On node 0, zone DMA32: 7014 pages in unavailable ranges
[    0.073386] ACPI: PM-Timer IO Port: 0x1808
[    0.073394] ACPI: X2APIC_NMI (uid[0xffffffff] high level lint[0x1])
[    0.073396] ACPI: LAPIC_NMI (acpi_id[0xff] high level lint[0x1])
[    0.073422] IOAPIC[0]: apic_id 8, version 32, address 0xfec00000, GSI 0-23
[    0.073426] IOAPIC[1]: apic_id 9, version 32, address 0xfec01000, GSI 24-31
[    0.073429] IOAPIC[2]: apic_id 10, version 32, address 0xfec08000, GSI 32-39
[    0.073433] IOAPIC[3]: apic_id 11, version 32, address 0xfec10000, GSI 40-47
[    0.073436] IOAPIC[4]: apic_id 12, version 32, address 0xfec18000, GSI 48-55
[    0.073438] ACPI: INT_SRC_OVR (bus 0 bus_irq 0 global_irq 2 dfl dfl)
[    0.073439] ACPI: INT_SRC_OVR (bus 0 bus_irq 9 global_irq 9 high level)
[    0.073443] ACPI: Using ACPI (MADT) for SMP configuration information
[    0.073444] ACPI: HPET id: 0x8086a701 base: 0xfed00000
[    0.073449] e820: update [mem 0x476c7000-0x47907fff] usable ==> reserved
[    0.073458] TSC deadline timer available
[    0.073459] smpboot: Allowing 28 CPUs, 0 hotplug CPUs
[    0.073476] [mem 0x70000000-0xfdffffff] available for PCI devices
[    0.073477] Booting paravirtualized kernel on bare hardware
[    0.073479] clocksource: refined-jiffies: mask: 0xffffffff max_cycles: 0xffffffff, max_idle_ns: 6370452778343963 ns
[    0.079986] setup_percpu: NR_CPUS:8192 nr_cpumask_bits:28 nr_cpu_ids:28 nr_node_ids:1
[    0.080764] percpu: Embedded 58 pages/cpu sXXX rXXX dXXX uXXX
[    0.080776] pcpu-alloc: sXXX r8192 dXXX uXXX alloc=1*2097152
[    0.080778] pcpu-alloc: [0] 00 01 02 03 04 05 06 07 [0] 08 09 10 11 12 13 14 15 
[    0.080784] pcpu-alloc: [0] 16 17 18 19 20 21 22 23 [0] 24 25 26 27 -- -- -- -- 
[    0.080830] Fallback order for Node 0: 0 
[    0.080833] Built 1 zonelists, mobility grouping on.  Total pages: 16435634
[    0.080834] Policy zone: Normal
[    0.080835] Kernel command line: BOOT_IMAGE=/vmlinuz-6.1.124-hardened1 root=PARTUUID=XXX ro loglevel=3 ibt=off quiet mds=full raid=noautodetect
[    0.080941] Unknown kernel command line parameters "BOOT_IMAGE=/vmlinuz-6.1.124-hardened1", will be passed to user space.
[    0.080948] random: crng init done
[    0.084838] Dentry cache hash table entries: 8388608 (order: 14, 67108864 bytes, linear)
[    0.086805] Inode-cache hash table entries: 4194304 (order: 13, 33554432 bytes, linear)
[    0.086991] mem auto-init: stack:all(pattern), heap alloc:on, heap free:on
[    0.086992] mem auto-init: clearing system memory may take some time...
[    0.086994] software IO TLB: area num 32.
[    0.186473] Memory: 1190056K/66786724K available (26639K kernel code, 4272K rwdata, 12676K rodata, 3972K init, 8520K bss, 1409460K reserved, 0K cma-reserved)
[    0.188072] SLUB: HWalign=64, Order=0-3, MinObjects=0, CPUs=28, Nodes=1
[    0.188073] kmemleak: Kernel memory leak detector disabled
[    0.188083] Kernel/User page tables isolation: enabled
[    0.188115] ftrace: allocating 71464 entries in 280 pages
[    0.198153] ftrace: allocated 280 pages with 3 groups
[    0.199126] Dynamic Preempt: voluntary
[    0.199177] rcu: Preemptible hierarchical RCU implementation.
[    0.199178] rcu: 	RCU restricting CPUs from NR_CPUS=8192 to nr_cpu_ids=28.
[    0.199179] 	Trampoline variant of Tasks RCU enabled.
[    0.199179] 	Rude variant of Tasks RCU enabled.
[    0.199180] 	Tracing variant of Tasks RCU enabled.
[    0.199180] rcu: RCU calculated value of scheduler-enlistment delay is 30 jiffies.
[    0.199181] rcu: Adjusting geometry for rcu_fanout_leaf=16, nr_cpu_ids=28
[    0.203796] NR_IRQS: 524544, nr_irqs: 1192, preallocated irqs: 16
[    0.204005] rcu: 	Offload RCU callbacks from CPUs: 0-27.
[    0.204009] rcu: srcu_init: Setting srcu_struct sizes based on contention.
[    0.204173] Console: colour dummy device 80x25
[    0.204187] printk: console [tty0] enabled
[    0.204211] ACPI: Core revision 20220331
[    0.204464] clocksource: hpet: mask: 0xffffffff max_cycles: 0xffffffff, max_idle_ns: 79635855245 ns
[    0.204530] APIC: Switch to symmetric I/O mode setup
[    0.204808] x2apic: IRQ remapping doesn't support X2APIC mode
[    0.204876] Switched APIC routing to physical flat.
[    0.205996] ..TIMER: vector=0x30 apic1=0 pin1=2 apic2=-1 pin2=-1
[    0.221148] clocksource: tsc-early: mask: 0xffffffffffffffff max_cycles: 0x2caf46e03c8, max_idle_ns: 440795329092 ns
[    0.221151] Calibrating delay loop (skipped), value calculated using timer frequency.. 6202.33 BogoMIPS (lpj=10333330)
[    0.221172] CPU0: Thermal monitoring enabled (TM1)
[    0.221227] process: using mwait in idle threads
[    0.221228] Last level iTLB entries: 4KB 64, 2MB 8, 4MB 8
[    0.221229] Last level dTLB entries: 4KB 64, 2MB 0, 4MB 0, 1GB 4
[    0.221234] Spectre V1 : Mitigation: usercopy/swapgs barriers and __user pointer sanitization
[    0.221235] Spectre V2 : Mitigation: IBRS
[    0.221236] Spectre V2 : Spectre v2 / SpectreRSB mitigation: Filling RSB on context switch
[    0.221237] Spectre V2 : Spectre v2 / SpectreRSB : Filling RSB on VMEXIT
[    0.221237] RETBleed: Mitigation: IBRS
[    0.221238] Spectre V2 : mitigation: Enabling conditional Indirect Branch Prediction Barrier
[    0.221239] Spectre V2 : User space: Mitigation: STIBP via prctl
[    0.221241] Speculative Store Bypass: Mitigation: Speculative Store Bypass disabled via prctl
[    0.221244] MDS: Mitigation: Clear CPU buffers
[    0.221245] TAA: Mitigation: Clear CPU buffers
[    0.221246] MMIO Stale Data: Mitigation: Clear CPU buffers
[    0.221252] GDS: Mitigation: Microcode
[    0.221256] x86/fpu: Supporting XSAVE feature 0x001: 'x87 floating point registers'
[    0.221258] x86/fpu: Supporting XSAVE feature 0x002: 'SSE registers'
[    0.221258] x86/fpu: Supporting XSAVE feature 0x004: 'AVX registers'
[    0.221259] x86/fpu: Supporting XSAVE feature 0x008: 'MPX bounds registers'
[    0.221260] x86/fpu: Supporting XSAVE feature 0x010: 'MPX CSR'
[    0.221261] x86/fpu: Supporting XSAVE feature 0x020: 'AVX-512 opmask'
[    0.221262] x86/fpu: Supporting XSAVE feature 0x040: 'AVX-512 Hi256'
[    0.221262] x86/fpu: Supporting XSAVE feature 0x080: 'AVX-512 ZMM_Hi256'
[    0.221263] x86/fpu: xstate_offset[2]:  576, xstate_sizes[2]:  256
[    0.221265] x86/fpu: xstate_offset[3]:  832, xstate_sizes[3]:   64
[    0.221266] x86/fpu: xstate_offset[4]:  896, xstate_sizes[4]:   64
[    0.221267] x86/fpu: xstate_offset[5]:  960, xstate_sizes[5]:   64
[    0.221268] x86/fpu: xstate_offset[6]: 1024, xstate_sizes[6]:  512
[    0.221269] x86/fpu: xstate_offset[7]: 1536, xstate_sizes[7]: 1024
[    0.221270] x86/fpu: Enabled xstate features 0xff, context size is 2560 bytes, using 'compacted' format.
[    0.245978] Freeing SMP alternatives memory: 68K
[    0.245980] pid_max: default: 32768 minimum: 301
[    0.254522] LSM: Security Framework initializing
[    0.254535] SELinux:  Initializing.
[    0.254557] Stack Depot allocating hash table of 131072 entries with kvcalloc
[    0.254756] Mount-cache hash table entries: 131072 (order: 8, 1048576 bytes, linear)
[    0.254842] Mountpoint-cache hash table entries: 131072 (order: 8, 1048576 bytes, linear)
[    0.255381] smpboot: CPU0: Intel(R) Core(TM) i9-7940X CPU @ 3.10GHz (family: 0x6, model: 0x55, stepping: 0x4)
[    0.255482] cblist_init_generic: Setting adjustable number of callback queues.
[    0.255483] cblist_init_generic: Setting shift to 5 and lim to 1.
[    0.255498] cblist_init_generic: Setting adjustable number of callback queues.
[    0.255499] cblist_init_generic: Setting shift to 5 and lim to 1.
[    0.255509] cblist_init_generic: Setting adjustable number of callback queues.
[    0.255510] cblist_init_generic: Setting shift to 5 and lim to 1.
[    0.255523] Performance Events: PEBS fmt3+, Skylake events, 32-deep LBR, full-width counters, Intel PMU driver.
[    0.255544] ... version:                4
[    0.255545] ... bit width:              48
[    0.255546] ... generic registers:      4
[    0.255546] ... value mask:             0000ffffffffffff
[    0.255547] ... max period:             00007fffffffffff
[    0.255548] ... fixed-purpose events:   3
[    0.255548] ... event mask:             000000070000000f
[    0.255644] signal: max sigframe size: 3216
[    0.255658] Estimated ratio of average max frequency by base frequency (times 1024): 1453
[    0.255672] rcu: Hierarchical SRCU implementation.
[    0.255673] rcu: 	Max phase no-delay instances is 1000.
[    0.257413] NMI watchdog: Enabled. Permanently consumes one hw-PMU counter.
[    0.257611] smp: Bringing up secondary CPUs ...
[    0.257698] x86: Booting SMP configuration:
[    0.257699] .... node  #0, CPUs:        #1
[    0.000350] [Firmware Bug]: TSC ADJUST differs within socket(s), fixing all errors
[    0.261176]   #2  #3  #4  #5  #6  #7  #8  #9 #10 #11 #12 #13 #14
[    0.312261] MDS CPU bug present and SMT on, data leak possible. See https://www.kernel.org/doc/html/latest/admin-guide/hw-vuln/mds.html for more details.
[    0.312261] TAA CPU bug present and SMT on, data leak possible. See https://www.kernel.org/doc/html/latest/admin-guide/hw-vuln/tsx_async_abort.html for more details.
[    0.312261] MMIO Stale Data CPU bug present and SMT on, data leak possible. See https://www.kernel.org/doc/html/latest/admin-guide/hw-vuln/processor_mmio_stale_data.html for more details.
[    0.312261]  #15 #16 #17 #18 #19 #20 #21 #22 #23 #24 #25 #26 #27
[    0.329154] smp: Brought up 1 node, 28 CPUs
[    0.329154] smpboot: Max logical packages: 1
[    0.329154] smpboot: Total of 28 processors activated (173669.27 BogoMIPS)
[    1.996864] node 0 deferred pages initialised in 1664ms
[    1.998707] devtmpfs: initialized
[    1.998707] x86/mm: Memory block size: 2048MB
[    1.998707] clocksource: jiffies: mask: 0xffffffff max_cycles: 0xffffffff, max_idle_ns: 6370867519511994 ns
[    1.998707] futex hash table entries: 8192 (order: 7, 524288 bytes, linear)
[    1.998707] pinctrl core: initialized pinctrl subsystem
[    1.998707] regulator-dummy: no parameters, enabled
[    1.998707] PM: RTC time: 13:44:13, date: 2025-02-21
[    1.998846] NET: Registered PF_NETLINK/PF_ROUTE protocol family
[    1.998975] audit: initializing netlink subsys (disabled)
[    1.998981] audit: type=2000 audit(1740145452.796:1): state=initialized audit_enabled=0 res=1
[    1.998981] i2c-core: driver [dummy] registered
[    1.998981] thermal_sys: Registered thermal governor 'fair_share'
[    1.998981] thermal_sys: Registered thermal governor 'bang_bang'
[    1.998981] thermal_sys: Registered thermal governor 'step_wise'
[    1.998981] thermal_sys: Registered thermal governor 'user_space'
[    1.998981] thermal_sys: Registered thermal governor 'power_allocator'
[    1.998981] cpuidle: using governor ladder
[    1.998981] cpuidle: using governor menu
[    1.998981] Detected 1 PCC Subspaces
[    1.998981] Registering PCC driver as Mailbox controller
[    1.998981] acpiphp: ACPI Hot Plug PCI Controller Driver version: 0.5
[    1.998981] PCI: MMCONFIG for domain 0000 [bus 00-ff] at [mem 0x60000000-0x6fffffff] (base 0x60000000)
[    1.998981] PCI: MMCONFIG at [mem 0x60000000-0x6fffffff] reserved in E820
[    1.998981] pmd_set_huge: Cannot satisfy [mem 0x60000000-0x60200000] with a huge-page mapping due to MTRR override.
[    1.998981] PCI: Using configuration type 1 for base access
[    2.001676] ENERGY_PERF_BIAS: Set to 'normal', was 'performance'
[    2.003399] kprobes: kprobe jump-optimization is enabled. All kprobes are optimized if possible.
[    2.003406] HugeTLB: registered 1.00 GiB page size, pre-allocated 0 pages
[    2.003406] HugeTLB: 16380 KiB vmemmap can be freed for a 1.00 GiB page
[    2.003406] HugeTLB: registered 2.00 MiB page size, pre-allocated 0 pages
[    2.003406] HugeTLB: 28 KiB vmemmap can be freed for a 2.00 MiB page
[    2.004518] cryptd: max_cpu_qlen set to 1000
[    2.004547] raid6: skipped pq benchmark and selected avx512x4
[    2.004547] raid6: using avx512x2 recovery algorithm
[    2.004547] ACPI: Added _OSI(Module Device)
[    2.004547] ACPI: Added _OSI(Processor Device)
[    2.004548] ACPI: Added _OSI(3.0 _SCP Extensions)
[    2.004549] ACPI: Added _OSI(Processor Aggregator Device)
[    2.030280] ACPI: 5 ACPI AML tables successfully acquired and loaded
[    2.034487] ACPI: Dynamic OEM Table Load:
[    2.035609] ACPI: Dynamic OEM Table Load:
[    2.043368] ACPI: Dynamic OEM Table Load:
[    2.091725] ACPI: Interpreter enabled
[    2.091730] ACPI: PM: (supports S0 S5)
[    2.091731] ACPI: Using IOAPIC for interrupt routing
[    2.091754] PCI: Using host bridge windows from ACPI; if necessary, use "pci=nocrs" and report a bug
[    2.091755] PCI: Using E820 reservations for host bridge windows
[    2.092248] ACPI: Enabled 7 GPEs in block 00 to 7F
[    2.111784] ACPI BIOS Error (bug): Could not resolve symbol [\SHAD._STA.SDS0], AE_NOT_FOUND (20220331/psargs-332)
[    2.111789] ACPI Error: Aborting method \SHAD._STA due to previous error (AE_NOT_FOUND) (20220331/psparse-529)
[    2.118747] ACPI: PCI Root Bridge [PC00] (domain 0000 [bus 00-15])
[    2.118752] acpi PNP0A08:00: _OSC: OS supports [ExtendedConfig ASPM ClockPM Segments MSI HPX-Type3]
[    2.118824] acpi PNP0A08:00: _OSC: platform does not support [SHPCHotplug AER LTR]
[    2.118955] acpi PNP0A08:00: _OSC: OS now controls [PCIeHotplug PME PCIeCapability]
[    2.119942] PCI host bridge to bus 0000:00
[    2.119944] pci_bus 0000:00: root bus resource [io  0x0000-0x0cf7 window]
[    2.119946] pci_bus 0000:00: root bus resource [io  0x1000-0x3fff window]
[    2.119947] pci_bus 0000:00: root bus resource [mem 0x000c4000-0x000c7fff window]
[    2.119948] pci_bus 0000:00: root bus resource [mem 0xfe010000-0xfe010fff window]
[    2.119949] pci_bus 0000:00: root bus resource [mem 0x70000000-0x92ffffff window]
[    2.119950] pci_bus 0000:00: root bus resource [mem 0x380000000000-0x383fffffffff window]
[    2.119952] pci_bus 0000:00: root bus resource [bus 00-15]
[    2.119958] pci_bus 0000:00: scanning bus
[    2.119975] pci 0000:00:00.0: [8086:2020] type 00 class 0x060000
[    2.120095] pci 0000:00:04.0: [8086:2021] type 00 class 0x088000
[    2.120108] pci 0000:00:04.0: reg 0x10: [mem 0x92f50000-0x92f53fff 64bit]
[    2.120194] pci 0000:00:04.1: [8086:2021] type 00 class 0x088000
[    2.120207] pci 0000:00:04.1: reg 0x10: [mem 0x92f4c000-0x92f4ffff 64bit]
[    2.120291] pci 0000:00:04.2: [8086:2021] type 00 class 0x088000
[    2.120304] pci 0000:00:04.2: reg 0x10: [mem 0x92f48000-0x92f4bfff 64bit]
[    2.120387] pci 0000:00:04.3: [8086:2021] type 00 class 0x088000
[    2.120400] pci 0000:00:04.3: reg 0x10: [mem 0x92f44000-0x92f47fff 64bit]
[    2.120483] pci 0000:00:04.4: [8086:2021] type 00 class 0x088000
[    2.120495] pci 0000:00:04.4: reg 0x10: [mem 0x92f40000-0x92f43fff 64bit]
[    2.120578] pci 0000:00:04.5: [8086:2021] type 00 class 0x088000
[    2.120591] pci 0000:00:04.5: reg 0x10: [mem 0x92f3c000-0x92f3ffff 64bit]
[    2.120677] pci 0000:00:04.6: [8086:2021] type 00 class 0x088000
[    2.120689] pci 0000:00:04.6: reg 0x10: [mem 0x92f38000-0x92f3bfff 64bit]
[    2.120773] pci 0000:00:04.7: [8086:2021] type 00 class 0x088000
[    2.120785] pci 0000:00:04.7: reg 0x10: [mem 0x92f34000-0x92f37fff 64bit]
[    2.120868] pci 0000:00:05.0: [8086:2024] type 00 class 0x088000
[    2.120953] pci 0000:00:05.2: [8086:2025] type 00 class 0x088000
[    2.121024] pci 0000:00:05.4: [8086:2026] type 00 class 0x080020
[    2.121035] pci 0000:00:05.4: reg 0x10: [mem 0x92f5d000-0x92f5dfff]
[    2.121119] pci 0000:00:08.0: [8086:2014] type 00 class 0x088000
[    2.121193] pci 0000:00:08.1: [8086:2015] type 00 class 0x110100
[    2.121243] pci 0000:00:08.2: [8086:2016] type 00 class 0x088000
[    2.121323] pci 0000:00:14.0: [8086:a2af] type 00 class 0x0c0330
[    2.121345] pci 0000:00:14.0: reg 0x10: [mem 0x92f20000-0x92f2ffff 64bit]
[    2.121416] pci 0000:00:14.0: PME# supported from D3hot D3cold
[    2.121420] pci 0000:00:14.0: PME# disabled
[    2.121638] pci 0000:00:14.2: [8086:a2b1] type 00 class 0x118000
[    2.121660] pci 0000:00:14.2: reg 0x10: [mem 0x92f5c000-0x92f5cfff 64bit]
[    2.121830] pci 0000:00:15.0: [8086:a2e0] type 00 class 0x118000
[    2.121998] pci 0000:00:15.0: reg 0x10: [mem 0x92f5b000-0x92f5bfff 64bit]
[    2.122554] pci 0000:00:15.1: [8086:a2e1] type 00 class 0x118000
[    2.122722] pci 0000:00:15.1: reg 0x10: [mem 0x92f5a000-0x92f5afff 64bit]
[    2.123256] pci 0000:00:16.0: [8086:a2ba] type 00 class 0x078000
[    2.123275] pci 0000:00:16.0: reg 0x10: [mem 0x92f59000-0x92f59fff 64bit]
[    2.123338] pci 0000:00:16.0: PME# supported from D3hot
[    2.123343] pci 0000:00:16.0: PME# disabled
[    2.123423] pci 0000:00:17.0: [8086:a282] type 00 class 0x010601
[    2.123439] pci 0000:00:17.0: reg 0x10: [mem 0x92f54000-0x92f55fff]
[    2.123449] pci 0000:00:17.0: reg 0x14: [mem 0x92f58000-0x92f580ff]
[    2.123459] pci 0000:00:17.0: reg 0x18: [io  0x3050-0x3057]
[    2.123469] pci 0000:00:17.0: reg 0x1c: [io  0x3040-0x3043]
[    2.123479] pci 0000:00:17.0: reg 0x20: [io  0x3020-0x303f]
[    2.123489] pci 0000:00:17.0: reg 0x24: [mem 0x92f57000-0x92f577ff]
[    2.123522] pci 0000:00:17.0: PME# supported from D3hot
[    2.123526] pci 0000:00:17.0: PME# disabled
[    2.123718] pci 0000:00:1b.0: [8086:a2eb] type 01 class 0x060400
[    2.123790] pci 0000:00:1b.0: PME# supported from D0 D3hot D3cold
[    2.123793] pci 0000:00:1b.0: PME# disabled
[    2.124259] pci 0000:00:1c.0: [8086:a290] type 01 class 0x060400
[    2.124331] pci 0000:00:1c.0: PME# supported from D0 D3hot D3cold
[    2.124334] pci 0000:00:1c.0: PME# disabled
[    2.124786] pci 0000:00:1c.5: [8086:a295] type 01 class 0x060400
[    2.124858] pci 0000:00:1c.5: PME# supported from D0 D3hot D3cold
[    2.124861] pci 0000:00:1c.5: PME# disabled
[    2.125299] pci 0000:00:1c.7: [8086:a297] type 01 class 0x060400
[    2.125371] pci 0000:00:1c.7: PME# supported from D0 D3hot D3cold
[    2.125374] pci 0000:00:1c.7: PME# disabled
[    2.125807] pci 0000:00:1d.0: [8086:a298] type 01 class 0x060400
[    2.125879] pci 0000:00:1d.0: PME# supported from D0 D3hot D3cold
[    2.125882] pci 0000:00:1d.0: PME# disabled
[    2.126344] pci 0000:00:1f.0: [8086:a2d2] type 00 class 0x060100
[    2.126611] pci 0000:00:1f.2: [8086:a2a1] type 00 class 0x058000
[    2.126629] pci 0000:00:1f.2: reg 0x10: [mem 0x92f30000-0x92f33fff]
[    2.126859] pci 0000:00:1f.4: [8086:a2a3] type 00 class 0x0c0500
[    2.126915] pci 0000:00:1f.4: reg 0x10: [mem 0x92f56000-0x92f560ff 64bit]
[    2.126985] pci 0000:00:1f.4: reg 0x20: [io  0x3000-0x301f]
[    2.127119] pci 0000:00:1f.6: [8086:15b8] type 00 class 0x020000
[    2.127142] pci 0000:00:1f.6: reg 0x10: [mem 0x92f00000-0x92f1ffff]
[    2.127259] pci 0000:00:1f.6: PME# supported from D0 D3hot D3cold
[    2.127263] pci 0000:00:1f.6: PME# disabled
[    2.127417] pci_bus 0000:00: fixups for bus
[    2.127419] pci 0000:00:1b.0: scanning [bus 01-01] behind bridge, pass 0
[    2.127449] pci_bus 0000:01: scanning bus
[    2.127462] pci 0000:01:00.0: [c0a9:540a] type 00 class 0x010802
[    2.127488] pci 0000:01:00.0: reg 0x10: [mem 0x92e00000-0x92e03fff 64bit]
[    2.127549] pci 0000:01:00.0: enabling Extended Tags
[    2.127722] pci_bus 0000:01: fixups for bus
[    2.127723] pci 0000:00:1b.0: PCI bridge to [bus 01]
[    2.127727] pci 0000:00:1b.0:   bridge window [mem 0x92e00000-0x92efffff]
[    2.127730] pci_bus 0000:01: bus scan returning with max=01
[    2.127734] pci 0000:00:1c.0: scanning [bus 02-02] behind bridge, pass 0
[    2.127763] pci_bus 0000:02: scanning bus
[    2.127779] pci 0000:02:00.0: [1b21:2142] type 00 class 0x0c0330
[    2.127805] pci 0000:02:00.0: reg 0x10: [mem 0x92d00000-0x92d07fff 64bit]
[    2.127869] pci 0000:02:00.0: enabling Extended Tags
[    2.127929] pci 0000:02:00.0: PME# supported from D0 D3hot D3cold
[    2.127934] pci 0000:02:00.0: PME# disabled
[    2.128045] pci_bus 0000:02: fixups for bus
[    2.128046] pci 0000:00:1c.0: PCI bridge to [bus 02]
[    2.128049] pci 0000:00:1c.0:   bridge window [mem 0x92d00000-0x92dfffff]
[    2.128052] pci_bus 0000:02: bus scan returning with max=02
[    2.128055] pci 0000:00:1c.5: scanning [bus 03-03] behind bridge, pass 0
[    2.128083] pci_bus 0000:03: scanning bus
[    2.128100] pci 0000:03:00.0: [1969:e0b1] type 00 class 0x020000
[    2.128126] pci 0000:03:00.0: reg 0x10: [mem 0x92c00000-0x92c3ffff 64bit]
[    2.128135] pci 0000:03:00.0: reg 0x18: [io  0x2000-0x207f]
[    2.128182] pci 0000:03:00.0: [Firmware Bug]: disabling VPD access (can't determine size of non-standard VPD format)
[    2.128232] pci 0000:03:00.0: PME# supported from D0 D1 D2 D3hot D3cold
[    2.128237] pci 0000:03:00.0: PME# disabled
[    2.128329] pci_bus 0000:03: fixups for bus
[    2.128330] pci 0000:00:1c.5: PCI bridge to [bus 03]
[    2.128332] pci 0000:00:1c.5:   bridge window [io  0x2000-0x2fff]
[    2.128334] pci 0000:00:1c.5:   bridge window [mem 0x92c00000-0x92cfffff]
[    2.128337] pci_bus 0000:03: bus scan returning with max=03
[    2.128340] pci 0000:00:1c.7: scanning [bus 04-04] behind bridge, pass 0
[    2.128368] pci_bus 0000:04: scanning bus
[    2.128388] pci 0000:04:00.0: [1b21:1142] type 00 class 0x0c0330
[    2.128420] pci 0000:04:00.0: reg 0x10: [mem 0x92b00000-0x92b07fff 64bit]
[    2.128553] pci 0000:04:00.0: PME# supported from D3cold
[    2.128557] pci 0000:04:00.0: PME# disabled
[    2.128641] pci_bus 0000:04: fixups for bus
[    2.128642] pci 0000:00:1c.7: PCI bridge to [bus 04]
[    2.128645] pci 0000:00:1c.7:   bridge window [mem 0x92b00000-0x92bfffff]
[    2.128648] pci_bus 0000:04: bus scan returning with max=04
[    2.128652] pci 0000:00:1d.0: scanning [bus 05-05] behind bridge, pass 0
[    2.128680] pci_bus 0000:05: scanning bus
[    2.128701] pci 0000:05:00.0: [1344:5416] type 00 class 0x010802
[    2.128740] pci 0000:05:00.0: reg 0x10: [mem 0x92a00000-0x92a03fff 64bit]
[    2.128832] pci 0000:05:00.0: enabling Extended Tags
[    2.129179] pci_bus 0000:05: fixups for bus
[    2.129180] pci 0000:00:1d.0: PCI bridge to [bus 05]
[    2.129183] pci 0000:00:1d.0:   bridge window [mem 0x92a00000-0x92afffff]
[    2.129186] pci_bus 0000:05: bus scan returning with max=05
[    2.129189] pci 0000:00:1b.0: scanning [bus 01-01] behind bridge, pass 1
[    2.129195] pci 0000:00:1c.0: scanning [bus 02-02] behind bridge, pass 1
[    2.129201] pci 0000:00:1c.5: scanning [bus 03-03] behind bridge, pass 1
[    2.129207] pci 0000:00:1c.7: scanning [bus 04-04] behind bridge, pass 1
[    2.129212] pci 0000:00:1d.0: scanning [bus 05-05] behind bridge, pass 1
[    2.129218] pci_bus 0000:00: bus scan returning with max=05
[    2.129218] pci_bus 0000:00: on NUMA node 0
[    2.129984] ACPI: PCI Root Bridge [PC01] (domain 0000 [bus 16-63])
[    2.129987] acpi PNP0A08:01: _OSC: OS supports [ExtendedConfig ASPM ClockPM Segments MSI HPX-Type3]
[    2.130303] acpi PNP0A08:01: _OSC: platform does not support [SHPCHotplug AER LTR]
[    2.130561] acpi PNP0A08:01: _OSC: OS now controls [PCIeHotplug PME PCIeCapability]
[    2.130630] pci_bus 0000:16: dev 00, created physical slot 8191
[    2.130648] pci_bus 0000:16: dev 01, created physical slot 8191-1
[    2.130664] pci_bus 0000:16: dev 02, created physical slot 0
[    2.130680] pci_bus 0000:16: dev 03, created physical slot 8191-2
[    2.130779] PCI host bridge to bus 0000:16
[    2.130780] pci_bus 0000:16: root bus resource [io  0x4000-0x7fff window]
[    2.130781] pci_bus 0000:16: root bus resource [mem 0x93000000-0xb5ffffff window]
[    2.130782] pci_bus 0000:16: root bus resource [mem 0x384000000000-0x387fffffffff window]
[    2.130783] pci_bus 0000:16: root bus resource [bus 16-63]
[    2.130787] pci_bus 0000:16: scanning bus
[    2.130799] pci 0000:16:02.0: [8086:2032] type 01 class 0x060400
[    2.130831] pci 0000:16:02.0: enabling Extended Tags
[    2.130858] pci 0000:16:02.0: PME# supported from D0 D3hot D3cold
[    2.130861] pci 0000:16:02.0: PME# disabled
[    2.130940] pci 0000:16:05.0: [8086:2034] type 00 class 0x088000
[    2.131010] pci 0000:16:05.2: [8086:2035] type 00 class 0x088000
[    2.131078] pci 0000:16:05.4: [8086:2036] type 00 class 0x080020
[    2.131090] pci 0000:16:05.4: reg 0x10: [mem 0xb5f00000-0xb5f00fff]
[    2.131177] pci 0000:16:08.0: [8086:208d] type 00 class 0x088000
[    2.131240] pci 0000:16:08.1: [8086:208d] type 00 class 0x088000
[    2.131287] pci 0000:16:08.2: [8086:208d] type 00 class 0x088000
[    2.131333] pci 0000:16:08.3: [8086:208d] type 00 class 0x088000
[    2.131381] pci 0000:16:08.4: [8086:208d] type 00 class 0x088000
[    2.131427] pci 0000:16:08.5: [8086:208d] type 00 class 0x088000
[    2.131472] pci 0000:16:08.6: [8086:208d] type 00 class 0x088000
[    2.131517] pci 0000:16:08.7: [8086:208d] type 00 class 0x088000
[    2.131567] pci 0000:16:09.0: [8086:208d] type 00 class 0x088000
[    2.131630] pci 0000:16:09.1: [8086:208d] type 00 class 0x088000
[    2.131675] pci 0000:16:09.2: [8086:208d] type 00 class 0x088000
[    2.131721] pci 0000:16:09.3: [8086:208d] type 00 class 0x088000
[    2.131766] pci 0000:16:09.4: [8086:208d] type 00 class 0x088000
[    2.131812] pci 0000:16:09.5: [8086:208d] type 00 class 0x088000
[    2.131858] pci 0000:16:09.6: [8086:208d] type 00 class 0x088000
[    2.131903] pci 0000:16:09.7: [8086:208d] type 00 class 0x088000
[    2.131952] pci 0000:16:0a.0: [8086:208d] type 00 class 0x088000
[    2.132014] pci 0000:16:0a.1: [8086:208d] type 00 class 0x088000
[    2.132063] pci 0000:16:0e.0: [8086:208e] type 00 class 0x088000
[    2.132124] pci 0000:16:0e.1: [8086:208e] type 00 class 0x088000
[    2.132170] pci 0000:16:0e.2: [8086:208e] type 00 class 0x088000
[    2.132216] pci 0000:16:0e.3: [8086:208e] type 00 class 0x088000
[    2.132261] pci 0000:16:0e.4: [8086:208e] type 00 class 0x088000
[    2.132306] pci 0000:16:0e.5: [8086:208e] type 00 class 0x088000
[    2.132354] pci 0000:16:0e.6: [8086:208e] type 00 class 0x088000
[    2.132400] pci 0000:16:0e.7: [8086:208e] type 00 class 0x088000
[    2.132446] pci 0000:16:0f.0: [8086:208e] type 00 class 0x088000
[    2.132508] pci 0000:16:0f.1: [8086:208e] type 00 class 0x088000
[    2.132553] pci 0000:16:0f.2: [8086:208e] type 00 class 0x088000
[    2.132599] pci 0000:16:0f.3: [8086:208e] type 00 class 0x088000
[    2.132644] pci 0000:16:0f.4: [8086:208e] type 00 class 0x088000
[    2.132690] pci 0000:16:0f.5: [8086:208e] type 00 class 0x088000
[    2.132738] pci 0000:16:0f.6: [8086:208e] type 00 class 0x088000
[    2.132784] pci 0000:16:0f.7: [8086:208e] type 00 class 0x088000
[    2.132830] pci 0000:16:10.0: [8086:208e] type 00 class 0x088000
[    2.132892] pci 0000:16:10.1: [8086:208e] type 00 class 0x088000
[    2.132946] pci 0000:16:1d.0: [8086:2054] type 00 class 0x088000
[    2.133010] pci 0000:16:1d.1: [8086:2055] type 00 class 0x088000
[    2.133057] pci 0000:16:1d.2: [8086:2056] type 00 class 0x088000
[    2.133102] pci 0000:16:1d.3: [8086:2057] type 00 class 0x088000
[    2.133153] pci 0000:16:1e.0: [8086:2080] type 00 class 0x088000
[    2.133216] pci 0000:16:1e.1: [8086:2081] type 00 class 0x088000
[    2.133262] pci 0000:16:1e.2: [8086:2082] type 00 class 0x088000
[    2.133309] pci 0000:16:1e.3: [8086:2083] type 00 class 0x088000
[    2.133355] pci 0000:16:1e.4: [8086:2084] type 00 class 0x088000
[    2.133401] pci 0000:16:1e.5: [8086:2085] type 00 class 0x088000
[    2.133447] pci 0000:16:1e.6: [8086:2086] type 00 class 0x088000
[    2.133492] pci_bus 0000:16: fixups for bus
[    2.133494] pci 0000:16:02.0: scanning [bus 17-17] behind bridge, pass 0
[    2.133527] pci_bus 0000:17: scanning bus
[    2.133541] pci 0000:17:00.0: [8086:1528] type 00 class 0x020000
[    2.133561] pci 0000:17:00.0: reg 0x10: [mem 0xb5a00000-0xb5bfffff 64bit pref]
[    2.133594] pci 0000:17:00.0: reg 0x20: [mem 0xb5c04000-0xb5c07fff 64bit pref]
[    2.133603] pci 0000:17:00.0: reg 0x30: [mem 0xb5e80000-0xb5efffff pref]
[    2.133654] pci 0000:17:00.0: PME# supported from D0 D3hot
[    2.133658] pci 0000:17:00.0: PME# disabled
[    2.133680] pci 0000:17:00.0: reg 0x184: [mem 0x00000000-0x00003fff 64bit]
[    2.133681] pci 0000:17:00.0: VF(n) BAR0 space: [mem 0x00000000-0x000fffff 64bit] (contains BAR0 for 64 VFs)
[    2.133697] pci 0000:17:00.0: reg 0x190: [mem 0x00000000-0x00003fff 64bit]
[    2.133698] pci 0000:17:00.0: VF(n) BAR3 space: [mem 0x00000000-0x000fffff 64bit] (contains BAR3 for 64 VFs)
[    2.133905] pci 0000:17:00.1: [8086:1528] type 00 class 0x020000
[    2.133925] pci 0000:17:00.1: reg 0x10: [mem 0xb5800000-0xb59fffff 64bit pref]
[    2.133958] pci 0000:17:00.1: reg 0x20: [mem 0xb5c00000-0xb5c03fff 64bit pref]
[    2.133967] pci 0000:17:00.1: reg 0x30: [mem 0xb5e00000-0xb5e7ffff pref]
[    2.134017] pci 0000:17:00.1: PME# supported from D0 D3hot
[    2.134021] pci 0000:17:00.1: PME# disabled
[    2.134039] pci 0000:17:00.1: reg 0x184: [mem 0x00000000-0x00003fff 64bit]
[    2.134040] pci 0000:17:00.1: VF(n) BAR0 space: [mem 0x00000000-0x000fffff 64bit] (contains BAR0 for 64 VFs)
[    2.134056] pci 0000:17:00.1: reg 0x190: [mem 0x00000000-0x00003fff 64bit]
[    2.134057] pci 0000:17:00.1: VF(n) BAR3 space: [mem 0x00000000-0x000fffff 64bit] (contains BAR3 for 64 VFs)
[    2.134233] pci 0000:16:02.0: ASPM: current common clock configuration is inconsistent, reconfiguring
[    2.144492] pci_bus 0000:17: fixups for bus
[    2.144494] pci 0000:16:02.0: PCI bridge to [bus 17]
[    2.144496] pci 0000:16:02.0:   bridge window [mem 0xb5e00000-0xb5efffff]
[    2.144499] pci 0000:16:02.0:   bridge window [mem 0xb5800000-0xb5cfffff 64bit pref]
[    2.144500] pci_bus 0000:17: bus scan returning with max=17
[    2.144503] pci 0000:16:02.0: scanning [bus 17-17] behind bridge, pass 1
[    2.144510] pci_bus 0000:16: bus scan returning with max=17
[    2.144511] pci_bus 0000:16: on NUMA node 0
[    2.144620] ACPI: PCI Root Bridge [PC02] (domain 0000 [bus 64-b1])
[    2.144622] acpi PNP0A08:02: _OSC: OS supports [ExtendedConfig ASPM ClockPM Segments MSI HPX-Type3]
[    2.144928] acpi PNP0A08:02: _OSC: platform does not support [SHPCHotplug AER LTR]
[    2.145174] acpi PNP0A08:02: _OSC: OS now controls [PCIeHotplug PME PCIeCapability]
[    2.145232] pci_bus 0000:64: dev 00, created physical slot 6
[    2.145249] pci_bus 0000:64: dev 01, created physical slot 8191-3
[    2.145266] pci_bus 0000:64: dev 02, created physical slot 8191-4
[    2.145282] pci_bus 0000:64: dev 03, created physical slot 8191-5
[    2.145344] PCI host bridge to bus 0000:64
[    2.145345] pci_bus 0000:64: root bus resource [mem 0x000a0000-0x000bffff window]
[    2.145346] pci_bus 0000:64: root bus resource [io  0x8000-0xbfff window]
[    2.145347] pci_bus 0000:64: root bus resource [io  0x03b0-0x03bb window]
[    2.145348] pci_bus 0000:64: root bus resource [io  0x03c0-0x03df window]
[    2.145349] pci_bus 0000:64: root bus resource [mem 0xb6000000-0xd8ffffff window]
[    2.145350] pci_bus 0000:64: root bus resource [mem 0x388000000000-0x38bfffffffff window]
[    2.145351] pci_bus 0000:64: root bus resource [bus 64-b1]
[    2.145354] pci_bus 0000:64: scanning bus
[    2.145366] pci 0000:64:00.0: [8086:2030] type 01 class 0x060400
[    2.145397] pci 0000:64:00.0: enabling Extended Tags
[    2.145424] pci 0000:64:00.0: PME# supported from D0 D3hot D3cold
[    2.145427] pci 0000:64:00.0: PME# disabled
[    2.145507] pci 0000:64:05.0: [8086:2034] type 00 class 0x088000
[    2.145576] pci 0000:64:05.2: [8086:2035] type 00 class 0x088000
[    2.145645] pci 0000:64:05.4: [8086:2036] type 00 class 0x080020
[    2.145656] pci 0000:64:05.4: reg 0x10: [mem 0xd8100000-0xd8100fff]
[    2.145735] pci 0000:64:08.0: [8086:2066] type 00 class 0x088000
[    2.145811] pci 0000:64:09.0: [8086:2066] type 00 class 0x088000
[    2.145884] pci 0000:64:0a.0: [8086:2040] type 00 class 0x088000
[    2.145960] pci 0000:64:0a.1: [8086:2041] type 00 class 0x088000
[    2.146017] pci 0000:64:0a.2: [8086:2042] type 00 class 0x088000
[    2.146074] pci 0000:64:0a.3: [8086:2043] type 00 class 0x088000
[    2.146130] pci 0000:64:0a.4: [8086:2044] type 00 class 0x088000
[    2.146188] pci 0000:64:0a.5: [8086:2045] type 00 class 0x088000
[    2.146244] pci 0000:64:0a.6: [8086:2046] type 00 class 0x088000
[    2.146301] pci 0000:64:0a.7: [8086:2047] type 00 class 0x088000
[    2.146357] pci 0000:64:0b.0: [8086:2048] type 00 class 0x088000
[    2.146432] pci 0000:64:0b.1: [8086:2049] type 00 class 0x088000
[    2.146488] pci 0000:64:0b.2: [8086:204a] type 00 class 0x088000
[    2.146544] pci 0000:64:0b.3: [8086:204b] type 00 class 0x088000
[    2.146603] pci 0000:64:0c.0: [8086:2040] type 00 class 0x088000
[    2.146675] pci 0000:64:0c.1: [8086:2041] type 00 class 0x088000
[    2.146732] pci 0000:64:0c.2: [8086:2042] type 00 class 0x088000
[    2.146789] pci 0000:64:0c.3: [8086:2043] type 00 class 0x088000
[    2.146846] pci 0000:64:0c.4: [8086:2044] type 00 class 0x088000
[    2.146905] pci 0000:64:0c.5: [8086:2045] type 00 class 0x088000
[    2.146962] pci 0000:64:0c.6: [8086:2046] type 00 class 0x088000
[    2.147018] pci 0000:64:0c.7: [8086:2047] type 00 class 0x088000
[    2.147075] pci 0000:64:0d.0: [8086:2048] type 00 class 0x088000
[    2.147148] pci 0000:64:0d.1: [8086:2049] type 00 class 0x088000
[    2.147205] pci 0000:64:0d.2: [8086:204a] type 00 class 0x088000
[    2.147262] pci 0000:64:0d.3: [8086:204b] type 00 class 0x088000
[    2.147325] pci_bus 0000:64: fixups for bus
[    2.147326] pci 0000:64:00.0: scanning [bus 65-65] behind bridge, pass 0
[    2.147357] pci_bus 0000:65: scanning bus
[    2.147367] pci 0000:65:00.0: [10de:0fc8] type 00 class 0x030000
[    2.147383] pci 0000:65:00.0: reg 0x10: [mem 0xd7000000-0xd7ffffff]
[    2.147397] pci 0000:65:00.0: reg 0x14: [mem 0xc0000000-0xcfffffff 64bit pref]
[    2.147412] pci 0000:65:00.0: reg 0x1c: [mem 0xd0000000-0xd1ffffff 64bit pref]
[    2.147421] pci 0000:65:00.0: reg 0x24: [io  0xb000-0xb07f]
[    2.147431] pci 0000:65:00.0: reg 0x30: [mem 0xd8000000-0xd807ffff pref]
[    2.147435] pci 0000:65:00.0: enabling Extended Tags
[    2.147454] pci 0000:65:00.0: BAR 3: assigned to efifb
[    2.147458] pci 0000:65:00.0: Video device with shadowed ROM at [mem 0x000c0000-0x000dffff]
[    2.147515] pci 0000:65:00.0: 32.000 Gb/s available PCIe bandwidth, limited by 2.5 GT/s PCIe x16 link at 0000:64:00.0 (capable of 126.016 Gb/s with 8.0 GT/s PCIe x16 link)
[    2.147583] pci 0000:65:00.1: [10de:0e1b] type 00 class 0x040300
[    2.147599] pci 0000:65:00.1: reg 0x10: [mem 0xd8080000-0xd8083fff]
[    2.147655] pci 0000:65:00.1: enabling Extended Tags
[    2.147728] pci 0000:64:00.0: ASPM: current common clock configuration is inconsistent, reconfiguring
[    2.157828] pci_bus 0000:65: fixups for bus
[    2.157829] pci 0000:64:00.0: PCI bridge to [bus 65]
[    2.157831] pci 0000:64:00.0:   bridge window [io  0xb000-0xbfff]
[    2.157832] pci 0000:64:00.0:   bridge window [mem 0xd7000000-0xd80fffff]
[    2.157835] pci 0000:64:00.0:   bridge window [mem 0xc0000000-0xd1ffffff 64bit pref]
[    2.157836] pci_bus 0000:65: bus scan returning with max=65
[    2.157839] pci 0000:64:00.0: scanning [bus 65-65] behind bridge, pass 1
[    2.157846] pci_bus 0000:64: bus scan returning with max=65
[    2.157846] pci_bus 0000:64: on NUMA node 0
[    2.157940] ACPI: PCI Root Bridge [PC03] (domain 0000 [bus b2-ff])
[    2.157943] acpi PNP0A08:03: _OSC: OS supports [ExtendedConfig ASPM ClockPM Segments MSI HPX-Type3]
[    2.158251] acpi PNP0A08:03: _OSC: platform does not support [SHPCHotplug AER LTR]
[    2.158505] acpi PNP0A08:03: _OSC: OS now controls [PCIeHotplug PME PCIeCapability]
[    2.158581] pci_bus 0000:b2: dev 00, created physical slot 8191-6
[    2.158599] pci_bus 0000:b2: dev 01, created physical slot 8191-7
[    2.158617] pci_bus 0000:b2: dev 02, created physical slot 8191-8
[    2.158635] pci_bus 0000:b2: dev 03, created physical slot 0-1
[    2.158690] PCI host bridge to bus 0000:b2
[    2.158690] pci_bus 0000:b2: root bus resource [io  0xc000-0xffff window]
[    2.158692] pci_bus 0000:b2: root bus resource [mem 0xd9000000-0xfbffffff window]
[    2.158693] pci_bus 0000:b2: root bus resource [mem 0x38c000000000-0x38ffffffffff window]
[    2.158694] pci_bus 0000:b2: root bus resource [bus b2-ff]
[    2.158697] pci_bus 0000:b2: scanning bus
[    2.158709] pci 0000:b2:03.0: [8086:2033] type 01 class 0x060400
[    2.158741] pci 0000:b2:03.0: enabling Extended Tags
[    2.158769] pci 0000:b2:03.0: PME# supported from D0 D3hot D3cold
[    2.158772] pci 0000:b2:03.0: PME# disabled
[    2.158853] pci 0000:b2:05.0: [8086:2034] type 00 class 0x088000
[    2.158923] pci 0000:b2:05.2: [8086:2035] type 00 class 0x088000
[    2.158993] pci 0000:b2:05.4: [8086:2036] type 00 class 0x080020
[    2.159004] pci 0000:b2:05.4: reg 0x10: [mem 0xfbf00000-0xfbf00fff]
[    2.159087] pci 0000:b2:12.0: [8086:204c] type 00 class 0x110100
[    2.159161] pci 0000:b2:12.1: [8086:204d] type 00 class 0x110100
[    2.159207] pci 0000:b2:12.2: [8086:204e] type 00 class 0x088000
[    2.159258] pci 0000:b2:15.0: [8086:2018] type 00 class 0x088000
[    2.159323] pci 0000:b2:16.0: [8086:2018] type 00 class 0x088000
[    2.159389] pci 0000:b2:16.4: [8086:2018] type 00 class 0x088000
[    2.159436] pci 0000:b2:17.0: [8086:2018] type 00 class 0x088000
[    2.159499] pci_bus 0000:b2: fixups for bus
[    2.159500] pci 0000:b2:03.0: scanning [bus b3-b3] behind bridge, pass 0
[    2.159533] pci_bus 0000:b3: scanning bus
[    2.159552] pci 0000:b3:00.0: [1344:5416] type 00 class 0x010802
[    2.159586] pci 0000:b3:00.0: reg 0x10: [mem 0xfbe00000-0xfbe03fff 64bit]
[    2.159668] pci 0000:b3:00.0: enabling Extended Tags
[    2.159978] pci_bus 0000:b3: fixups for bus
[    2.159979] pci 0000:b2:03.0: PCI bridge to [bus b3]
[    2.159981] pci 0000:b2:03.0:   bridge window [mem 0xfbe00000-0xfbefffff]
[    2.159984] pci_bus 0000:b3: bus scan returning with max=b3
[    2.159987] pci 0000:b2:03.0: scanning [bus b3-b3] behind bridge, pass 1
[    2.159993] pci_bus 0000:b2: bus scan returning with max=b3
[    2.159994] pci_bus 0000:b2: on NUMA node 0
[    2.160149] ACPI: PCI: Interrupt link LNKA configured for IRQ 11
[    2.160198] ACPI: PCI: Interrupt link LNKB configured for IRQ 10
[    2.160246] ACPI: PCI: Interrupt link LNKC configured for IRQ 11
[    2.160294] ACPI: PCI: Interrupt link LNKD configured for IRQ 11
[    2.160342] ACPI: PCI: Interrupt link LNKE configured for IRQ 11
[    2.160390] ACPI: PCI: Interrupt link LNKF configured for IRQ 11
[    2.160440] ACPI: PCI: Interrupt link LNKG configured for IRQ 11
[    2.160488] ACPI: PCI: Interrupt link LNKH configured for IRQ 11
[    2.160546] ACPI BIOS Error (bug): Could not resolve symbol [\SHAD._STA.SDS0], AE_NOT_FOUND (20220331/psargs-332)
[    2.160551] ACPI Error: Aborting method \SHAD._STA due to previous error (AE_NOT_FOUND) (20220331/psparse-529)
[    2.160643] i2c-core: driver [isl6271a] registered
[    2.161157] iommu: Default domain type: Translated 
[    2.161157] iommu: DMA domain TLB invalidation policy: lazy mode 
[    2.161254] SCSI subsystem initialized
[    2.161261] libata version 3.00 loaded.
[    2.161274] ACPI: bus type USB registered
[    2.161285] usbcore: registered new interface driver usbfs
[    2.161292] usbcore: registered new interface driver hub
[    2.161299] usbcore: registered new device driver usb
[    2.161319] pps_core: LinuxPPS API ver. 1 registered
[    2.161320] pps_core: Software ver. 5.3.6 - Copyright 2005-2007 Rodolfo Giometti <giometti@linux.it>
[    2.161322] PTP clock support registered
[    2.161341] Registered efivars operations
[    2.161341] Advanced Linux Sound Architecture Driver Initialized.
[    2.161341] NetLabel: Initializing
[    2.161341] NetLabel:  domain hash size = 128
[    2.161341] NetLabel:  protocols = UNLABELED CIPSOv4 CALIPSO
[    2.161341] NetLabel:  unlabeled traffic allowed by default
[    2.161341] mctp: management component transport protocol core
[    2.161341] NET: Registered PF_MCTP protocol family
[    2.161341] PCI: Using ACPI for IRQ routing
[    2.164830] PCI: pci_cache_line_size set to 64 bytes
[    2.164838] pci 0000:00:05.4: BAR 0: reserving [mem 0x92f5d000-0x92f5dfff flags 0x40200] (d=0, p=0)
[    2.164842] pci 0000:00:14.0: BAR 0: reserving [mem 0x92f20000-0x92f2ffff flags 0x140204] (d=0, p=0)
[    2.164845] pci 0000:00:14.2: BAR 0: reserving [mem 0x92f5c000-0x92f5cfff flags 0x140204] (d=0, p=0)
[    2.164861] pci 0000:00:17.0: BAR 0: reserving [mem 0x92f54000-0x92f55fff flags 0x40200] (d=0, p=0)
[    2.164862] pci 0000:00:17.0: BAR 1: reserving [mem 0x92f58000-0x92f580ff flags 0x40200] (d=0, p=0)
[    2.164864] pci 0000:00:17.0: BAR 2: reserving [io  0x3050-0x3057 flags 0x40101] (d=0, p=0)
[    2.164865] pci 0000:00:17.0: BAR 3: reserving [io  0x3040-0x3043 flags 0x40101] (d=0, p=0)
[    2.164866] pci 0000:00:17.0: BAR 4: reserving [io  0x3020-0x303f flags 0x40101] (d=0, p=0)
[    2.164868] pci 0000:00:17.0: BAR 5: reserving [mem 0x92f57000-0x92f577ff flags 0x40200] (d=0, p=0)
[    2.164871] pci 0000:01:00.0: BAR 0: reserving [mem 0x92e00000-0x92e03fff flags 0x140204] (d=0, p=0)
[    2.164873] pci 0000:02:00.0: BAR 0: reserving [mem 0x92d00000-0x92d07fff flags 0x140204] (d=0, p=0)
[    2.164879] pci 0000:04:00.0: BAR 0: reserving [mem 0x92b00000-0x92b07fff flags 0x140204] (d=0, p=0)
[    2.164882] pci 0000:05:00.0: BAR 0: reserving [mem 0x92a00000-0x92a03fff flags 0x140204] (d=0, p=0)
[    2.164886] pci 0000:00:1f.2: BAR 0: reserving [mem 0x92f30000-0x92f33fff flags 0x40200] (d=0, p=0)
[    2.164889] pci 0000:00:1f.4: BAR 0: reserving [mem 0x92f56000-0x92f560ff flags 0x140204] (d=0, p=0)
[    2.164891] pci 0000:00:1f.4: BAR 4: reserving [io  0x3000-0x301f flags 0x40101] (d=0, p=0)
[    2.164893] pci 0000:00:1f.6: BAR 0: reserving [mem 0x92f00000-0x92f1ffff flags 0x40200] (d=0, p=0)
[    2.164896] pci 0000:17:00.0: BAR 0: reserving [mem 0xb5a00000-0xb5bfffff flags 0x14220c] (d=0, p=0)
[    2.164897] pci 0000:17:00.0: BAR 4: reserving [mem 0xb5c04000-0xb5c07fff flags 0x14220c] (d=0, p=0)
[    2.164899] pci 0000:17:00.1: BAR 0: reserving [mem 0xb5800000-0xb59fffff flags 0x14220c] (d=0, p=0)
[    2.164900] pci 0000:17:00.1: BAR 4: reserving [mem 0xb5c00000-0xb5c03fff flags 0x14220c] (d=0, p=0)
[    2.164903] pci 0000:16:05.4: BAR 0: reserving [mem 0xb5f00000-0xb5f00fff flags 0x40200] (d=0, p=0)
[    2.164919] pci 0000:65:00.0: BAR 0: reserving [mem 0xd7000000-0xd7ffffff flags 0x40200] (d=0, p=0)
[    2.164921] pci 0000:65:00.0: BAR 1: reserving [mem 0xc0000000-0xcfffffff flags 0x14220c] (d=0, p=0)
[    2.164922] pci 0000:65:00.0: BAR 3: reserving [mem 0xd0000000-0xd1ffffff flags 0x14220c] (d=0, p=0)
[    2.164923] pci 0000:65:00.0: BAR 5: reserving [io  0xb000-0xb07f flags 0x40101] (d=0, p=0)
[    2.164925] pci 0000:65:00.1: BAR 0: reserving [mem 0xd8080000-0xd8083fff flags 0x40200] (d=0, p=0)
[    2.164928] pci 0000:64:05.4: BAR 0: reserving [mem 0xd8100000-0xd8100fff flags 0x40200] (d=0, p=0)
[    2.164938] pci 0000:b3:00.0: BAR 0: reserving [mem 0xfbe00000-0xfbe03fff flags 0x140204] (d=0, p=0)
[    2.164940] pci 0000:b2:05.4: BAR 0: reserving [mem 0xfbf00000-0xfbf00fff flags 0x40200] (d=0, p=0)
[    2.164945] pci 0000:00:04.0: BAR 0: reserving [mem 0x92f50000-0x92f53fff flags 0x140204] (d=1, p=1)
[    2.164947] pci 0000:00:04.1: BAR 0: reserving [mem 0x92f4c000-0x92f4ffff flags 0x140204] (d=1, p=1)
[    2.164948] pci 0000:00:04.2: BAR 0: reserving [mem 0x92f48000-0x92f4bfff flags 0x140204] (d=1, p=1)
[    2.164950] pci 0000:00:04.3: BAR 0: reserving [mem 0x92f44000-0x92f47fff flags 0x140204] (d=1, p=1)
[    2.164951] pci 0000:00:04.4: BAR 0: reserving [mem 0x92f40000-0x92f43fff flags 0x140204] (d=1, p=1)
[    2.164953] pci 0000:00:04.5: BAR 0: reserving [mem 0x92f3c000-0x92f3ffff flags 0x140204] (d=1, p=1)
[    2.164955] pci 0000:00:04.6: BAR 0: reserving [mem 0x92f38000-0x92f3bfff flags 0x140204] (d=1, p=1)
[    2.164956] pci 0000:00:04.7: BAR 0: reserving [mem 0x92f34000-0x92f37fff flags 0x140204] (d=1, p=1)
[    2.164971] pci 0000:00:15.0: BAR 0: reserving [mem 0x92f5b000-0x92f5bfff flags 0x140204] (d=1, p=1)
[    2.164985] pci 0000:00:15.1: BAR 0: reserving [mem 0x92f5a000-0x92f5afff flags 0x140204] (d=1, p=1)
[    2.164989] pci 0000:00:16.0: BAR 0: reserving [mem 0x92f59000-0x92f59fff flags 0x140204] (d=1, p=1)
[    2.164995] pci 0000:03:00.0: BAR 0: reserving [mem 0x92c00000-0x92c3ffff flags 0x140204] (d=1, p=1)
[    2.164997] pci 0000:03:00.0: BAR 2: reserving [io  0x2000-0x207f flags 0x40101] (d=1, p=1)
[    2.165033] e820: reserve RAM buffer [mem 0x45ac6000-0x47ffffff]
[    2.165034] e820: reserve RAM buffer [mem 0x476c7000-0x47ffffff]
[    2.165035] e820: reserve RAM buffer [mem 0x49d79000-0x4bffffff]
[    2.165036] e820: reserve RAM buffer [mem 0x4bf52000-0x4bffffff]
[    2.167833] pci 0000:65:00.0: vgaarb: setting as boot VGA device
[    2.167834] pci 0000:65:00.0: vgaarb: bridge control possible
[    2.167835] pci 0000:65:00.0: vgaarb: VGA device added: decodes=io+mem,owns=io+mem,locks=none
[    2.167838] vgaarb: loaded
[    2.167984] hpet0: at MMIO 0xfed00000, IRQs 2, 8, 0, 0, 0, 0, 0, 0
[    2.167989] hpet0: 8 comparators, 64-bit 24.000000 MHz counter
[    2.170049] clocksource: Switched to clocksource tsc-early
[    2.170157] VFS: Disk quotas dquot_6.6.0
[    2.170171] VFS: Dquot-cache hash table entries: 512 (order 0, 4096 bytes)
[    2.170228] pnp: PnP ACPI init
[    2.170545] system 00:01: [io  0x0500-0x053f] has been reserved
[    2.170545] system 00:01: [io  0x0400-0x047f] could not be reserved
[    2.170545] system 00:01: [io  0x0540-0x057f] has been reserved
[    2.170545] system 00:01: [io  0x0600-0x061f] has been reserved
[    2.170545] system 00:01: [io  0x0ca0-0x0ca5] has been reserved
[    2.170545] system 00:01: [io  0x0880-0x0883] has been reserved
[    2.170545] system 00:01: [io  0x0800-0x081f] has been reserved
[    2.170545] system 00:01: [mem 0xfed1c000-0xfed3ffff] has been reserved
[    2.170545] system 00:01: [mem 0xfed45000-0xfed8bfff] has been reserved
[    2.170545] system 00:01: [mem 0xff000000-0xffffffff] has been reserved
[    2.170545] system 00:01: [mem 0xfee00000-0xfeefffff] could not be reserved
[    2.170545] system 00:01: [mem 0xfed12000-0xfed1200f] has been reserved
[    2.170545] system 00:01: [mem 0xfed12010-0xfed1201f] has been reserved
[    2.170545] system 00:01: [mem 0xfed1b000-0xfed1bfff] has been reserved
[    2.170545] system 00:02: [mem 0xfd000000-0xfdabffff] has been reserved
[    2.170545] system 00:02: [mem 0xfdad0000-0xfdadffff] has been reserved
[    2.170545] system 00:02: [mem 0xfdb00000-0xfdffffff] could not be reserved
[    2.170545] system 00:02: [mem 0xfe000000-0xfe00ffff] has been reserved
[    2.170545] system 00:02: [mem 0xfe011000-0xfe01ffff] has been reserved
[    2.170545] system 00:02: [mem 0xfe036000-0xfe03bfff] has been reserved
[    2.170545] system 00:02: [mem 0xfe03d000-0xfe3fffff] has been reserved
[    2.170545] system 00:02: [mem 0xfe410000-0xfe7fffff] has been reserved
[    2.170545] system 00:03: [io  0x0f00-0x0ffe] has been reserved
[    2.170545] system 00:04: [mem 0xfdaf0000-0xfdafffff] has been reserved
[    2.170545] system 00:04: [mem 0xfdae0000-0xfdaeffff] has been reserved
[    2.170545] system 00:04: [mem 0xfdac0000-0xfdacffff] has been reserved
[    2.170545] ACPI BIOS Error (bug): Could not resolve symbol [\SHAD._STA.SDS0], AE_NOT_FOUND (20220331/psargs-332)
[    2.170545] ACPI Error: Aborting method \SHAD._STA due to previous error (AE_NOT_FOUND) (20220331/psparse-529)
[    2.170545] pnp: PnP ACPI: found 5 devices
[    2.175502] clocksource: acpi_pm: mask: 0xffffff max_cycles: 0xffffff, max_idle_ns: 2085701024 ns
[    2.175567] NET: Registered PF_INET protocol family
[    2.175747] IP idents hash table entries: 262144 (order: 9, 2097152 bytes, linear)
[    2.177754] tcp_listen_portaddr_hash hash table entries: 32768 (order: 7, 524288 bytes, linear)
[    2.177809] Table-perturb hash table entries: 65536 (order: 6, 262144 bytes, linear)
[    2.178114] TCP established hash table entries: 524288 (order: 10, 4194304 bytes, linear)
[    2.178626] TCP bind hash table entries: 65536 (order: 9, 2097152 bytes, linear)
[    2.178780] TCP: Hash tables configured (established 524288 bind 65536)
[    2.179027] MPTCP token hash table entries: 65536 (order: 8, 1572864 bytes, linear)
[    2.179220] UDP hash table entries: 32768 (order: 8, 1048576 bytes, linear)
[    2.179371] UDP-Lite hash table entries: 32768 (order: 8, 1048576 bytes, linear)
[    2.179497] NET: Registered PF_UNIX/PF_LOCAL protocol family
[    2.179503] NET: Registered PF_XDP protocol family
[    2.179513] pci 0000:00:1b.0: PCI bridge to [bus 01]
[    2.179520] pci 0000:00:1b.0:   bridge window [mem 0x92e00000-0x92efffff]
[    2.179531] pci 0000:00:1c.0: PCI bridge to [bus 02]
[    2.179537] pci 0000:00:1c.0:   bridge window [mem 0x92d00000-0x92dfffff]
[    2.179548] pci 0000:00:1c.5: PCI bridge to [bus 03]
[    2.179549] pci 0000:00:1c.5:   bridge window [io  0x2000-0x2fff]
[    2.179555] pci 0000:00:1c.5:   bridge window [mem 0x92c00000-0x92cfffff]
[    2.179565] pci 0000:00:1c.7: PCI bridge to [bus 04]
[    2.179571] pci 0000:00:1c.7:   bridge window [mem 0x92b00000-0x92bfffff]
[    2.179581] pci 0000:00:1d.0: PCI bridge to [bus 05]
[    2.179587] pci 0000:00:1d.0:   bridge window [mem 0x92a00000-0x92afffff]
[    2.179597] pci_bus 0000:00: resource 4 [io  0x0000-0x0cf7 window]
[    2.179599] pci_bus 0000:00: resource 5 [io  0x1000-0x3fff window]
[    2.179600] pci_bus 0000:00: resource 6 [mem 0x000c4000-0x000c7fff window]
[    2.179601] pci_bus 0000:00: resource 7 [mem 0xfe010000-0xfe010fff window]
[    2.179602] pci_bus 0000:00: resource 8 [mem 0x70000000-0x92ffffff window]
[    2.179603] pci_bus 0000:00: resource 9 [mem 0x380000000000-0x383fffffffff window]
[    2.179604] pci_bus 0000:01: resource 1 [mem 0x92e00000-0x92efffff]
[    2.179605] pci_bus 0000:02: resource 1 [mem 0x92d00000-0x92dfffff]
[    2.179606] pci_bus 0000:03: resource 0 [io  0x2000-0x2fff]
[    2.179607] pci_bus 0000:03: resource 1 [mem 0x92c00000-0x92cfffff]
[    2.179608] pci_bus 0000:04: resource 1 [mem 0x92b00000-0x92bfffff]
[    2.179609] pci_bus 0000:05: resource 1 [mem 0x92a00000-0x92afffff]
[    2.179700] pci 0000:17:00.0: BAR 7: no space for [mem size 0x00100000 64bit]
[    2.179701] pci 0000:17:00.0: BAR 7: failed to assign [mem size 0x00100000 64bit]
[    2.179703] pci 0000:17:00.0: BAR 10: no space for [mem size 0x00100000 64bit]
[    2.179704] pci 0000:17:00.0: BAR 10: failed to assign [mem size 0x00100000 64bit]
[    2.179705] pci 0000:17:00.1: BAR 7: no space for [mem size 0x00100000 64bit]
[    2.179706] pci 0000:17:00.1: BAR 7: failed to assign [mem size 0x00100000 64bit]
[    2.179707] pci 0000:17:00.1: BAR 10: no space for [mem size 0x00100000 64bit]
[    2.179708] pci 0000:17:00.1: BAR 10: failed to assign [mem size 0x00100000 64bit]
[    2.179709] pci 0000:16:02.0: PCI bridge to [bus 17]
[    2.179715] pci 0000:16:02.0:   bridge window [mem 0xb5e00000-0xb5efffff]
[    2.179718] pci 0000:16:02.0:   bridge window [mem 0xb5800000-0xb5cfffff 64bit pref]
[    2.179726] pci_bus 0000:16: Some PCI device resources are unassigned, try booting with pci=realloc
[    2.179727] pci_bus 0000:16: resource 4 [io  0x4000-0x7fff window]
[    2.179728] pci_bus 0000:16: resource 5 [mem 0x93000000-0xb5ffffff window]
[    2.179729] pci_bus 0000:16: resource 6 [mem 0x384000000000-0x387fffffffff window]
[    2.179730] pci_bus 0000:17: resource 1 [mem 0xb5e00000-0xb5efffff]
[    2.179731] pci_bus 0000:17: resource 2 [mem 0xb5800000-0xb5cfffff 64bit pref]
[    2.179751] pci 0000:64:00.0: PCI bridge to [bus 65]
[    2.179753] pci 0000:64:00.0:   bridge window [io  0xb000-0xbfff]
[    2.179758] pci 0000:64:00.0:   bridge window [mem 0xd7000000-0xd80fffff]
[    2.179761] pci 0000:64:00.0:   bridge window [mem 0xc0000000-0xd1ffffff 64bit pref]
[    2.179768] pci_bus 0000:64: resource 4 [mem 0x000a0000-0x000bffff window]
[    2.179770] pci_bus 0000:64: resource 5 [io  0x8000-0xbfff window]
[    2.179771] pci_bus 0000:64: resource 6 [io  0x03b0-0x03bb window]
[    2.179772] pci_bus 0000:64: resource 7 [io  0x03c0-0x03df window]
[    2.179773] pci_bus 0000:64: resource 8 [mem 0xb6000000-0xd8ffffff window]
[    2.179774] pci_bus 0000:64: resource 9 [mem 0x388000000000-0x38bfffffffff window]
[    2.179775] pci_bus 0000:65: resource 0 [io  0xb000-0xbfff]
[    2.179776] pci_bus 0000:65: resource 1 [mem 0xd7000000-0xd80fffff]
[    2.179777] pci_bus 0000:65: resource 2 [mem 0xc0000000-0xd1ffffff 64bit pref]
[    2.179793] pci 0000:b2:03.0: PCI bridge to [bus b3]
[    2.179798] pci 0000:b2:03.0:   bridge window [mem 0xfbe00000-0xfbefffff]
[    2.179808] pci_bus 0000:b2: resource 4 [io  0xc000-0xffff window]
[    2.179809] pci_bus 0000:b2: resource 5 [mem 0xd9000000-0xfbffffff window]
[    2.179810] pci_bus 0000:b2: resource 6 [mem 0x38c000000000-0x38ffffffffff window]
[    2.179811] pci_bus 0000:b3: resource 1 [mem 0xfbe00000-0xfbefffff]
[    2.180564] pci 0000:02:00.0: PME# does not work under D0, disabling it
[    2.180802] pci 0000:16:05.0: disabled boot interrupts on device [8086:2034]
[    2.180842] pci 0000:17:00.0: CLS mismatch (64 != 32), using 64 bytes
[    2.180845] pci 0000:64:05.0: disabled boot interrupts on device [8086:2034]
[    2.180868] pci 0000:65:00.1: extending delay after power-on from D3hot to 20 msec
[    2.180892] pci 0000:65:00.1: D0 power state depends on 0000:65:00.0
[    2.180896] pci 0000:b2:05.0: disabled boot interrupts on device [8086:2034]
[    2.180907] pci 0000:65:00.1: saving config space at offset 0x0 (reading 0xe1b10de)
[    2.180909] pci 0000:65:00.1: saving config space at offset 0x4 (reading 0x100106)
[    2.180910] pci 0000:65:00.1: saving config space at offset 0x8 (reading 0x40300a1)
[    2.180912] pci 0000:65:00.1: saving config space at offset 0xc (reading 0x800008)
[    2.180914] pci 0000:65:00.1: saving config space at offset 0x10 (reading 0xd8080000)
[    2.180915] pci 0000:65:00.1: saving config space at offset 0x14 (reading 0x0)
[    2.180917] pci 0000:65:00.1: saving config space at offset 0x18 (reading 0x0)
[    2.180918] pci 0000:65:00.1: saving config space at offset 0x1c (reading 0x0)
[    2.180920] pci 0000:65:00.1: saving config space at offset 0x20 (reading 0x0)
[    2.180921] pci 0000:65:00.1: saving config space at offset 0x24 (reading 0x0)
[    2.180923] pci 0000:65:00.1: saving config space at offset 0x28 (reading 0x0)
[    2.180924] pci 0000:65:00.1: saving config space at offset 0x2c (reading 0x37423842)
[    2.180926] pci 0000:65:00.1: saving config space at offset 0x30 (reading 0x0)
[    2.180928] pci 0000:65:00.1: saving config space at offset 0x34 (reading 0x60)
[    2.180929] pci 0000:65:00.1: saving config space at offset 0x38 (reading 0x0)
[    2.180931] pci 0000:65:00.1: saving config space at offset 0x3c (reading 0x20a)
[    2.180978] pci 0000:00:1f.1: [8086:a2a0] type 00 class 0x058000
[    2.181035] pci 0000:00:1f.1: reg 0x10: [mem 0xfd000000-0xfdffffff 64bit]
[    2.181230] pci 0000:00:1f.1: vgaarb: pci_notify
[    2.181234] pci 0000:00:1f.1: PME# disabled
[    2.181235] pci 0000:00:1f.1: vgaarb: pci_notify
[    2.181275] pci 0000:00:1f.1: vgaarb: pci_notify
[    2.181278] pci 0000:00:1f.1: device released
[    2.181284] PCI-DMA: Using software bounce buffering for IO (SWIOTLB)
[    2.181285] software IO TLB: mapped [mem 0x0000000041aaa000-0x0000000045aaa000] (64MB)
[    2.181289] ACPI: bus type thunderbolt registered
[    2.181330] Trying to unpack rootfs image as initramfs...
[    2.190546] RAPL PMU: API unit is 2^-32 Joules, 1 fixed counters, 655360 ms ovfl timer
[    2.190547] RAPL PMU: hw unit of domain package 2^-14 Joules
[    2.190569] skx_uncore 0000:64:08.0: vgaarb: pci_notify
[    2.190571] skx_uncore 0000:64:08.0: runtime IRQ mapping not provided by arch
[    2.190587] skx_uncore 0000:64:08.0: vgaarb: pci_notify
[    2.190591] skx_uncore 0000:64:09.0: vgaarb: pci_notify
[    2.190592] skx_uncore 0000:64:09.0: runtime IRQ mapping not provided by arch
[    2.190602] skx_uncore 0000:64:09.0: vgaarb: pci_notify
[    2.190606] skx_uncore 0000:64:0a.2: vgaarb: pci_notify
[    2.190608] skx_uncore 0000:64:0a.2: runtime IRQ mapping not provided by arch
[    2.190619] skx_uncore 0000:64:0a.2: vgaarb: pci_notify
[    2.190622] skx_uncore 0000:64:0a.6: vgaarb: pci_notify
[    2.190624] skx_uncore 0000:64:0a.6: runtime IRQ mapping not provided by arch
[    2.190634] skx_uncore 0000:64:0a.6: vgaarb: pci_notify
[    2.190638] skx_uncore 0000:64:0b.2: vgaarb: pci_notify
[    2.190639] skx_uncore 0000:64:0b.2: runtime IRQ mapping not provided by arch
[    2.190650] skx_uncore 0000:64:0b.2: vgaarb: pci_notify
[    2.190653] skx_uncore 0000:64:0c.2: vgaarb: pci_notify
[    2.190655] skx_uncore 0000:64:0c.2: runtime IRQ mapping not provided by arch
[    2.190664] skx_uncore 0000:64:0c.2: vgaarb: pci_notify
[    2.190668] skx_uncore 0000:64:0c.6: vgaarb: pci_notify
[    2.190670] skx_uncore 0000:64:0c.6: runtime IRQ mapping not provided by arch
[    2.190680] skx_uncore 0000:64:0c.6: vgaarb: pci_notify
[    2.190683] skx_uncore 0000:64:0d.2: vgaarb: pci_notify
[    2.190685] skx_uncore 0000:64:0d.2: runtime IRQ mapping not provided by arch
[    2.190695] skx_uncore 0000:64:0d.2: vgaarb: pci_notify
[    2.190699] skx_uncore 0000:b2:12.1: vgaarb: pci_notify
[    2.190701] skx_uncore 0000:b2:12.1: runtime IRQ mapping not provided by arch
[    2.190712] skx_uncore 0000:b2:12.1: vgaarb: pci_notify
[    2.190715] skx_uncore 0000:b2:12.2: vgaarb: pci_notify
[    2.190717] skx_uncore 0000:b2:12.2: runtime IRQ mapping not provided by arch
[    2.190727] skx_uncore 0000:b2:12.2: vgaarb: pci_notify
[    2.191187] mce: Machine check injector initialized
[    2.193790] Initialise system trusted keyrings
[    2.193797] Key type blacklist registered
[    2.193822] workingset: timestamp_bits=36 max_order=24 bucket_order=0
[    2.194903] zbud: loaded
[    2.195259] fuse: init (API version 7.38)
[    2.195316] JFS: nTxBlock = 8192, nTxLock = 65536
[    2.196543] SGI XFS with security attributes, no debug enabled
[    2.196816] NILFS version 2 loaded
[    2.197322] ceph: loaded (mds proto 32)
[    2.197522] integrity: Platform Keyring initialized
[    2.197525] integrity: Machine keyring initialized
[    2.202591] NET: Registered PF_ALG protocol family
[    2.202593] xor: automatically using best checksumming function   avx       
[    2.202608] async_tx: api initialized (async)
[    2.202610] Key type asymmetric registered
[    2.202611] Asymmetric key parser 'x509' registered
[    2.795841] Freeing initrd memory: 9324K
[    2.797302] alg: self-tests for CTR-KDF (hmac(sha256)) passed
[    2.797323] Block layer SCSI generic (bsg) driver version 0.4 loaded (major 244)
[    2.797355] io scheduler mq-deadline registered
[    2.797355] io scheduler kyber registered
[    2.797377] io scheduler bfq registered
[    2.798379] atomic64_test: passed for x86-64 platform with CX8 and with SSE
[    2.798508] pciehp: pcie_port_service_register = 0
[    2.798521] pcieport 0000:00:1b.0: vgaarb: pci_notify
[    2.798524] pcieport 0000:00:1b.0: runtime IRQ mapping not provided by arch
[    2.798702] pcieport 0000:00:1b.0: PME: Signaling with IRQ 24
[    2.798717] pcieport 0000:00:1b.0: saving config space at offset 0x0 (reading 0xa2eb8086)
[    2.798719] pcieport 0000:00:1b.0: saving config space at offset 0x4 (reading 0x100407)
[    2.798720] pcieport 0000:00:1b.0: saving config space at offset 0x8 (reading 0x60400f0)
[    2.798722] pcieport 0000:00:1b.0: saving config space at offset 0xc (reading 0x810010)
[    2.798723] pcieport 0000:00:1b.0: saving config space at offset 0x10 (reading 0x0)
[    2.798725] pcieport 0000:00:1b.0: saving config space at offset 0x14 (reading 0x0)
[    2.798726] pcieport 0000:00:1b.0: saving config space at offset 0x18 (reading 0x10100)
[    2.798728] pcieport 0000:00:1b.0: saving config space at offset 0x1c (reading 0x200000f0)
[    2.798729] pcieport 0000:00:1b.0: saving config space at offset 0x20 (reading 0x92e092e0)
[    2.798731] pcieport 0000:00:1b.0: saving config space at offset 0x24 (reading 0x1fff1)
[    2.798732] pcieport 0000:00:1b.0: saving config space at offset 0x28 (reading 0x0)
[    2.798734] pcieport 0000:00:1b.0: saving config space at offset 0x2c (reading 0x0)
[    2.798735] pcieport 0000:00:1b.0: saving config space at offset 0x30 (reading 0x0)
[    2.798737] pcieport 0000:00:1b.0: saving config space at offset 0x34 (reading 0x40)
[    2.798738] pcieport 0000:00:1b.0: saving config space at offset 0x38 (reading 0x0)
[    2.798739] pcieport 0000:00:1b.0: saving config space at offset 0x3c (reading 0x12010b)
[    2.798762] pcieport 0000:00:1b.0: vgaarb: pci_notify
[    2.798768] pcieport 0000:00:1c.0: vgaarb: pci_notify
[    2.798770] pcieport 0000:00:1c.0: runtime IRQ mapping not provided by arch
[    2.798828] pcieport 0000:00:1c.0: PME: Signaling with IRQ 25
[    2.798841] pcieport 0000:00:1c.0: saving config space at offset 0x0 (reading 0xa2908086)
[    2.798842] pcieport 0000:00:1c.0: saving config space at offset 0x4 (reading 0x100407)
[    2.798844] pcieport 0000:00:1c.0: saving config space at offset 0x8 (reading 0x60400f0)
[    2.798845] pcieport 0000:00:1c.0: saving config space at offset 0xc (reading 0x810010)
[    2.798847] pcieport 0000:00:1c.0: saving config space at offset 0x10 (reading 0x0)
[    2.798848] pcieport 0000:00:1c.0: saving config space at offset 0x14 (reading 0x0)
[    2.798850] pcieport 0000:00:1c.0: saving config space at offset 0x18 (reading 0x20200)
[    2.798851] pcieport 0000:00:1c.0: saving config space at offset 0x1c (reading 0x200000f0)
[    2.798852] pcieport 0000:00:1c.0: saving config space at offset 0x20 (reading 0x92d092d0)
[    2.798854] pcieport 0000:00:1c.0: saving config space at offset 0x24 (reading 0x1fff1)
[    2.798855] pcieport 0000:00:1c.0: saving config space at offset 0x28 (reading 0x0)
[    2.798857] pcieport 0000:00:1c.0: saving config space at offset 0x2c (reading 0x0)
[    2.798858] pcieport 0000:00:1c.0: saving config space at offset 0x30 (reading 0x0)
[    2.798859] pcieport 0000:00:1c.0: saving config space at offset 0x34 (reading 0x40)
[    2.798861] pcieport 0000:00:1c.0: saving config space at offset 0x38 (reading 0x0)
[    2.798862] pcieport 0000:00:1c.0: saving config space at offset 0x3c (reading 0x12010b)
[    2.798882] pcieport 0000:00:1c.0: vgaarb: pci_notify
[    2.798887] pcieport 0000:00:1c.5: vgaarb: pci_notify
[    2.798891] pcieport 0000:00:1c.5: runtime IRQ mapping not provided by arch
[    2.799019] pcieport 0000:00:1c.5: PME: Signaling with IRQ 26
[    2.799031] pcieport 0000:00:1c.5: saving config space at offset 0x0 (reading 0xa2958086)
[    2.799032] pcieport 0000:00:1c.5: saving config space at offset 0x4 (reading 0x100407)
[    2.799034] pcieport 0000:00:1c.5: saving config space at offset 0x8 (reading 0x60400f0)
[    2.799035] pcieport 0000:00:1c.5: saving config space at offset 0xc (reading 0x810010)
[    2.799036] pcieport 0000:00:1c.5: saving config space at offset 0x10 (reading 0x0)
[    2.799038] pcieport 0000:00:1c.5: saving config space at offset 0x14 (reading 0x0)
[    2.799039] pcieport 0000:00:1c.5: saving config space at offset 0x18 (reading 0x30300)
[    2.799041] pcieport 0000:00:1c.5: saving config space at offset 0x1c (reading 0x20002020)
[    2.799042] pcieport 0000:00:1c.5: saving config space at offset 0x20 (reading 0x92c092c0)
[    2.799044] pcieport 0000:00:1c.5: saving config space at offset 0x24 (reading 0x1fff1)
[    2.799045] pcieport 0000:00:1c.5: saving config space at offset 0x28 (reading 0x0)
[    2.799046] pcieport 0000:00:1c.5: saving config space at offset 0x2c (reading 0x0)
[    2.799048] pcieport 0000:00:1c.5: saving config space at offset 0x30 (reading 0x0)
[    2.799049] pcieport 0000:00:1c.5: saving config space at offset 0x34 (reading 0x40)
[    2.799051] pcieport 0000:00:1c.5: saving config space at offset 0x38 (reading 0x0)
[    2.799052] pcieport 0000:00:1c.5: saving config space at offset 0x3c (reading 0x12020a)
[    2.799071] pcieport 0000:00:1c.5: vgaarb: pci_notify
[    2.799076] pcieport 0000:00:1c.7: vgaarb: pci_notify
[    2.799078] pcieport 0000:00:1c.7: runtime IRQ mapping not provided by arch
[    2.799128] pcieport 0000:00:1c.7: PME: Signaling with IRQ 27
[    2.799141] pcieport 0000:00:1c.7: saving config space at offset 0x0 (reading 0xa2978086)
[    2.799143] pcieport 0000:00:1c.7: saving config space at offset 0x4 (reading 0x100407)
[    2.799144] pcieport 0000:00:1c.7: saving config space at offset 0x8 (reading 0x60400f0)
[    2.799146] pcieport 0000:00:1c.7: saving config space at offset 0xc (reading 0x810010)
[    2.799147] pcieport 0000:00:1c.7: saving config space at offset 0x10 (reading 0x0)
[    2.799149] pcieport 0000:00:1c.7: saving config space at offset 0x14 (reading 0x0)
[    2.799150] pcieport 0000:00:1c.7: saving config space at offset 0x18 (reading 0x40400)
[    2.799151] pcieport 0000:00:1c.7: saving config space at offset 0x1c (reading 0x200000f0)
[    2.799153] pcieport 0000:00:1c.7: saving config space at offset 0x20 (reading 0x92b092b0)
[    2.799155] pcieport 0000:00:1c.7: saving config space at offset 0x24 (reading 0x1fff1)
[    2.799156] pcieport 0000:00:1c.7: saving config space at offset 0x28 (reading 0x0)
[    2.799157] pcieport 0000:00:1c.7: saving config space at offset 0x2c (reading 0x0)
[    2.799159] pcieport 0000:00:1c.7: saving config space at offset 0x30 (reading 0x0)
[    2.799160] pcieport 0000:00:1c.7: saving config space at offset 0x34 (reading 0x40)
[    2.799162] pcieport 0000:00:1c.7: saving config space at offset 0x38 (reading 0x0)
[    2.799163] pcieport 0000:00:1c.7: saving config space at offset 0x3c (reading 0x12040b)
[    2.799182] pcieport 0000:00:1c.7: vgaarb: pci_notify
[    2.799186] pcieport 0000:00:1d.0: vgaarb: pci_notify
[    2.799188] pcieport 0000:00:1d.0: runtime IRQ mapping not provided by arch
[    2.799298] pcieport 0000:00:1d.0: PME: Signaling with IRQ 28
[    2.799312] pcieport 0000:00:1d.0: saving config space at offset 0x0 (reading 0xa2988086)
[    2.799313] pcieport 0000:00:1d.0: saving config space at offset 0x4 (reading 0x100407)
[    2.799315] pcieport 0000:00:1d.0: saving config space at offset 0x8 (reading 0x60400f0)
[    2.799316] pcieport 0000:00:1d.0: saving config space at offset 0xc (reading 0x810010)
[    2.799318] pcieport 0000:00:1d.0: saving config space at offset 0x10 (reading 0x0)
[    2.799319] pcieport 0000:00:1d.0: saving config space at offset 0x14 (reading 0x0)
[    2.799321] pcieport 0000:00:1d.0: saving config space at offset 0x18 (reading 0x50500)
[    2.799322] pcieport 0000:00:1d.0: saving config space at offset 0x1c (reading 0x200000f0)
[    2.799324] pcieport 0000:00:1d.0: saving config space at offset 0x20 (reading 0x92a092a0)
[    2.799325] pcieport 0000:00:1d.0: saving config space at offset 0x24 (reading 0x1fff1)
[    2.799326] pcieport 0000:00:1d.0: saving config space at offset 0x28 (reading 0x0)
[    2.799328] pcieport 0000:00:1d.0: saving config space at offset 0x2c (reading 0x0)
[    2.799329] pcieport 0000:00:1d.0: saving config space at offset 0x30 (reading 0x0)
[    2.799331] pcieport 0000:00:1d.0: saving config space at offset 0x34 (reading 0x40)
[    2.799332] pcieport 0000:00:1d.0: saving config space at offset 0x38 (reading 0x0)
[    2.799333] pcieport 0000:00:1d.0: saving config space at offset 0x3c (reading 0x12010b)
[    2.799352] pcieport 0000:00:1d.0: vgaarb: pci_notify
[    2.799358] pcieport 0000:16:02.0: vgaarb: pci_notify
[    2.799361] pcieport 0000:16:02.0: runtime IRQ mapping not provided by arch
[    2.799513] pcieport 0000:16:02.0: PME: Signaling with IRQ 30
[    2.799526] pcieport 0000:16:02.0: saving config space at offset 0x0 (reading 0x20328086)
[    2.799527] pcieport 0000:16:02.0: saving config space at offset 0x4 (reading 0x100407)
[    2.799529] pcieport 0000:16:02.0: saving config space at offset 0x8 (reading 0x6040004)
[    2.799530] pcieport 0000:16:02.0: saving config space at offset 0xc (reading 0x10010)
[    2.799531] pcieport 0000:16:02.0: saving config space at offset 0x10 (reading 0x0)
[    2.799532] pcieport 0000:16:02.0: saving config space at offset 0x14 (reading 0x0)
[    2.799534] pcieport 0000:16:02.0: saving config space at offset 0x18 (reading 0x171716)
[    2.799535] pcieport 0000:16:02.0: saving config space at offset 0x1c (reading 0x200000f0)
[    2.799536] pcieport 0000:16:02.0: saving config space at offset 0x20 (reading 0xb5e0b5e0)
[    2.799537] pcieport 0000:16:02.0: saving config space at offset 0x24 (reading 0xb5c1b581)
[    2.799539] pcieport 0000:16:02.0: saving config space at offset 0x28 (reading 0x0)
[    2.799540] pcieport 0000:16:02.0: saving config space at offset 0x2c (reading 0x0)
[    2.799541] pcieport 0000:16:02.0: saving config space at offset 0x30 (reading 0x0)
[    2.799542] pcieport 0000:16:02.0: saving config space at offset 0x34 (reading 0x40)
[    2.799543] pcieport 0000:16:02.0: saving config space at offset 0x38 (reading 0x0)
[    2.799545] pcieport 0000:16:02.0: saving config space at offset 0x3c (reading 0x12010b)
[    2.799561] pcieport 0000:16:02.0: vgaarb: pci_notify
[    2.799575] pcieport 0000:64:00.0: vgaarb: pci_notify
[    2.799577] pcieport 0000:64:00.0: runtime IRQ mapping not provided by arch
[    2.799694] pcieport 0000:64:00.0: PME: Signaling with IRQ 32
[    2.799711] pcieport 0000:64:00.0: saving config space at offset 0x0 (reading 0x20308086)
[    2.799713] pcieport 0000:64:00.0: saving config space at offset 0x4 (reading 0x100407)
[    2.799714] pcieport 0000:64:00.0: saving config space at offset 0x8 (reading 0x6040004)
[    2.799715] pcieport 0000:64:00.0: saving config space at offset 0xc (reading 0x10010)
[    2.799716] pcieport 0000:64:00.0: saving config space at offset 0x10 (reading 0x0)
[    2.799718] pcieport 0000:64:00.0: saving config space at offset 0x14 (reading 0x0)
[    2.799719] pcieport 0000:64:00.0: saving config space at offset 0x18 (reading 0x656564)
[    2.799720] pcieport 0000:64:00.0: saving config space at offset 0x1c (reading 0x2000b0b0)
[    2.799721] pcieport 0000:64:00.0: saving config space at offset 0x20 (reading 0xd800d700)
[    2.799723] pcieport 0000:64:00.0: saving config space at offset 0x24 (reading 0xd1f1c001)
[    2.799724] pcieport 0000:64:00.0: saving config space at offset 0x28 (reading 0x0)
[    2.799725] pcieport 0000:64:00.0: saving config space at offset 0x2c (reading 0x0)
[    2.799726] pcieport 0000:64:00.0: saving config space at offset 0x30 (reading 0x0)
[    2.799727] pcieport 0000:64:00.0: saving config space at offset 0x34 (reading 0x40)
[    2.799729] pcieport 0000:64:00.0: saving config space at offset 0x38 (reading 0x0)
[    2.799730] pcieport 0000:64:00.0: saving config space at offset 0x3c (reading 0x1a010b)
[    2.799746] pcieport 0000:64:00.0: vgaarb: pci_notify
[    2.799756] pcieport 0000:b2:03.0: vgaarb: pci_notify
[    2.799758] pcieport 0000:b2:03.0: runtime IRQ mapping not provided by arch
[    2.799872] pcieport 0000:b2:03.0: PME: Signaling with IRQ 34
[    2.799884] pcieport 0000:b2:03.0: saving config space at offset 0x0 (reading 0x20338086)
[    2.799885] pcieport 0000:b2:03.0: saving config space at offset 0x4 (reading 0x100407)
[    2.799887] pcieport 0000:b2:03.0: saving config space at offset 0x8 (reading 0x6040004)
[    2.799888] pcieport 0000:b2:03.0: saving config space at offset 0xc (reading 0x10010)
[    2.799889] pcieport 0000:b2:03.0: saving config space at offset 0x10 (reading 0x0)
[    2.799890] pcieport 0000:b2:03.0: saving config space at offset 0x14 (reading 0x0)
[    2.799892] pcieport 0000:b2:03.0: saving config space at offset 0x18 (reading 0xb3b3b2)
[    2.799893] pcieport 0000:b2:03.0: saving config space at offset 0x1c (reading 0x200000f0)
[    2.799894] pcieport 0000:b2:03.0: saving config space at offset 0x20 (reading 0xfbe0fbe0)
[    2.799895] pcieport 0000:b2:03.0: saving config space at offset 0x24 (reading 0x1fff1)
[    2.799897] pcieport 0000:b2:03.0: saving config space at offset 0x28 (reading 0x0)
[    2.799898] pcieport 0000:b2:03.0: saving config space at offset 0x2c (reading 0x0)
[    2.799899] pcieport 0000:b2:03.0: saving config space at offset 0x30 (reading 0x0)
[    2.799900] pcieport 0000:b2:03.0: saving config space at offset 0x34 (reading 0x40)
[    2.799901] pcieport 0000:b2:03.0: saving config space at offset 0x38 (reading 0x0)
[    2.799903] pcieport 0000:b2:03.0: saving config space at offset 0x3c (reading 0x12010b)
[    2.799920] pcieport 0000:b2:03.0: vgaarb: pci_notify
[    2.800037] shpchp: Standard Hot Plug PCI Controller Driver version: 0.4
[    2.800137] Monitor-Mwait will be used to enter C-1 state
[    2.800141] ACPI: \_SB_.SCK0.CP00: Found 1 idle states
[    2.800844] IPMI message handler: version 39.2
[    2.800850] ipmi device interface
[    2.800875] ipmi_si: IPMI System Interface driver
[    2.800905] ipmi_si: Unable to find any System Interface(s)
[    2.800905] ipmi_ssif: IPMI SSIF Interface driver
[    2.800912] i2c-core: driver [ipmi_ssif] registered
[    2.800915] i2c-core: driver [ipmi-ipmb] registered
[    2.800917] IPMI Watchdog: driver initialized
[    2.800918] IPMI poweroff: Copyright (C) 2004 MontaVista Software - IPMI Powerdown via sys_reboot
[    2.801016] input: Sleep Button as /devices/LNXSYSTM:00/LNXSYBUS:00/PNP0C0E:00/input/input0
[    2.801037] ACPI: button: Sleep Button [SLPB]
[    2.801071] input: Power Button as /devices/LNXSYSTM:00/LNXSYBUS:00/PNP0C0C:00/input/input1
[    2.801085] ACPI: button: Power Button [PWRB]
[    2.801105] input: Power Button as /devices/LNXSYSTM:00/LNXPWRBN:00/input/input2
[    2.801131] ACPI: button: Power Button [PWRF]
[    2.802039] i2c-core: driver [isl9305] registered
[    2.802070] Serial: 8250/16550 driver, 32 ports, IRQ sharing enabled
[    2.803235] ACPI: bus type drm_connector registered
[    2.804098] loop: module loaded
[    2.808458] mtip32xx Version 1.3.1
[    2.808554] zram: Added device: zram0
[    2.808969] null_blk: disk nullb0 created
[    2.808970] null_blk: module loaded
[    2.809118] Loading iSCSI transport class v2.0-870.
[    2.809179] rdac: device handler registered
[    2.809207] iscsi: registered transport (tcp)
[    2.809247] megaraid cmm: 2.20.2.7 (Release Date: Sun Jul 16 00:01:03 EST 2006)
[    2.809259] megaraid: 2.20.5.1 (Release Date: Thu Nov 16 15:32:35 EST 2006)
[    2.809273] megasas: 07.719.03.00-rc1
[    2.809293] mpt3sas version 43.100.00.00 loaded
[    2.809336] st: Version 20160209, fixed bufsize 32768, s/g segs 256
[    2.809437] nvme 0000:01:00.0: vgaarb: pci_notify
[    2.809440] nvme 0000:01:00.0: runtime IRQ mapping not provided by arch
[    2.809480] nvme nvme0: pci function 0000:01:00.0
[    2.809487] nvme 0000:01:00.0: vgaarb: pci_notify
[    2.809492] nvme 0000:05:00.0: vgaarb: pci_notify
[    2.809494] nvme 0000:05:00.0: runtime IRQ mapping not provided by arch
[    2.809523] nvme nvme1: pci function 0000:05:00.0
[    2.809528] nvme 0000:05:00.0: vgaarb: pci_notify
[    2.809544] nvme 0000:b3:00.0: vgaarb: pci_notify
[    2.809546] nvme 0000:b3:00.0: runtime IRQ mapping not provided by arch
[    2.809574] nvme nvme2: pci function 0000:b3:00.0
[    2.809579] nvme 0000:b3:00.0: vgaarb: pci_notify
[    2.809579] nvme 0000:01:00.0: saving config space at offset 0x0 (reading 0x540ac0a9)
[    2.809584] nvme 0000:01:00.0: saving config space at offset 0x4 (reading 0x100406)
[    2.809588] nvme 0000:01:00.0: saving config space at offset 0x8 (reading 0x1080201)
[    2.809591] nvme 0000:01:00.0: saving config space at offset 0xc (reading 0x10)
[    2.809595] nvme 0000:01:00.0: saving config space at offset 0x10 (reading 0x92e00004)
[    2.809598] nvme 0000:01:00.0: saving config space at offset 0x14 (reading 0x0)
[    2.809601] nvme 0000:01:00.0: saving config space at offset 0x18 (reading 0x0)
[    2.809603] nvme 0000:01:00.0: saving config space at offset 0x1c (reading 0x0)
[    2.809605] nvme 0000:01:00.0: saving config space at offset 0x20 (reading 0x0)
[    2.809611] nvme 0000:01:00.0: saving config space at offset 0x24 (reading 0x0)
[    2.809612] nvme 0000:01:00.0: saving config space at offset 0x28 (reading 0x0)
[    2.809614] nvme 0000:01:00.0: saving config space at offset 0x2c (reading 0x540ac0a9)
[    2.809616] nvme 0000:01:00.0: saving config space at offset 0x30 (reading 0x0)
[    2.809618] nvme 0000:01:00.0: saving config space at offset 0x34 (reading 0x80)
[    2.809620] nvme 0000:01:00.0: saving config space at offset 0x38 (reading 0x0)
[    2.809622] nvme 0000:01:00.0: saving config space at offset 0x3c (reading 0x10b)
[    2.809694] nvme 0000:05:00.0: saving config space at offset 0x0 (reading 0x54161344)
[    2.809699] nvme 0000:05:00.0: saving config space at offset 0x4 (reading 0x100406)
[    2.809702] nvme 0000:05:00.0: saving config space at offset 0x8 (reading 0x1080201)
[    2.809705] nvme 0000:05:00.0: saving config space at offset 0xc (reading 0x10)
[    2.809709] nvme 0000:05:00.0: saving config space at offset 0x10 (reading 0x92a00004)
[    2.809712] nvme 0000:05:00.0: saving config space at offset 0x14 (reading 0x0)
[    2.809715] nvme 0000:05:00.0: saving config space at offset 0x18 (reading 0x0)
[    2.809721] nvme 0000:05:00.0: saving config space at offset 0x1c (reading 0x0)
[    2.809722] ahci 0000:00:17.0: vgaarb: pci_notify
[    2.809724] nvme 0000:05:00.0: saving config space at offset 0x20 (reading 0x0)
[    2.809724] ahci 0000:00:17.0: runtime IRQ mapping not provided by arch
[    2.809729] ahci 0000:00:17.0: version 3.0
[    2.809729] nvme 0000:05:00.0: saving config space at offset 0x24 (reading 0x0)
[    2.809735] nvme 0000:05:00.0: saving config space at offset 0x28 (reading 0x0)
[    2.809740] nvme 0000:05:00.0: saving config space at offset 0x2c (reading 0x11001344)
[    2.809745] nvme 0000:05:00.0: saving config space at offset 0x30 (reading 0x0)
[    2.809750] nvme 0000:05:00.0: saving config space at offset 0x34 (reading 0x80)
[    2.809757] nvme 0000:05:00.0: saving config space at offset 0x38 (reading 0x0)
[    2.809764] nvme 0000:05:00.0: saving config space at offset 0x3c (reading 0x10b)
[    2.809804] nvme 0000:b3:00.0: saving config space at offset 0x0 (reading 0x54161344)
[    2.809808] nvme 0000:b3:00.0: saving config space at offset 0x4 (reading 0x100506)
[    2.809811] nvme 0000:b3:00.0: saving config space at offset 0x8 (reading 0x1080201)
[    2.809813] nvme 0000:b3:00.0: saving config space at offset 0xc (reading 0x8)
[    2.809816] nvme 0000:b3:00.0: saving config space at offset 0x10 (reading 0xfbe00004)
[    2.809818] nvme 0000:b3:00.0: saving config space at offset 0x14 (reading 0x0)
[    2.809821] nvme 0000:b3:00.0: saving config space at offset 0x18 (reading 0x0)
[    2.809823] nvme 0000:b3:00.0: saving config space at offset 0x1c (reading 0x0)
[    2.809830] nvme 0000:b3:00.0: saving config space at offset 0x20 (reading 0x0)
[    2.809834] nvme 0000:b3:00.0: saving config space at offset 0x24 (reading 0x0)
[    2.809837] nvme 0000:b3:00.0: saving config space at offset 0x28 (reading 0x0)
[    2.809841] nvme 0000:b3:00.0: saving config space at offset 0x2c (reading 0x11001344)
[    2.809845] nvme 0000:b3:00.0: saving config space at offset 0x30 (reading 0x0)
[    2.809848] nvme 0000:b3:00.0: saving config space at offset 0x34 (reading 0x80)
[    2.809853] nvme 0000:b3:00.0: saving config space at offset 0x38 (reading 0x0)
[    2.809858] nvme 0000:b3:00.0: saving config space at offset 0x3c (reading 0x10b)
[    2.819980] ahci 0000:00:17.0: AHCI 0001.0301 32 slots 8 ports 6 Gbps 0xff impl SATA mode
[    2.819983] ahci 0000:00:17.0: flags: 64bit ncq sntf pm led clo only pio slum part ems deso sadm sds apst 
[    2.830202] nvme nvme0: missing or invalid SUBNQN field.
[    2.849329] nvme nvme2: allocated 64 MiB host memory buffer.
[    2.849346] nvme nvme1: allocated 64 MiB host memory buffer.
[    2.880790] nvme nvme0: allocated 128 MiB host memory buffer.
[    2.890826] scsi host0: ahci
[    2.890909] scsi host1: ahci
[    2.890983] scsi host2: ahci
[    2.891046] scsi host3: ahci
[    2.891108] scsi host4: ahci
[    2.891173] scsi host5: ahci
[    2.891240] scsi host6: ahci
[    2.891306] scsi host7: ahci
[    2.891332] ata1: SATA max UDMA/133 abar m2048@0x92f57000 port 0x92f57100 irq 39
[    2.891334] ata2: SATA max UDMA/133 abar m2048@0x92f57000 port 0x92f57180 irq 39
[    2.891336] ata3: SATA max UDMA/133 abar m2048@0x92f57000 port 0x92f57200 irq 39
[    2.891337] ata4: SATA max UDMA/133 abar m2048@0x92f57000 port 0x92f57280 irq 39
[    2.891338] ata5: SATA max UDMA/133 abar m2048@0x92f57000 port 0x92f57300 irq 39
[    2.891339] ata6: SATA max UDMA/133 abar m2048@0x92f57000 port 0x92f57380 irq 39
[    2.891341] ata7: SATA max UDMA/133 abar m2048@0x92f57000 port 0x92f57400 irq 39
[    2.891342] ata8: SATA max UDMA/133 abar m2048@0x92f57000 port 0x92f57480 irq 39
[    2.891354] ahci 0000:00:17.0: vgaarb: pci_notify
[    2.891527] Rounding down aligned max_sectors from 4294967295 to 4294967288
[    2.891560] db_root: cannot open: /etc/target
[    2.891765] alx 0000:03:00.0: vgaarb: pci_notify
[    2.891768] alx 0000:03:00.0: runtime IRQ mapping not provided by arch
[    2.891775] alx 0000:03:00.0: enabling device (0000 -> 0002)
[    2.891821] alx 0000:03:00.0: enabling bus mastering
[    2.894496] alx 0000:03:00.0 eth0: Qualcomm Atheros AR816x/AR817x Ethernet [00:1f:bc:12:ca:3a]
[    2.894505] alx 0000:03:00.0: vgaarb: pci_notify
[    2.894522] e100: Intel(R) PRO/100 Network Driver
[    2.894523] e100: Copyright(c) 1999-2006 Intel Corporation
[    2.894541] e1000: Intel(R) PRO/1000 Network Driver
[    2.894542] e1000: Copyright (c) 1999-2006 Intel Corporation.
[    2.894559] e1000e: Intel(R) PRO/1000 Network Driver
[    2.894560] e1000e: Copyright(c) 1999 - 2015 Intel Corporation.
[    2.894568] e1000e 0000:00:1f.6: vgaarb: pci_notify
[    2.894570] e1000e 0000:00:1f.6: runtime IRQ mapping not provided by arch
[    2.894652] e1000e 0000:00:1f.6: saving config space at offset 0x0 (reading 0x15b88086)
[    2.894655] e1000e 0000:00:1f.6: saving config space at offset 0x4 (reading 0x100006)
[    2.894657] e1000e 0000:00:1f.6: saving config space at offset 0x8 (reading 0x2000000)
[    2.894659] e1000e 0000:00:1f.6: saving config space at offset 0xc (reading 0x0)
[    2.894661] e1000e 0000:00:1f.6: saving config space at offset 0x10 (reading 0x92f00000)
[    2.894664] e1000e 0000:00:1f.6: saving config space at offset 0x14 (reading 0x0)
[    2.894666] e1000e 0000:00:1f.6: saving config space at offset 0x18 (reading 0x0)
[    2.894668] e1000e 0000:00:1f.6: saving config space at offset 0x1c (reading 0x0)
[    2.894670] e1000e 0000:00:1f.6: saving config space at offset 0x20 (reading 0x0)
[    2.894672] e1000e 0000:00:1f.6: saving config space at offset 0x24 (reading 0x0)
[    2.894674] e1000e 0000:00:1f.6: saving config space at offset 0x28 (reading 0x0)
[    2.894677] e1000e 0000:00:1f.6: saving config space at offset 0x2c (reading 0x8086)
[    2.894679] e1000e 0000:00:1f.6: saving config space at offset 0x30 (reading 0x0)
[    2.894681] e1000e 0000:00:1f.6: saving config space at offset 0x34 (reading 0xc8)
[    2.894683] e1000e 0000:00:1f.6: saving config space at offset 0x38 (reading 0x0)
[    2.894685] e1000e 0000:00:1f.6: saving config space at offset 0x3c (reading 0x10b)
[    2.894702] e1000e 0000:00:1f.6: Interrupt Throttling Rate (ints/sec) set to dynamic conservative mode
[    2.901014] nvme nvme2: 28/0/0 default/read/poll queues
[    2.903633] nvme nvme1: 28/0/0 default/read/poll queues
[    2.903998]  nvme2n1: p1 p2 p3
[    2.906573]  nvme1n1: p1 p2 p3
[    2.908205] nvme nvme0: 8/0/0 default/read/poll queues
[    2.908756] nvme nvme0: Ignoring bogus Namespace Identifiers
[    2.909687]  nvme0n1: p1 p2 p3 p4 p5
[    3.135137] e1000e 0000:00:1f.6 0000:00:1f.6 (uninitialized): registered PHC clock
[    3.201766] e1000e 0000:00:1f.6 eth1: (PCI Express:2.5GT/s:Width x1) 00:1f:bc:12:ca:39
[    3.201767] e1000e 0000:00:1f.6 eth1: Intel(R) PRO/1000 Network Connection
[    3.201844] e1000e 0000:00:1f.6 eth1: MAC: 12, PHY: 12, PBA No: FFFFFF-0FF
[    3.201852] e1000e 0000:00:1f.6: vgaarb: pci_notify
[    3.201888] igbvf: Intel(R) Gigabit Virtual Function Network Driver
[    3.201888] igbvf: Copyright (c) 2009 - 2012 Intel Corporation.
[    3.201907] ixgbe: Intel(R) 10 Gigabit PCI Express Network Driver
[    3.201908] ixgbe: Copyright (c) 1999-2016 Intel Corporation.
[    3.201948] ixgbe 0000:17:00.0: vgaarb: pci_notify
[    3.201950] ixgbe 0000:17:00.0: runtime IRQ mapping not provided by arch
[    3.201998] ixgbe 0000:17:00.0: saving config space at offset 0x0 (reading 0x15288086)
[    3.202000] ixgbe 0000:17:00.0: saving config space at offset 0x4 (reading 0x100106)
[    3.202001] ixgbe 0000:17:00.0: saving config space at offset 0x8 (reading 0x2000001)
[    3.202003] ixgbe 0000:17:00.0: saving config space at offset 0xc (reading 0x800008)
[    3.202005] ixgbe 0000:17:00.0: saving config space at offset 0x10 (reading 0xb5a0000c)
[    3.202006] ixgbe 0000:17:00.0: saving config space at offset 0x14 (reading 0x0)
[    3.202008] ixgbe 0000:17:00.0: saving config space at offset 0x18 (reading 0x0)
[    3.202009] ixgbe 0000:17:00.0: saving config space at offset 0x1c (reading 0x0)
[    3.202011] ixgbe 0000:17:00.0: saving config space at offset 0x20 (reading 0xb5c0400c)
[    3.202013] ixgbe 0000:17:00.0: saving config space at offset 0x24 (reading 0x0)
[    3.202014] ixgbe 0000:17:00.0: saving config space at offset 0x28 (reading 0x0)
[    3.202016] ixgbe 0000:17:00.0: saving config space at offset 0x2c (reading 0x18086)
[    3.202017] ixgbe 0000:17:00.0: saving config space at offset 0x30 (reading 0xb5e80000)
[    3.202019] ixgbe 0000:17:00.0: saving config space at offset 0x34 (reading 0x40)
[    3.202020] ixgbe 0000:17:00.0: saving config space at offset 0x38 (reading 0x0)
[    3.202022] ixgbe 0000:17:00.0: saving config space at offset 0x3c (reading 0x20a)
[    3.203197] ata2: SATA link up 3.0 Gbps (SStatus 123 SControl 300)
[    3.203210] ata5: SATA link down (SStatus 0 SControl 300)
[    3.203223] ata4: SATA link down (SStatus 0 SControl 300)
[    3.203237] ata7: SATA link down (SStatus 0 SControl 300)
[    3.203250] ata8: SATA link down (SStatus 0 SControl 300)
[    3.203265] ata3: SATA link up 1.5 Gbps (SStatus 113 SControl 300)
[    3.203278] ata1: SATA link up 6.0 Gbps (SStatus 133 SControl 300)
[    3.203290] ata6: SATA link down (SStatus 0 SControl 300)
[    3.206777] ata3.00: ATAPI: HL-DT-STDVD-RAM GH60N, NY05, max UDMA/100
[    3.207400] ata2.00: ATA-8: WDC WD20EADS-00R6B0, 01.00A01, max UDMA/133
[    3.207465] ata2.00: 3907029168 sectors, multi 16: LBA48 NCQ (depth 32), AA
[    3.211469] ata2.00: configured for UDMA/133
[    3.211603] ata3.00: configured for UDMA/100
[    3.213707] tsc: Refined TSC clocksource calibration: 3095.998 MHz
[    3.213728] clocksource: tsc: mask: 0xffffffffffffffff max_cycles: 0x2ca082f6619, max_idle_ns: 440795220240 ns
[    3.213779] clocksource: Switched to clocksource tsc
[    3.218479] ata1.00: ATA-9: WDC WD80EZZX-11CSGA0, 83.H0A03, max UDMA/133
[    3.222485] ata1.00: 15628053168 sectors, multi 16: LBA48 NCQ (depth 32), AA
[    3.222490] ata1.00: Features: NCQ-prio
[    3.229248] ata1.00: configured for UDMA/133
[    3.229316] scsi 0:0:0:0: Direct-Access     ATA      WDC WD80EZZX-11C 0A03 PQ: 0 ANSI: 5
[    3.229532] sd 0:0:0:0: [sda] 15628053168 512-byte logical blocks: (8.00 TB/7.28 TiB)
[    3.229534] sd 0:0:0:0: [sda] 4096-byte physical blocks
[    3.229543] sd 0:0:0:0: [sda] Write Protect is off
[    3.229546] sd 0:0:0:0: [sda] Mode Sense: 00 3a 00 00
[    3.229548] scsi 1:0:0:0: Direct-Access     ATA      WDC WD20EADS-00R 0A01 PQ: 0 ANSI: 5
[    3.229558] sd 0:0:0:0: [sda] Write cache: enabled, read cache: enabled, doesn't support DPO or FUA
[    3.229577] sd 0:0:0:0: [sda] Preferred minimum I/O size 4096 bytes
[    3.229739] sd 1:0:0:0: [sdb] 3907029168 512-byte logical blocks: (2.00 TB/1.82 TiB)
[    3.229747] sd 1:0:0:0: [sdb] Write Protect is off
[    3.229750] sd 1:0:0:0: [sdb] Mode Sense: 00 3a 00 00
