[    0.000000] microcode: microcode updated early to revision 0x2007206, date = 2024-04-15
[    0.000000] Linux version 6.1.124-hardened1 (portage@localhost) (gcc (Gentoo Hardened 14.2.1_p20241221 p7) 14.2.1 20241221, GNU ld (Gentoo 2.43 p3) 2.43.1) #1 SMP PREEMPT_DYNAMIC Wed Feb 19 16:55:07 -00 2025
[    0.000000] Kernel is locked down from Kernel configuration; see man kernel_lockdown.7
[    0.000000] Command line: BOOT_IMAGE=/vmlinuz-6.1.124-hardened1 root=XXX ro loglevel=3 ibt=off quiet mds=full raid=noautodetect
[    0.000000] KERNEL supported cpus:
[    0.000000]   Intel GenuineIntel
[    0.000000] BIOS-provided physical RAM map:
[    0.000000] BIOS-e820: [mem 0x0000000000000000-0x000000000003efff] usable
[    0.000000] BIOS-e820: [mem 0x000000000003f000-0x000000000003ffff] reserved
[    0.000000] BIOS-e820: [mem 0x0000000000040000-0x000000000009ffff] usable
[    0.000000] BIOS-e820: [mem 0x00000000000a0000-0x00000000000fffff] reserved
[    0.000000] BIOS-e820: [mem 0x0000000000100000-0x000000004a0e7fff] usable
[    0.000000] BIOS-e820: [mem 0x000000004a0e8000-0x000000004bfb7fff] reserved
[    0.000000] BIOS-e820: [mem 0x000000004bfb8000-0x000000004c210fff] usable
[    0.000000] BIOS-e820: [mem 0x000000004c211000-0x000000004cd48fff] ACPI NVS
[    0.000000] BIOS-e820: [mem 0x000000004cd49000-0x000000004d9dffff] reserved
[    0.000000] BIOS-e820: [mem 0x000000004d9e0000-0x000000004daa7fff] type 20
[    0.000000] BIOS-e820: [mem 0x000000004daa8000-0x000000004fffffff] usable
[    0.000000] BIOS-e820: [mem 0x0000000050000000-0x000000006fffffff] reserved
[    0.000000] BIOS-e820: [mem 0x00000000fe000000-0x00000000fe010fff] reserved
[    0.000000] BIOS-e820: [mem 0x00000000fec00000-0x00000000fec00fff] reserved
[    0.000000] BIOS-e820: [mem 0x00000000fed00000-0x00000000fed00fff] reserved
[    0.000000] BIOS-e820: [mem 0x00000000fee00000-0x00000000fee00fff] reserved
[    0.000000] BIOS-e820: [mem 0x00000000ff000000-0x00000000ffffffff] reserved
[    0.000000] BIOS-e820: [mem 0x0000000100000000-0x000000109fffffff] usable
[    0.000000] NX (Execute Disable) protection: active
[    0.000000] efi: EFI v2.60 by American Megatrends
[    0.000000] efi: TPMFinalLog=0x4cd18000 ACPI 2.0=0x4c211000 ACPI=0x4c211000 SMBIOS=0x4d90f000 SMBIOS 3.0=0x4d90e000 ESRT=0x46062c98 MEMATTR=0x4603c018 
[    0.000000] SMBIOS 3.0.0 present.
[    0.000000] DMI: EVGA Corp. X299 FTW K/X299 FTW K, BIOS 1.29 11/22/2021
[    0.000000] tsc: Detected 3100.000 MHz processor
[    0.000000] tsc: Detected 3099.999 MHz TSC
[    0.000000] [Firmware Bug]: TSC ADJUST: CPU0: -505602247555 force to 0
[    0.000409] e820: update [mem 0x00000000-0x00000fff] usable ==> reserved
[    0.000411] e820: remove [mem 0x000a0000-0x000fffff] usable
[    0.000418] last_pfn = 0x10a0000 max_arch_pfn = 0x400000000
[    0.000578] x86/PAT: Configuration [0-7]: WB  WC  UC- UC  WB  WP  UC- WT  
[    0.001241] e820: update [mem 0x5f000000-0xffffffff] usable ==> reserved
[    0.001245] last_pfn = 0x50000 max_arch_pfn = 0x400000000
[    0.014237] esrt: Reserving ESRT space from 0x0000000046062c98 to 0x0000000046062cd0.
[    0.014242] e820: update [mem 0x46062000-0x46062fff] usable ==> reserved
[    0.014254] Using GB pages for direct mapping
[    0.014554] secureboot: Secure boot disabled
[    0.014555] RAMDISK: [mem 0x34499000-0x34db3fff]
[    0.014559] ACPI: Early table checksum verification disabled
[    0.014561] ACPI: RSDP 0x000000004C211000 000024 (v02 ALASKA)
[    0.014563] ACPI: XSDT 0x000000004C2110D0 000124 (v01 ALASKA A M I    01072009 AMI  00010013)
[    0.014567] ACPI: FACP 0x000000004C22D0D8 000114 (v06 ALASKA A M I    01072009 AMI  00010013)
[    0.014571] ACPI: DSDT 0x000000004C211290 01BE41 (v02 ALASKA A M I    01072009 INTL 20160422)
[    0.014573] ACPI: FACS 0x000000004CD17080 000040
[    0.014575] ACPI: FPDT 0x000000004C22D1F0 000044 (v01 ALASKA A M I    01072009 AMI  00010013)
[    0.014577] ACPI: FIDT 0x000000004C22D238 00009C (v01 ALASKA A M I    01072009 AMI  00010013)
[    0.014579] ACPI: UEFI 0x000000004C22D2D8 000042 (v01 ALASKA A M I    00000002      01000013)
[    0.014581] ACPI: MCFG 0x000000004C22D320 00003C (v01 ALASKA A M I    01072009 MSFT 00000097)
[    0.014583] ACPI: HPET 0x000000004C22D360 000038 (v01 ALASKA A M I    00000001 INTL 20091013)
[    0.014585] ACPI: APIC 0x000000004C22D398 00071E (v03 ALASKA A M I    00000000 INTL 20091013)
[    0.014587] ACPI: MCFG 0x000000004C22DAB8 00003C (v01 ALASKA A M I    00000001 INTL 20091013)
[    0.014589] ACPI: MIGT 0x000000004C22DAF8 000040 (v01 ALASKA A M I    00000000 INTL 20091013)
[    0.014590] ACPI: MSCT 0x000000004C22DB38 00004E (v01 ALASKA A M I    00000001 INTL 20091013)
[    0.014592] ACPI: PCCT 0x000000004C22DB88 00006E (v01 ALASKA A M I    00000002 INTL 20091013)
[    0.014594] ACPI: RASF 0x000000004C22DBF8 000030 (v01 ALASKA A M I    00000001 INTL 20091013)
[    0.014596] ACPI: SLIT 0x000000004C22DC28 00006C (v01 ALASKA A M I    00000001 INTL 20091013)
[    0.014598] ACPI: SRAT 0x000000004C22DC98 000A30 (v03 ALASKA A M I    00000002 INTL 20091013)
[    0.014600] ACPI: SVOS 0x000000004C22E6C8 000032 (v01 ALASKA A M I    00000000 INTL 20091013)
[    0.014602] ACPI: WDDT 0x000000004C22E700 000040 (v01 ALASKA A M I    00000000 INTL 20091013)
[    0.014604] ACPI: OEM4 0x000000004C22E740 029A72 (v02 INTEL  CPU  CST 00003000 INTL 20160422)
[    0.014606] ACPI: OEM1 0x000000004C2581B8 00ABCB (v02 INTEL  CPU EIST 00003000 INTL 20160422)
[    0.014608] ACPI: SSDT 0x000000004C262D88 00D427 (v02 INTEL  SSDT  PM 00004000 INTL 20160422)
[    0.014610] ACPI: NITR 0x000000004C2701B0 000071 (v02 ALASKA A M I    00000001 INTL 20091013)
[    0.014612] ACPI: SSDT 0x000000004C270228 000919 (v02 ALASKA A M I    00000000 INTL 20091013)
[    0.014614] ACPI: LPIT 0x000000004C270B48 000094 (v01 INTEL  SKL      00000000 MSFT 0000005F)
[    0.014615] ACPI: WSMT 0x000000004C270BE0 000028 (v01 INTEL  SKL      00000000 MSFT 0000005F)
[    0.014617] ACPI: WDAT 0x000000004C270C08 000134 (v01 INTEL  SKL      00000000 MSFT 0000005F)
[    0.014619] ACPI: SSDT 0x000000004C270D40 00029F (v02 INTEL  sensrhub 00000000 INTL 20160422)
[    0.014621] ACPI: SSDT 0x000000004C270FE0 003002 (v02 INTEL  PtidDevc 00001000 INTL 20160422)
[    0.014624] ACPI: DBGP 0x000000004C273FE8 000034 (v01 INTEL           00000002 MSFT 0000005F)
[    0.014626] ACPI: DBG2 0x000000004C274020 000054 (v00 INTEL           00000002 MSFT 0000005F)
[    0.014628] ACPI: TPM2 0x000000004C274078 000034 (v03 ALASKA A M I    00000001 AMI  00000000)
[    0.014629] ACPI: BGRT 0x000000004C2740B0 000038 (v00 ALASKA A M I    01072009 AMI  00010013)
[    0.014631] ACPI: DMAR 0x000000004C2740E8 0000F8 (v01 ALASKA A M I    00000001 INTL 20091013)
[    0.014633] ACPI: WSMT 0x000000004C2741E0 000028 (v01 ALASKA A M I    01072009 AMI  00010013)
[    0.014635] ACPI: Reserving FACP table memory at [mem 0x4c22d0d8-0x4c22d1eb]
[    0.014636] ACPI: Reserving DSDT table memory at [mem 0x4c211290-0x4c22d0d0]
[    0.014636] ACPI: Reserving FACS table memory at [mem 0x4cd17080-0x4cd170bf]
[    0.014637] ACPI: Reserving FPDT table memory at [mem 0x4c22d1f0-0x4c22d233]
[    0.014637] ACPI: Reserving FIDT table memory at [mem 0x4c22d238-0x4c22d2d3]
[    0.014638] ACPI: Reserving UEFI table memory at [mem 0x4c22d2d8-0x4c22d319]
[    0.014638] ACPI: Reserving MCFG table memory at [mem 0x4c22d320-0x4c22d35b]
[    0.014639] ACPI: Reserving HPET table memory at [mem 0x4c22d360-0x4c22d397]
[    0.014640] ACPI: Reserving APIC table memory at [mem 0x4c22d398-0x4c22dab5]
[    0.014640] ACPI: Reserving MCFG table memory at [mem 0x4c22dab8-0x4c22daf3]
[    0.014641] ACPI: Reserving MIGT table memory at [mem 0x4c22daf8-0x4c22db37]
[    0.014641] ACPI: Reserving MSCT table memory at [mem 0x4c22db38-0x4c22db85]
[    0.014642] ACPI: Reserving PCCT table memory at [mem 0x4c22db88-0x4c22dbf5]
[    0.014642] ACPI: Reserving RASF table memory at [mem 0x4c22dbf8-0x4c22dc27]
[    0.014643] ACPI: Reserving SLIT table memory at [mem 0x4c22dc28-0x4c22dc93]
[    0.014643] ACPI: Reserving SRAT table memory at [mem 0x4c22dc98-0x4c22e6c7]
[    0.014644] ACPI: Reserving SVOS table memory at [mem 0x4c22e6c8-0x4c22e6f9]
[    0.014644] ACPI: Reserving WDDT table memory at [mem 0x4c22e700-0x4c22e73f]
[    0.014645] ACPI: Reserving OEM4 table memory at [mem 0x4c22e740-0x4c2581b1]
[    0.014646] ACPI: Reserving OEM1 table memory at [mem 0x4c2581b8-0x4c262d82]
[    0.014646] ACPI: Reserving SSDT table memory at [mem 0x4c262d88-0x4c2701ae]
[    0.014647] ACPI: Reserving NITR table memory at [mem 0x4c2701b0-0x4c270220]
[    0.014647] ACPI: Reserving SSDT table memory at [mem 0x4c270228-0x4c270b40]
[    0.014648] ACPI: Reserving LPIT table memory at [mem 0x4c270b48-0x4c270bdb]
[    0.014648] ACPI: Reserving WSMT table memory at [mem 0x4c270be0-0x4c270c07]
[    0.014649] ACPI: Reserving WDAT table memory at [mem 0x4c270c08-0x4c270d3b]
[    0.014650] ACPI: Reserving SSDT table memory at [mem 0x4c270d40-0x4c270fde]
[    0.014650] ACPI: Reserving SSDT table memory at [mem 0x4c270fe0-0x4c273fe1]
[    0.014651] ACPI: Reserving DBGP table memory at [mem 0x4c273fe8-0x4c27401b]
[    0.014651] ACPI: Reserving DBG2 table memory at [mem 0x4c274020-0x4c274073]
[    0.014652] ACPI: Reserving TPM2 table memory at [mem 0x4c274078-0x4c2740ab]
[    0.014653] ACPI: Reserving BGRT table memory at [mem 0x4c2740b0-0x4c2740e7]
[    0.014653] ACPI: Reserving DMAR table memory at [mem 0x4c2740e8-0x4c2741df]
[    0.014654] ACPI: Reserving WSMT table memory at [mem 0x4c2741e0-0x4c274207]
[    0.014670] SRAT: PXM 0 -> APIC 0x00 -> Node 0
[    0.014671] SRAT: PXM 0 -> APIC 0x02 -> Node 0
[    0.014671] SRAT: PXM 0 -> APIC 0x04 -> Node 0
[    0.014672] SRAT: PXM 0 -> APIC 0x06 -> Node 0
[    0.014672] SRAT: PXM 0 -> APIC 0x08 -> Node 0
[    0.014672] SRAT: PXM 0 -> APIC 0x0a -> Node 0
[    0.014673] SRAT: PXM 0 -> APIC 0x0c -> Node 0
[    0.014673] SRAT: PXM 0 -> APIC 0x10 -> Node 0
[    0.014674] SRAT: PXM 0 -> APIC 0x12 -> Node 0
[    0.014674] SRAT: PXM 0 -> APIC 0x14 -> Node 0
[    0.014675] SRAT: PXM 0 -> APIC 0x16 -> Node 0
[    0.014675] SRAT: PXM 0 -> APIC 0x18 -> Node 0
[    0.014676] SRAT: PXM 0 -> APIC 0x1a -> Node 0
[    0.014676] SRAT: PXM 0 -> APIC 0x1c -> Node 0
[    0.014677] SRAT: PXM 0 -> APIC 0x01 -> Node 0
[    0.014677] SRAT: PXM 0 -> APIC 0x03 -> Node 0
[    0.014678] SRAT: PXM 0 -> APIC 0x05 -> Node 0
[    0.014678] SRAT: PXM 0 -> APIC 0x07 -> Node 0
[    0.014678] SRAT: PXM 0 -> APIC 0x09 -> Node 0
[    0.014679] SRAT: PXM 0 -> APIC 0x0b -> Node 0
[    0.014679] SRAT: PXM 0 -> APIC 0x0d -> Node 0
[    0.014680] SRAT: PXM 0 -> APIC 0x11 -> Node 0
[    0.014680] SRAT: PXM 0 -> APIC 0x13 -> Node 0
[    0.014681] SRAT: PXM 0 -> APIC 0x15 -> Node 0
[    0.014681] SRAT: PXM 0 -> APIC 0x17 -> Node 0
[    0.014682] SRAT: PXM 0 -> APIC 0x19 -> Node 0
[    0.014682] SRAT: PXM 0 -> APIC 0x1b -> Node 0
[    0.014682] SRAT: PXM 0 -> APIC 0x1d -> Node 0
[    0.014687] ACPI: SRAT: Node 0 PXM 0 [mem 0x00000000-0xffffffff]
[    0.014688] ACPI: SRAT: Node 0 PXM 0 [mem 0x100000000-0x109fffffff]
[    0.014693] NUMA: Initialized distance table, cnt=1
[    0.014696] NUMA: Node 0 [mem 0x00000000-0xffffffff] + [mem 0x100000000-0x109fffffff] -> [mem 0x00000000-0x109fffffff]
[    0.014704] NODE_DATA(0) allocated [mem 0x109ffd4000-0x109fffefff]
[    0.077295] Zone ranges:
[    0.077296]   DMA      [mem 0x0000000000001000-0x0000000000ffffff]
[    0.077298]   DMA32    [mem 0x0000000001000000-0x00000000ffffffff]
[    0.077299]   Normal   [mem 0x0000000100000000-0x000000109fffffff]
[    0.077300]   Device   empty
[    0.077300] Movable zone start for each node
[    0.077302] Early memory node ranges
[    0.077302]   node   0: [mem 0x0000000000001000-0x000000000003efff]
[    0.077303]   node   0: [mem 0x0000000000040000-0x000000000009ffff]
[    0.077304]   node   0: [mem 0x0000000000100000-0x000000004a0e7fff]
[    0.077305]   node   0: [mem 0x000000004bfb8000-0x000000004c210fff]
[    0.077305]   node   0: [mem 0x000000004daa8000-0x000000004fffffff]
[    0.077306]   node   0: [mem 0x0000000100000000-0x000000109fffffff]
[    0.077311] Initmem setup node 0 [mem 0x0000000000001000-0x000000109fffffff]
[    0.077314] On node 0, zone DMA: 1 pages in unavailable ranges
[    0.077316] On node 0, zone DMA: 1 pages in unavailable ranges
[    0.077350] On node 0, zone DMA: 96 pages in unavailable ranges
[    0.080145] On node 0, zone DMA32: 7888 pages in unavailable ranges
[    0.080310] On node 0, zone DMA32: 6295 pages in unavailable ranges
[    0.080826] ACPI: PM-Timer IO Port: 0x1808
[    0.080835] ACPI: X2APIC_NMI (uid[0xffffffff] high level lint[0x1])
[    0.080837] ACPI: LAPIC_NMI (acpi_id[0xff] high level lint[0x1])
[    0.080863] IOAPIC[0]: apic_id 8, version 32, address 0xfec00000, GSI 0-23
[    0.080867] IOAPIC[1]: apic_id 9, version 32, address 0xfec01000, GSI 24-31
[    0.080870] IOAPIC[2]: apic_id 10, version 32, address 0xfec08000, GSI 32-39
[    0.080874] IOAPIC[3]: apic_id 11, version 32, address 0xfec10000, GSI 40-47
[    0.080877] IOAPIC[4]: apic_id 12, version 32, address 0xfec18000, GSI 48-55
[    0.080879] ACPI: INT_SRC_OVR (bus 0 bus_irq 0 global_irq 2 dfl dfl)
[    0.080880] ACPI: INT_SRC_OVR (bus 0 bus_irq 9 global_irq 9 high level)
[    0.080884] ACPI: Using ACPI (MADT) for SMP configuration information
[    0.080885] ACPI: HPET id: 0x8086a701 base: 0xfed00000
[    0.080890] e820: update [mem 0x47c64000-0x47ea4fff] usable ==> reserved
[    0.080900] TSC deadline timer available
[    0.080901] smpboot: Allowing 28 CPUs, 0 hotplug CPUs
[    0.080920] [mem 0x70000000-0xfdffffff] available for PCI devices
[    0.080921] Booting paravirtualized kernel on bare hardware
[    0.080923] clocksource: refined-jiffies: mask: 0xffffffff max_cycles: 0xffffffff, max_idle_ns: 6370452778343963 ns
[    0.087302] setup_percpu: NR_CPUS:8192 nr_cpumask_bits:28 nr_cpu_ids:28 nr_node_ids:1
[    0.088084] percpu: Embedded 58 pages/cpu s198032 r8192 d31344 u262144
[    0.088095] pcpu-alloc: s198032 r8192 d31344 u262144 alloc=1*2097152
[    0.088097] pcpu-alloc: [0] 00 01 02 03 04 05 06 07 [0] 08 09 10 11 12 13 14 15 
[    0.088103] pcpu-alloc: [0] 16 17 18 19 20 21 22 23 [0] 24 25 26 27 -- -- -- -- 
[    0.088150] Fallback order for Node 0: 0 
[    0.088153] Built 1 zonelists, mobility grouping on.  Total pages: 16436342
[    0.088154] Policy zone: Normal
[    0.088155] Kernel command line: BOOT_IMAGE=/vmlinuz-6.1.124-hardened1 root=PARTUUID=XXX ro loglevel=3 ibt=off quiet mds=full raid=noautodetect
[    0.088262] Unknown kernel command line parameters "BOOT_IMAGE=/vmlinuz-6.1.124-hardened1", will be passed to user space.
[    0.088269] random: crng init done
[    0.092149] Dentry cache hash table entries: 8388608 (order: 14, 67108864 bytes, linear)
[    0.094091] Inode-cache hash table entries: 4194304 (order: 13, 33554432 bytes, linear)
[    0.094278] mem auto-init: stack:all(pattern), heap alloc:on, heap free:on
[    0.094279] mem auto-init: clearing system memory may take some time...
[    0.094286] software IO TLB: area num 32.
[    0.194140] Memory: 1195228K/66789596K available (26639K kernel code, 4272K rwdata, 12676K rodata, 3972K init, 8520K bss, 1407160K reserved, 0K cma-reserved)
[    0.195866] SLUB: HWalign=64, Order=0-3, MinObjects=0, CPUs=28, Nodes=1
[    0.195868] kmemleak: Kernel memory leak detector disabled
[    0.195879] Kernel/User page tables isolation: enabled
[    0.195910] ftrace: allocating 71464 entries in 280 pages
[    0.205781] ftrace: allocated 280 pages with 3 groups
[    0.206760] Dynamic Preempt: voluntary
[    0.206813] rcu: Preemptible hierarchical RCU implementation.
[    0.206813] rcu: 	RCU restricting CPUs from NR_CPUS=8192 to nr_cpu_ids=28.
[    0.206815] 	Trampoline variant of Tasks RCU enabled.
[    0.206815] 	Rude variant of Tasks RCU enabled.
[    0.206815] 	Tracing variant of Tasks RCU enabled.
[    0.206816] rcu: RCU calculated value of scheduler-enlistment delay is 30 jiffies.
[    0.206816] rcu: Adjusting geometry for rcu_fanout_leaf=16, nr_cpu_ids=28
[    0.211551] NR_IRQS: 524544, nr_irqs: 1192, preallocated irqs: 16
[    0.211760] rcu: 	Offload RCU callbacks from CPUs: 0-27.
[    0.211764] rcu: srcu_init: Setting srcu_struct sizes based on contention.
[    0.211930] Console: colour dummy device 80x25
[    0.211945] printk: console [tty0] enabled
[    0.211969] ACPI: Core revision 20220331
[    0.212224] clocksource: hpet: mask: 0xffffffff max_cycles: 0xffffffff, max_idle_ns: 79635855245 ns
[    0.212290] APIC: Switch to symmetric I/O mode setup
[    0.212292] DMAR: Host address width 46
[    0.212293] DMAR: DRHD base: 0x000000b5ffc000 flags: 0x0
[    0.212298] DMAR: dmar0: reg_base_addr b5ffc000 ver 1:0 cap 8d2078c106f0466 ecap f020df
[    0.212300] DMAR: DRHD base: 0x000000d8ffc000 flags: 0x0
[    0.212303] DMAR: dmar1: reg_base_addr d8ffc000 ver 1:0 cap 8d2078c106f0466 ecap f020df
[    0.212304] DMAR: DRHD base: 0x000000fbffc000 flags: 0x0
[    0.212307] DMAR: dmar2: reg_base_addr fbffc000 ver 1:0 cap 8d2078c106f0466 ecap f020df
[    0.212308] DMAR: DRHD base: 0x00000092ffc000 flags: 0x1
[    0.212310] DMAR: dmar3: reg_base_addr 92ffc000 ver 1:0 cap 8d2078c106f0466 ecap f020df
[    0.212311] DMAR: RMRR base: 0x0000004cd0f000 end: 0x0000004cd11fff
[    0.212312] DMAR: ATSR flags: 0x0
[    0.212314] DMAR-IR: IOAPIC id 12 under DRHD base  0xfbffc000 IOMMU 2
[    0.212315] DMAR-IR: IOAPIC id 11 under DRHD base  0xd8ffc000 IOMMU 1
[    0.212316] DMAR-IR: IOAPIC id 10 under DRHD base  0xb5ffc000 IOMMU 0
[    0.212317] DMAR-IR: IOAPIC id 8 under DRHD base  0x92ffc000 IOMMU 3
[    0.212317] DMAR-IR: IOAPIC id 9 under DRHD base  0x92ffc000 IOMMU 3
[    0.212318] DMAR-IR: HPET id 0 under DRHD base 0x92ffc000
[    0.212319] DMAR-IR: x2apic is disabled because BIOS sets x2apic opt out bit.
[    0.212319] DMAR-IR: Use 'intremap=no_x2apic_optout' to override the BIOS setting.
[    0.213273] DMAR-IR: Enabled IRQ remapping in xapic mode
[    0.213275] x2apic: IRQ remapping doesn't support X2APIC mode
[    0.213284] Switched APIC routing to physical flat.
[    0.214436] ..TIMER: vector=0x30 apic1=0 pin1=2 apic2=-1 pin2=-1
[    0.228909] clocksource: tsc-early: mask: 0xffffffffffffffff max_cycles: 0x2caf46e03c8, max_idle_ns: 440795329092 ns
[    0.228913] Calibrating delay loop (skipped), value calculated using timer frequency.. 6202.33 BogoMIPS (lpj=10333330)
[    0.228933] CPU0: Thermal monitoring enabled (TM1)
[    0.228988] process: using mwait in idle threads
[    0.228990] Last level iTLB entries: 4KB 64, 2MB 8, 4MB 8
[    0.228991] Last level dTLB entries: 4KB 64, 2MB 0, 4MB 0, 1GB 4
[    0.228996] Spectre V1 : Mitigation: usercopy/swapgs barriers and __user pointer sanitization
[    0.228997] Spectre V2 : Mitigation: IBRS
[    0.228998] Spectre V2 : Spectre v2 / SpectreRSB mitigation: Filling RSB on context switch
[    0.228998] Spectre V2 : Spectre v2 / SpectreRSB : Filling RSB on VMEXIT
[    0.228999] RETBleed: Mitigation: IBRS
[    0.229000] Spectre V2 : mitigation: Enabling conditional Indirect Branch Prediction Barrier
[    0.229001] Spectre V2 : User space: Mitigation: STIBP via prctl
[    0.229002] Speculative Store Bypass: Mitigation: Speculative Store Bypass disabled via prctl
[    0.229006] MDS: Mitigation: Clear CPU buffers
[    0.229007] TAA: Mitigation: Clear CPU buffers
[    0.229007] MMIO Stale Data: Mitigation: Clear CPU buffers
[    0.229013] GDS: Mitigation: Microcode
[    0.229018] x86/fpu: Supporting XSAVE feature 0x001: 'x87 floating point registers'
[    0.229019] x86/fpu: Supporting XSAVE feature 0x002: 'SSE registers'
[    0.229020] x86/fpu: Supporting XSAVE feature 0x004: 'AVX registers'
[    0.229021] x86/fpu: Supporting XSAVE feature 0x008: 'MPX bounds registers'
[    0.229021] x86/fpu: Supporting XSAVE feature 0x010: 'MPX CSR'
[    0.229022] x86/fpu: Supporting XSAVE feature 0x020: 'AVX-512 opmask'
[    0.229023] x86/fpu: Supporting XSAVE feature 0x040: 'AVX-512 Hi256'
[    0.229024] x86/fpu: Supporting XSAVE feature 0x080: 'AVX-512 ZMM_Hi256'
[    0.229025] x86/fpu: xstate_offset[2]:  576, xstate_sizes[2]:  256
[    0.229026] x86/fpu: xstate_offset[3]:  832, xstate_sizes[3]:   64
[    0.229027] x86/fpu: xstate_offset[4]:  896, xstate_sizes[4]:   64
[    0.229028] x86/fpu: xstate_offset[5]:  960, xstate_sizes[5]:   64
[    0.229029] x86/fpu: xstate_offset[6]: 1024, xstate_sizes[6]:  512
[    0.229030] x86/fpu: xstate_offset[7]: 1536, xstate_sizes[7]: 1024
[    0.229031] x86/fpu: Enabled xstate features 0xff, context size is 2560 bytes, using 'compacted' format.
[    0.253643] Freeing SMP alternatives memory: 68K
[    0.253644] pid_max: default: 32768 minimum: 301
[    0.262283] LSM: Security Framework initializing
[    0.262297] SELinux:  Initializing.
[    0.262318] Stack Depot allocating hash table of 131072 entries with kvcalloc
[    0.262508] Mount-cache hash table entries: 131072 (order: 8, 1048576 bytes, linear)
[    0.262591] Mountpoint-cache hash table entries: 131072 (order: 8, 1048576 bytes, linear)
[    0.263138] smpboot: CPU0: Intel(R) Core(TM) i9-7940X CPU @ 3.10GHz (family: 0x6, model: 0x55, stepping: 0x4)
[    0.263241] cblist_init_generic: Setting adjustable number of callback queues.
[    0.263242] cblist_init_generic: Setting shift to 5 and lim to 1.
[    0.263258] cblist_init_generic: Setting adjustable number of callback queues.
[    0.263258] cblist_init_generic: Setting shift to 5 and lim to 1.
[    0.263270] cblist_init_generic: Setting adjustable number of callback queues.
[    0.263270] cblist_init_generic: Setting shift to 5 and lim to 1.
[    0.263282] Performance Events: PEBS fmt3+, Skylake events, 32-deep LBR, full-width counters, Intel PMU driver.
[    0.263304] ... version:                4
[    0.263304] ... bit width:              48
[    0.263305] ... generic registers:      4
[    0.263305] ... value mask:             0000ffffffffffff
[    0.263306] ... max period:             00007fffffffffff
[    0.263307] ... fixed-purpose events:   3
[    0.263307] ... event mask:             000000070000000f
[    0.263400] signal: max sigframe size: 3216
[    0.263414] Estimated ratio of average max frequency by base frequency (times 1024): 1453
[    0.263428] rcu: Hierarchical SRCU implementation.
[    0.263428] rcu: 	Max phase no-delay instances is 1000.
[    0.265120] NMI watchdog: Enabled. Permanently consumes one hw-PMU counter.
[    0.265346] smp: Bringing up secondary CPUs ...
[    0.265440] x86: Booting SMP configuration:
[    0.265441] .... node  #0, CPUs:        #1
[    0.000357] [Firmware Bug]: TSC ADJUST differs within socket(s), fixing all errors
[    0.268923]   #2  #3  #4  #5  #6  #7  #8  #9 #10 #11 #12 #13 #14
[    0.319953] MDS CPU bug present and SMT on, data leak possible. See https://www.kernel.org/doc/html/latest/admin-guide/hw-vuln/mds.html for more details.
[    0.319953] TAA CPU bug present and SMT on, data leak possible. See https://www.kernel.org/doc/html/latest/admin-guide/hw-vuln/tsx_async_abort.html for more details.
[    0.319953] MMIO Stale Data CPU bug present and SMT on, data leak possible. See https://www.kernel.org/doc/html/latest/admin-guide/hw-vuln/processor_mmio_stale_data.html for more details.
[    0.319953]  #15 #16 #17 #18 #19 #20 #21 #22 #23 #24 #25 #26 #27
[    0.336490] smp: Brought up 1 node, 28 CPUs
[    0.336490] smpboot: Max logical packages: 1
[    0.336490] smpboot: Total of 28 processors activated (173669.27 BogoMIPS)
[    2.005728] node 0 deferred pages initialised in 1667ms
[    2.010447] devtmpfs: initialized
[    2.010447] x86/mm: Memory block size: 2048MB
[    2.010447] clocksource: jiffies: mask: 0xffffffff max_cycles: 0xffffffff, max_idle_ns: 6370867519511994 ns
[    2.010447] futex hash table entries: 8192 (order: 7, 524288 bytes, linear)
[    2.010447] pinctrl core: initialized pinctrl subsystem
[    2.010447] regulator-dummy: no parameters, enabled
[    2.010447] PM: RTC time: 18:47:34, date: 2025-02-21
[    2.010447] NET: Registered PF_NETLINK/PF_ROUTE protocol family
[    2.010447] audit: initializing netlink subsys (disabled)
[    2.010447] audit: type=2000 audit(1740163653.799:1): state=initialized audit_enabled=0 res=1
[    2.012252] i2c-core: driver [dummy] registered
[    2.012260] thermal_sys: Registered thermal governor 'fair_share'
[    2.012261] thermal_sys: Registered thermal governor 'bang_bang'
[    2.012262] thermal_sys: Registered thermal governor 'step_wise'
[    2.012263] thermal_sys: Registered thermal governor 'user_space'
[    2.012263] thermal_sys: Registered thermal governor 'power_allocator'
[    2.012277] cpuidle: using governor ladder
[    2.012277] cpuidle: using governor menu
[    2.012277] Detected 1 PCC Subspaces
[    2.012277] Registering PCC driver as Mailbox controller
[    2.012292] acpiphp: ACPI Hot Plug PCI Controller Driver version: 0.5
[    2.012371] PCI: MMCONFIG for domain 0000 [bus 00-ff] at [mem 0x60000000-0x6fffffff] (base 0x60000000)
[    2.012374] PCI: MMCONFIG at [mem 0x60000000-0x6fffffff] reserved in E820
[    2.012380] pmd_set_huge: Cannot satisfy [mem 0x60000000-0x60200000] with a huge-page mapping due to MTRR override.
[    2.012717] PCI: Using configuration type 1 for base access
[    2.013308] ENERGY_PERF_BIAS: Set to 'normal', was 'performance'
[    2.015609] kprobes: kprobe jump-optimization is enabled. All kprobes are optimized if possible.
[    2.015611] HugeTLB: registered 1.00 GiB page size, pre-allocated 0 pages
[    2.015611] HugeTLB: 16380 KiB vmemmap can be freed for a 1.00 GiB page
[    2.015611] HugeTLB: registered 2.00 MiB page size, pre-allocated 0 pages
[    2.015611] HugeTLB: 28 KiB vmemmap can be freed for a 2.00 MiB page
[    2.015617] cryptd: max_cpu_qlen set to 1000
[    2.015642] raid6: skipped pq benchmark and selected avx512x4
[    2.015642] raid6: using avx512x2 recovery algorithm
[    2.015642] ACPI: Added _OSI(Module Device)
[    2.015642] ACPI: Added _OSI(Processor Device)
[    2.015642] ACPI: Added _OSI(3.0 _SCP Extensions)
[    2.015642] ACPI: Added _OSI(Processor Aggregator Device)
[    2.045050] ACPI: 5 ACPI AML tables successfully acquired and loaded
[    2.049074] ACPI: Dynamic OEM Table Load:
[    2.050369] ACPI: Dynamic OEM Table Load:
[    2.058123] ACPI: Dynamic OEM Table Load:
[    2.106263] ACPI: Interpreter enabled
[    2.106269] ACPI: PM: (supports S0 S5)
[    2.106269] ACPI: Using IOAPIC for interrupt routing
[    2.106292] PCI: Using host bridge windows from ACPI; if necessary, use "pci=nocrs" and report a bug
[    2.106293] PCI: Using E820 reservations for host bridge windows
[    2.106781] ACPI: Enabled 7 GPEs in block 00 to 7F
[    2.126312] ACPI BIOS Error (bug): Could not resolve symbol [\SHAD._STA.SDS0], AE_NOT_FOUND (20220331/psargs-332)
[    2.126317] ACPI Error: Aborting method \SHAD._STA due to previous error (AE_NOT_FOUND) (20220331/psparse-529)
[    2.133271] ACPI: PCI Root Bridge [PC00] (domain 0000 [bus 00-15])
[    2.133276] acpi PNP0A08:00: _OSC: OS supports [ExtendedConfig ASPM ClockPM Segments MSI HPX-Type3]
[    2.133349] acpi PNP0A08:00: _OSC: platform does not support [SHPCHotplug AER LTR]
[    2.133478] acpi PNP0A08:00: _OSC: OS now controls [PCIeHotplug PME PCIeCapability]
[    2.134460] PCI host bridge to bus 0000:00
[    2.134461] pci_bus 0000:00: root bus resource [io  0x0000-0x0cf7 window]
[    2.134463] pci_bus 0000:00: root bus resource [io  0x1000-0x3fff window]
[    2.134464] pci_bus 0000:00: root bus resource [mem 0x000c4000-0x000c7fff window]
[    2.134466] pci_bus 0000:00: root bus resource [mem 0xfe010000-0xfe010fff window]
[    2.134467] pci_bus 0000:00: root bus resource [mem 0x70000000-0x92ffffff window]
[    2.134468] pci_bus 0000:00: root bus resource [mem 0x380000000000-0x383fffffffff window]
[    2.134469] pci_bus 0000:00: root bus resource [bus 00-15]
[    2.134475] pci_bus 0000:00: scanning bus
[    2.134493] pci 0000:00:00.0: [8086:2020] type 00 class 0x060000
[    2.134615] pci 0000:00:04.0: [8086:2021] type 00 class 0x088000
[    2.134628] pci 0000:00:04.0: reg 0x10: [mem 0x383ffff2c000-0x383ffff2ffff 64bit]
[    2.134716] pci 0000:00:04.1: [8086:2021] type 00 class 0x088000
[    2.134729] pci 0000:00:04.1: reg 0x10: [mem 0x383ffff28000-0x383ffff2bfff 64bit]
[    2.134813] pci 0000:00:04.2: [8086:2021] type 00 class 0x088000
[    2.134825] pci 0000:00:04.2: reg 0x10: [mem 0x383ffff24000-0x383ffff27fff 64bit]
[    2.134911] pci 0000:00:04.3: [8086:2021] type 00 class 0x088000
[    2.134923] pci 0000:00:04.3: reg 0x10: [mem 0x383ffff20000-0x383ffff23fff 64bit]
[    2.135008] pci 0000:00:04.4: [8086:2021] type 00 class 0x088000
[    2.135020] pci 0000:00:04.4: reg 0x10: [mem 0x383ffff1c000-0x383ffff1ffff 64bit]
[    2.135103] pci 0000:00:04.5: [8086:2021] type 00 class 0x088000
[    2.135116] pci 0000:00:04.5: reg 0x10: [mem 0x383ffff18000-0x383ffff1bfff 64bit]
[    2.135199] pci 0000:00:04.6: [8086:2021] type 00 class 0x088000
[    2.135211] pci 0000:00:04.6: reg 0x10: [mem 0x383ffff14000-0x383ffff17fff 64bit]
[    2.135294] pci 0000:00:04.7: [8086:2021] type 00 class 0x088000
[    2.135306] pci 0000:00:04.7: reg 0x10: [mem 0x383ffff10000-0x383ffff13fff 64bit]
[    2.135388] pci 0000:00:05.0: [8086:2024] type 00 class 0x088000
[    2.135473] pci 0000:00:05.2: [8086:2025] type 00 class 0x088000
[    2.135544] pci 0000:00:05.4: [8086:2026] type 00 class 0x080020
[    2.135555] pci 0000:00:05.4: reg 0x10: [mem 0x92f28000-0x92f28fff]
[    2.135645] pci 0000:00:08.0: [8086:2014] type 00 class 0x088000
[    2.135718] pci 0000:00:08.1: [8086:2015] type 00 class 0x110100
[    2.135767] pci 0000:00:08.2: [8086:2016] type 00 class 0x088000
[    2.135846] pci 0000:00:14.0: [8086:a2af] type 00 class 0x0c0330
[    2.135868] pci 0000:00:14.0: reg 0x10: [mem 0x383ffff00000-0x383ffff0ffff 64bit]
[    2.135939] pci 0000:00:14.0: PME# supported from D3hot D3cold
[    2.135943] pci 0000:00:14.0: PME# disabled
[    2.136161] pci 0000:00:14.2: [8086:a2b1] type 00 class 0x118000
[    2.136182] pci 0000:00:14.2: reg 0x10: [mem 0x383ffff34000-0x383ffff34fff 64bit]
[    2.136350] pci 0000:00:15.0: [8086:a2e0] type 00 class 0x118000
[    2.136519] pci 0000:00:15.0: reg 0x10: [mem 0x383ffff33000-0x383ffff33fff 64bit]
[    2.137073] pci 0000:00:15.1: [8086:a2e1] type 00 class 0x118000
[    2.137242] pci 0000:00:15.1: reg 0x10: [mem 0x383ffff32000-0x383ffff32fff 64bit]
[    2.137774] pci 0000:00:16.0: [8086:a2ba] type 00 class 0x078000
[    2.137798] pci 0000:00:16.0: reg 0x10: [mem 0x383ffff31000-0x383ffff31fff 64bit]
[    2.137868] pci 0000:00:16.0: PME# supported from D3hot
[    2.137873] pci 0000:00:16.0: PME# disabled
[    2.137957] pci 0000:00:17.0: [8086:a282] type 00 class 0x010601
[    2.137973] pci 0000:00:17.0: reg 0x10: [mem 0x92f24000-0x92f25fff]
[    2.137984] pci 0000:00:17.0: reg 0x14: [mem 0x92f27000-0x92f270ff]
[    2.137993] pci 0000:00:17.0: reg 0x18: [io  0x3050-0x3057]
[    2.138003] pci 0000:00:17.0: reg 0x1c: [io  0x3040-0x3043]
[    2.138013] pci 0000:00:17.0: reg 0x20: [io  0x3020-0x303f]
[    2.138023] pci 0000:00:17.0: reg 0x24: [mem 0x92f26000-0x92f267ff]
[    2.138056] pci 0000:00:17.0: PME# supported from D3hot
[    2.138060] pci 0000:00:17.0: PME# disabled
[    2.138250] pci 0000:00:1b.0: [8086:a2eb] type 01 class 0x060400
[    2.138321] pci 0000:00:1b.0: PME# supported from D0 D3hot D3cold
[    2.138325] pci 0000:00:1b.0: PME# disabled
[    2.138336] pci 0000:00:1b.0: Intel SPT PCH root port ACS workaround enabled
[    2.138790] pci 0000:00:1c.0: [8086:a290] type 01 class 0x060400
[    2.138861] pci 0000:00:1c.0: PME# supported from D0 D3hot D3cold
[    2.138865] pci 0000:00:1c.0: PME# disabled
[    2.138876] pci 0000:00:1c.0: Intel SPT PCH root port ACS workaround enabled
[    2.139312] pci 0000:00:1c.5: [8086:a295] type 01 class 0x060400
[    2.139383] pci 0000:00:1c.5: PME# supported from D0 D3hot D3cold
[    2.139386] pci 0000:00:1c.5: PME# disabled
[    2.139398] pci 0000:00:1c.5: Intel SPT PCH root port ACS workaround enabled
[    2.139822] pci 0000:00:1c.7: [8086:a297] type 01 class 0x060400
[    2.139893] pci 0000:00:1c.7: PME# supported from D0 D3hot D3cold
[    2.139896] pci 0000:00:1c.7: PME# disabled
[    2.139907] pci 0000:00:1c.7: Intel SPT PCH root port ACS workaround enabled
[    2.140331] pci 0000:00:1d.0: [8086:a298] type 01 class 0x060400
[    2.140402] pci 0000:00:1d.0: PME# supported from D0 D3hot D3cold
[    2.140405] pci 0000:00:1d.0: PME# disabled
[    2.140417] pci 0000:00:1d.0: Intel SPT PCH root port ACS workaround enabled
[    2.140862] pci 0000:00:1f.0: [8086:a2d2] type 00 class 0x060100
[    2.141127] pci 0000:00:1f.2: [8086:a2a1] type 00 class 0x058000
[    2.141141] pci 0000:00:1f.2: reg 0x10: [mem 0x92f20000-0x92f23fff]
[    2.141351] pci 0000:00:1f.4: [8086:a2a3] type 00 class 0x0c0500
[    2.141407] pci 0000:00:1f.4: reg 0x10: [mem 0x383ffff30000-0x383ffff300ff 64bit]
[    2.141477] pci 0000:00:1f.4: reg 0x20: [io  0x3000-0x301f]
[    2.141609] pci 0000:00:1f.6: [8086:15b8] type 00 class 0x020000
[    2.141628] pci 0000:00:1f.6: reg 0x10: [mem 0x92f00000-0x92f1ffff]
[    2.141718] pci 0000:00:1f.6: PME# supported from D0 D3hot D3cold
[    2.141723] pci 0000:00:1f.6: PME# disabled
[    2.141875] pci_bus 0000:00: fixups for bus
[    2.141877] pci 0000:00:1b.0: scanning [bus 01-01] behind bridge, pass 0
[    2.141906] pci_bus 0000:01: scanning bus
[    2.141919] pci 0000:01:00.0: [c0a9:540a] type 00 class 0x010802
[    2.141945] pci 0000:01:00.0: reg 0x10: [mem 0x92e00000-0x92e03fff 64bit]
[    2.142006] pci 0000:01:00.0: enabling Extended Tags
[    2.142175] pci_bus 0000:01: fixups for bus
[    2.142175] pci 0000:00:1b.0: PCI bridge to [bus 01]
[    2.142179] pci 0000:00:1b.0:   bridge window [mem 0x92e00000-0x92efffff]
[    2.142182] pci_bus 0000:01: bus scan returning with max=01
[    2.142185] pci 0000:00:1c.0: scanning [bus 02-02] behind bridge, pass 0
[    2.142214] pci_bus 0000:02: scanning bus
[    2.142230] pci 0000:02:00.0: [1b21:2142] type 00 class 0x0c0330
[    2.142258] pci 0000:02:00.0: reg 0x10: [mem 0x92d00000-0x92d07fff 64bit]
[    2.142320] pci 0000:02:00.0: enabling Extended Tags
[    2.142381] pci 0000:02:00.0: PME# supported from D0 D3hot D3cold
[    2.142385] pci 0000:02:00.0: PME# disabled
[    2.142497] pci_bus 0000:02: fixups for bus
[    2.142498] pci 0000:00:1c.0: PCI bridge to [bus 02]
[    2.142501] pci 0000:00:1c.0:   bridge window [mem 0x92d00000-0x92dfffff]
[    2.142504] pci_bus 0000:02: bus scan returning with max=02
[    2.142507] pci 0000:00:1c.5: scanning [bus 03-03] behind bridge, pass 0
[    2.142537] pci_bus 0000:03: scanning bus
[    2.142554] pci 0000:03:00.0: [1969:e0b1] type 00 class 0x020000
[    2.142580] pci 0000:03:00.0: reg 0x10: [mem 0x92c00000-0x92c3ffff 64bit]
[    2.142589] pci 0000:03:00.0: reg 0x18: [io  0x2000-0x207f]
[    2.142635] pci 0000:03:00.0: [Firmware Bug]: disabling VPD access (can't determine size of non-standard VPD format)
[    2.142685] pci 0000:03:00.0: PME# supported from D0 D1 D2 D3hot D3cold
[    2.142690] pci 0000:03:00.0: PME# disabled
[    2.142781] pci_bus 0000:03: fixups for bus
[    2.142782] pci 0000:00:1c.5: PCI bridge to [bus 03]
[    2.142784] pci 0000:00:1c.5:   bridge window [io  0x2000-0x2fff]
[    2.142786] pci 0000:00:1c.5:   bridge window [mem 0x92c00000-0x92cfffff]
[    2.142789] pci_bus 0000:03: bus scan returning with max=03
[    2.142792] pci 0000:00:1c.7: scanning [bus 04-04] behind bridge, pass 0
[    2.142821] pci_bus 0000:04: scanning bus
[    2.142840] pci 0000:04:00.0: [1b21:1142] type 00 class 0x0c0330
[    2.142872] pci 0000:04:00.0: reg 0x10: [mem 0x92b00000-0x92b07fff 64bit]
[    2.143004] pci 0000:04:00.0: PME# supported from D3cold
[    2.143008] pci 0000:04:00.0: PME# disabled
[    2.143094] pci_bus 0000:04: fixups for bus
[    2.143095] pci 0000:00:1c.7: PCI bridge to [bus 04]
[    2.143098] pci 0000:00:1c.7:   bridge window [mem 0x92b00000-0x92bfffff]
[    2.143101] pci_bus 0000:04: bus scan returning with max=04
[    2.143105] pci 0000:00:1d.0: scanning [bus 05-05] behind bridge, pass 0
[    2.143133] pci_bus 0000:05: scanning bus
[    2.143155] pci 0000:05:00.0: [1344:5416] type 00 class 0x010802
[    2.143194] pci 0000:05:00.0: reg 0x10: [mem 0x92a00000-0x92a03fff 64bit]
[    2.143286] pci 0000:05:00.0: enabling Extended Tags
[    2.143629] pci_bus 0000:05: fixups for bus
[    2.143630] pci 0000:00:1d.0: PCI bridge to [bus 05]
[    2.143633] pci 0000:00:1d.0:   bridge window [mem 0x92a00000-0x92afffff]
[    2.143636] pci_bus 0000:05: bus scan returning with max=05
[    2.143639] pci 0000:00:1b.0: scanning [bus 01-01] behind bridge, pass 1
[    2.143645] pci 0000:00:1c.0: scanning [bus 02-02] behind bridge, pass 1
[    2.143651] pci 0000:00:1c.5: scanning [bus 03-03] behind bridge, pass 1
[    2.143657] pci 0000:00:1c.7: scanning [bus 04-04] behind bridge, pass 1
[    2.143662] pci 0000:00:1d.0: scanning [bus 05-05] behind bridge, pass 1
[    2.143668] pci_bus 0000:00: bus scan returning with max=05
[    2.143669] pci_bus 0000:00: on NUMA node 0
[    2.144424] ACPI: PCI Root Bridge [PC01] (domain 0000 [bus 16-63])
[    2.144427] acpi PNP0A08:01: _OSC: OS supports [ExtendedConfig ASPM ClockPM Segments MSI HPX-Type3]
[    2.144743] acpi PNP0A08:01: _OSC: platform does not support [SHPCHotplug AER LTR]
[    2.145001] acpi PNP0A08:01: _OSC: OS now controls [PCIeHotplug PME PCIeCapability]
[    2.145068] pci_bus 0000:16: dev 00, created physical slot 8191
[    2.145085] pci_bus 0000:16: dev 01, created physical slot 8191-1
[    2.145102] pci_bus 0000:16: dev 02, created physical slot 0
[    2.145119] pci_bus 0000:16: dev 03, created physical slot 8191-2
[    2.145216] PCI host bridge to bus 0000:16
[    2.145217] pci_bus 0000:16: root bus resource [io  0x4000-0x7fff window]
[    2.145219] pci_bus 0000:16: root bus resource [mem 0x93000000-0xb5ffffff window]
[    2.145220] pci_bus 0000:16: root bus resource [mem 0x384000000000-0x387fffffffff window]
[    2.145221] pci_bus 0000:16: root bus resource [bus 16-63]
[    2.145224] pci_bus 0000:16: scanning bus
[    2.145237] pci 0000:16:02.0: [8086:2032] type 01 class 0x060400
[    2.145269] pci 0000:16:02.0: enabling Extended Tags
[    2.145296] pci 0000:16:02.0: PME# supported from D0 D3hot D3cold
[    2.145299] pci 0000:16:02.0: PME# disabled
[    2.145384] pci 0000:16:05.0: [8086:2034] type 00 class 0x088000
[    2.145455] pci 0000:16:05.2: [8086:2035] type 00 class 0x088000
[    2.145523] pci 0000:16:05.4: [8086:2036] type 00 class 0x080020
[    2.145535] pci 0000:16:05.4: reg 0x10: [mem 0xb5f00000-0xb5f00fff]
[    2.145615] pci 0000:16:08.0: [8086:208d] type 00 class 0x088000
[    2.145678] pci 0000:16:08.1: [8086:208d] type 00 class 0x088000
[    2.145725] pci 0000:16:08.2: [8086:208d] type 00 class 0x088000
[    2.145770] pci 0000:16:08.3: [8086:208d] type 00 class 0x088000
[    2.145816] pci 0000:16:08.4: [8086:208d] type 00 class 0x088000
[    2.145864] pci 0000:16:08.5: [8086:208d] type 00 class 0x088000
[    2.145910] pci 0000:16:08.6: [8086:208d] type 00 class 0x088000
[    2.145955] pci 0000:16:08.7: [8086:208d] type 00 class 0x088000
[    2.146001] pci 0000:16:09.0: [8086:208d] type 00 class 0x088000
[    2.146064] pci 0000:16:09.1: [8086:208d] type 00 class 0x088000
[    2.146109] pci 0000:16:09.2: [8086:208d] type 00 class 0x088000
[    2.146155] pci 0000:16:09.3: [8086:208d] type 00 class 0x088000
[    2.146200] pci 0000:16:09.4: [8086:208d] type 00 class 0x088000
[    2.146249] pci 0000:16:09.5: [8086:208d] type 00 class 0x088000
[    2.146294] pci 0000:16:09.6: [8086:208d] type 00 class 0x088000
[    2.146340] pci 0000:16:09.7: [8086:208d] type 00 class 0x088000
[    2.146386] pci 0000:16:0a.0: [8086:208d] type 00 class 0x088000
[    2.146448] pci 0000:16:0a.1: [8086:208d] type 00 class 0x088000
[    2.146499] pci 0000:16:0e.0: [8086:208e] type 00 class 0x088000
[    2.146562] pci 0000:16:0e.1: [8086:208e] type 00 class 0x088000
[    2.146608] pci 0000:16:0e.2: [8086:208e] type 00 class 0x088000
[    2.146656] pci 0000:16:0e.3: [8086:208e] type 00 class 0x088000
[    2.146701] pci 0000:16:0e.4: [8086:208e] type 00 class 0x088000
[    2.146746] pci 0000:16:0e.5: [8086:208e] type 00 class 0x088000
[    2.146792] pci 0000:16:0e.6: [8086:208e] type 00 class 0x088000
[    2.146837] pci 0000:16:0e.7: [8086:208e] type 00 class 0x088000
[    2.146883] pci 0000:16:0f.0: [8086:208e] type 00 class 0x088000
[    2.146947] pci 0000:16:0f.1: [8086:208e] type 00 class 0x088000
[    2.146993] pci 0000:16:0f.2: [8086:208e] type 00 class 0x088000
[    2.147041] pci 0000:16:0f.3: [8086:208e] type 00 class 0x088000
[    2.147087] pci 0000:16:0f.4: [8086:208e] type 00 class 0x088000
[    2.147133] pci 0000:16:0f.5: [8086:208e] type 00 class 0x088000
[    2.147178] pci 0000:16:0f.6: [8086:208e] type 00 class 0x088000
[    2.147224] pci 0000:16:0f.7: [8086:208e] type 00 class 0x088000
[    2.147270] pci 0000:16:10.0: [8086:208e] type 00 class 0x088000
[    2.147332] pci 0000:16:10.1: [8086:208e] type 00 class 0x088000
[    2.147389] pci 0000:16:1d.0: [8086:2054] type 00 class 0x088000
[    2.147454] pci 0000:16:1d.1: [8086:2055] type 00 class 0x088000
[    2.147500] pci 0000:16:1d.2: [8086:2056] type 00 class 0x088000
[    2.147546] pci 0000:16:1d.3: [8086:2057] type 00 class 0x088000
[    2.147594] pci 0000:16:1e.0: [8086:2080] type 00 class 0x088000
[    2.147657] pci 0000:16:1e.1: [8086:2081] type 00 class 0x088000
[    2.147703] pci 0000:16:1e.2: [8086:2082] type 00 class 0x088000
[    2.147750] pci 0000:16:1e.3: [8086:2083] type 00 class 0x088000
[    2.147796] pci 0000:16:1e.4: [8086:2084] type 00 class 0x088000
[    2.147846] pci 0000:16:1e.5: [8086:2085] type 00 class 0x088000
[    2.147892] pci 0000:16:1e.6: [8086:2086] type 00 class 0x088000
[    2.147937] pci_bus 0000:16: fixups for bus
[    2.147939] pci 0000:16:02.0: scanning [bus 17-17] behind bridge, pass 0
[    2.147971] pci_bus 0000:17: scanning bus
[    2.147984] pci 0000:17:00.0: [8086:1528] type 00 class 0x020000
[    2.148002] pci 0000:17:00.0: reg 0x10: [mem 0x387fffc00000-0x387fffdfffff 64bit pref]
[    2.148024] pci 0000:17:00.0: reg 0x20: [mem 0x387fffe04000-0x387fffe07fff 64bit pref]
[    2.148030] pci 0000:17:00.0: reg 0x30: [mem 0xb5e80000-0xb5efffff pref]
[    2.148081] pci 0000:17:00.0: PME# supported from D0 D3hot
[    2.148084] pci 0000:17:00.0: PME# disabled
[    2.148103] pci 0000:17:00.0: reg 0x184: [mem 0x00000000-0x00003fff 64bit]
[    2.148104] pci 0000:17:00.0: VF(n) BAR0 space: [mem 0x00000000-0x000fffff 64bit] (contains BAR0 for 64 VFs)
[    2.148113] pci 0000:17:00.0: reg 0x190: [mem 0x00000000-0x00003fff 64bit]
[    2.148114] pci 0000:17:00.0: VF(n) BAR3 space: [mem 0x00000000-0x000fffff 64bit] (contains BAR3 for 64 VFs)
[    2.148314] pci 0000:17:00.1: [8086:1528] type 00 class 0x020000
[    2.148332] pci 0000:17:00.1: reg 0x10: [mem 0x387fffa00000-0x387fffbfffff 64bit pref]
[    2.148354] pci 0000:17:00.1: reg 0x20: [mem 0x387fffe00000-0x387fffe03fff 64bit pref]
[    2.148360] pci 0000:17:00.1: reg 0x30: [mem 0xb5e00000-0xb5e7ffff pref]
[    2.148410] pci 0000:17:00.1: PME# supported from D0 D3hot
[    2.148413] pci 0000:17:00.1: PME# disabled
[    2.148428] pci 0000:17:00.1: reg 0x184: [mem 0x00000000-0x00003fff 64bit]
[    2.148429] pci 0000:17:00.1: VF(n) BAR0 space: [mem 0x00000000-0x000fffff 64bit] (contains BAR0 for 64 VFs)
[    2.148438] pci 0000:17:00.1: reg 0x190: [mem 0x00000000-0x00003fff 64bit]
[    2.148439] pci 0000:17:00.1: VF(n) BAR3 space: [mem 0x00000000-0x000fffff 64bit] (contains BAR3 for 64 VFs)
[    2.148610] pci 0000:16:02.0: ASPM: current common clock configuration is inconsistent, reconfiguring
[    2.155589] pci_bus 0000:17: fixups for bus
[    2.155590] pci 0000:16:02.0: PCI bridge to [bus 17]
[    2.155592] pci 0000:16:02.0:   bridge window [mem 0xb5e00000-0xb5efffff]
[    2.155595] pci 0000:16:02.0:   bridge window [mem 0x387fffa00000-0x387fffefffff 64bit pref]
[    2.155596] pci_bus 0000:17: bus scan returning with max=17
[    2.155599] pci 0000:16:02.0: scanning [bus 17-17] behind bridge, pass 1
[    2.155606] pci_bus 0000:16: bus scan returning with max=17
[    2.155607] pci_bus 0000:16: on NUMA node 0
[    2.155714] ACPI: PCI Root Bridge [PC02] (domain 0000 [bus 64-b1])
[    2.155717] acpi PNP0A08:02: _OSC: OS supports [ExtendedConfig ASPM ClockPM Segments MSI HPX-Type3]
[    2.156023] acpi PNP0A08:02: _OSC: platform does not support [SHPCHotplug AER LTR]
[    2.156270] acpi PNP0A08:02: _OSC: OS now controls [PCIeHotplug PME PCIeCapability]
[    2.156330] pci_bus 0000:64: dev 00, created physical slot 6
[    2.156347] pci_bus 0000:64: dev 01, created physical slot 8191-3
[    2.156365] pci_bus 0000:64: dev 02, created physical slot 8191-4
[    2.156382] pci_bus 0000:64: dev 03, created physical slot 8191-5
[    2.156442] PCI host bridge to bus 0000:64
[    2.156443] pci_bus 0000:64: root bus resource [mem 0x000a0000-0x000bffff window]
[    2.156444] pci_bus 0000:64: root bus resource [io  0x8000-0xbfff window]
[    2.156445] pci_bus 0000:64: root bus resource [io  0x03b0-0x03bb window]
[    2.156446] pci_bus 0000:64: root bus resource [io  0x03c0-0x03df window]
[    2.156447] pci_bus 0000:64: root bus resource [mem 0xb6000000-0xd8ffffff window]
[    2.156448] pci_bus 0000:64: root bus resource [mem 0x388000000000-0x38bfffffffff window]
[    2.156449] pci_bus 0000:64: root bus resource [bus 64-b1]
[    2.156452] pci_bus 0000:64: scanning bus
[    2.156464] pci 0000:64:00.0: [8086:2030] type 01 class 0x060400
[    2.156496] pci 0000:64:00.0: enabling Extended Tags
[    2.156523] pci 0000:64:00.0: PME# supported from D0 D3hot D3cold
[    2.156525] pci 0000:64:00.0: PME# disabled
[    2.156605] pci 0000:64:05.0: [8086:2034] type 00 class 0x088000
[    2.156674] pci 0000:64:05.2: [8086:2035] type 00 class 0x088000
[    2.156742] pci 0000:64:05.4: [8086:2036] type 00 class 0x080020
[    2.156753] pci 0000:64:05.4: reg 0x10: [mem 0xd8100000-0xd8100fff]
[    2.156835] pci 0000:64:08.0: [8086:2066] type 00 class 0x088000
[    2.156909] pci 0000:64:09.0: [8086:2066] type 00 class 0x088000
[    2.156984] pci 0000:64:0a.0: [8086:2040] type 00 class 0x088000
[    2.157058] pci 0000:64:0a.1: [8086:2041] type 00 class 0x088000
[    2.157115] pci 0000:64:0a.2: [8086:2042] type 00 class 0x088000
[    2.157171] pci 0000:64:0a.3: [8086:2043] type 00 class 0x088000
[    2.157229] pci 0000:64:0a.4: [8086:2044] type 00 class 0x088000
[    2.157285] pci 0000:64:0a.5: [8086:2045] type 00 class 0x088000
[    2.157345] pci 0000:64:0a.6: [8086:2046] type 00 class 0x088000
[    2.157401] pci 0000:64:0a.7: [8086:2047] type 00 class 0x088000
[    2.157459] pci 0000:64:0b.0: [8086:2048] type 00 class 0x088000
[    2.157531] pci 0000:64:0b.1: [8086:2049] type 00 class 0x088000
[    2.157588] pci 0000:64:0b.2: [8086:204a] type 00 class 0x088000
[    2.157644] pci 0000:64:0b.3: [8086:204b] type 00 class 0x088000
[    2.157702] pci 0000:64:0c.0: [8086:2040] type 00 class 0x088000
[    2.157775] pci 0000:64:0c.1: [8086:2041] type 00 class 0x088000
[    2.157834] pci 0000:64:0c.2: [8086:2042] type 00 class 0x088000
[    2.157892] pci 0000:64:0c.3: [8086:2043] type 00 class 0x088000
[    2.157950] pci 0000:64:0c.4: [8086:2044] type 00 class 0x088000
[    2.158007] pci 0000:64:0c.5: [8086:2045] type 00 class 0x088000
[    2.158063] pci 0000:64:0c.6: [8086:2046] type 00 class 0x088000
[    2.158120] pci 0000:64:0c.7: [8086:2047] type 00 class 0x088000
[    2.158177] pci 0000:64:0d.0: [8086:2048] type 00 class 0x088000
[    2.158252] pci 0000:64:0d.1: [8086:2049] type 00 class 0x088000
[    2.158311] pci 0000:64:0d.2: [8086:204a] type 00 class 0x088000
[    2.158370] pci 0000:64:0d.3: [8086:204b] type 00 class 0x088000
[    2.158431] pci_bus 0000:64: fixups for bus
[    2.158433] pci 0000:64:00.0: scanning [bus 65-65] behind bridge, pass 0
[    2.158464] pci_bus 0000:65: scanning bus
[    2.158474] pci 0000:65:00.0: [10de:0fc8] type 00 class 0x030000
[    2.158490] pci 0000:65:00.0: reg 0x10: [mem 0xd7000000-0xd7ffffff]
[    2.158504] pci 0000:65:00.0: reg 0x14: [mem 0x38bfe0000000-0x38bfefffffff 64bit pref]
[    2.158519] pci 0000:65:00.0: reg 0x1c: [mem 0x38bff0000000-0x38bff1ffffff 64bit pref]
[    2.158529] pci 0000:65:00.0: reg 0x24: [io  0xb000-0xb07f]
[    2.158538] pci 0000:65:00.0: reg 0x30: [mem 0xd8000000-0xd807ffff pref]
[    2.158543] pci 0000:65:00.0: enabling Extended Tags
[    2.158561] pci 0000:65:00.0: BAR 1: assigned to efifb
[    2.158618] pci 0000:65:00.0: 32.000 Gb/s available PCIe bandwidth, limited by 2.5 GT/s PCIe x16 link at 0000:64:00.0 (capable of 126.016 Gb/s with 8.0 GT/s PCIe x16 link)
[    2.158681] pci 0000:65:00.1: [10de:0e1b] type 00 class 0x040300
[    2.158694] pci 0000:65:00.1: reg 0x10: [mem 0xd8080000-0xd8083fff]
[    2.158730] pci 0000:65:00.1: enabling Extended Tags
[    2.158802] pci 0000:64:00.0: ASPM: current common clock configuration is inconsistent, reconfiguring
[    2.165590] pci_bus 0000:65: fixups for bus
[    2.165591] pci 0000:64:00.0: PCI bridge to [bus 65]
[    2.165592] pci 0000:64:00.0:   bridge window [io  0xb000-0xbfff]
[    2.165594] pci 0000:64:00.0:   bridge window [mem 0xd7000000-0xd80fffff]
[    2.165596] pci 0000:64:00.0:   bridge window [mem 0x38bfe0000000-0x38bff1ffffff 64bit pref]
[    2.165597] pci_bus 0000:65: bus scan returning with max=65
[    2.165601] pci 0000:64:00.0: scanning [bus 65-65] behind bridge, pass 1
[    2.165607] pci_bus 0000:64: bus scan returning with max=65
[    2.165608] pci_bus 0000:64: on NUMA node 0
[    2.165701] ACPI: PCI Root Bridge [PC03] (domain 0000 [bus b2-ff])
[    2.165704] acpi PNP0A08:03: _OSC: OS supports [ExtendedConfig ASPM ClockPM Segments MSI HPX-Type3]
[    2.166012] acpi PNP0A08:03: _OSC: platform does not support [SHPCHotplug AER LTR]
[    2.166264] acpi PNP0A08:03: _OSC: OS now controls [PCIeHotplug PME PCIeCapability]
[    2.166341] pci_bus 0000:b2: dev 00, created physical slot 8191-6
[    2.166359] pci_bus 0000:b2: dev 01, created physical slot 8191-7
[    2.166376] pci_bus 0000:b2: dev 02, created physical slot 8191-8
[    2.166393] pci_bus 0000:b2: dev 03, created physical slot 0-1
[    2.166449] PCI host bridge to bus 0000:b2
[    2.166450] pci_bus 0000:b2: root bus resource [io  0xc000-0xffff window]
[    2.166451] pci_bus 0000:b2: root bus resource [mem 0xd9000000-0xfbffffff window]
[    2.166452] pci_bus 0000:b2: root bus resource [mem 0x38c000000000-0x38ffffffffff window]
[    2.166453] pci_bus 0000:b2: root bus resource [bus b2-ff]
[    2.166456] pci_bus 0000:b2: scanning bus
[    2.166468] pci 0000:b2:03.0: [8086:2033] type 01 class 0x060400
[    2.166501] pci 0000:b2:03.0: enabling Extended Tags
[    2.166528] pci 0000:b2:03.0: PME# supported from D0 D3hot D3cold
[    2.166531] pci 0000:b2:03.0: PME# disabled
[    2.166613] pci 0000:b2:05.0: [8086:2034] type 00 class 0x088000
[    2.166684] pci 0000:b2:05.2: [8086:2035] type 00 class 0x088000
[    2.166754] pci 0000:b2:05.4: [8086:2036] type 00 class 0x080020
[    2.166766] pci 0000:b2:05.4: reg 0x10: [mem 0xfbf00000-0xfbf00fff]
[    2.166852] pci 0000:b2:12.0: [8086:204c] type 00 class 0x110100
[    2.166925] pci 0000:b2:12.1: [8086:204d] type 00 class 0x110100
[    2.166972] pci 0000:b2:12.2: [8086:204e] type 00 class 0x088000
[    2.167020] pci 0000:b2:15.0: [8086:2018] type 00 class 0x088000
[    2.167086] pci 0000:b2:16.0: [8086:2018] type 00 class 0x088000
[    2.167150] pci 0000:b2:16.4: [8086:2018] type 00 class 0x088000
[    2.167198] pci 0000:b2:17.0: [8086:2018] type 00 class 0x088000
[    2.167260] pci_bus 0000:b2: fixups for bus
[    2.167261] pci 0000:b2:03.0: scanning [bus b3-b3] behind bridge, pass 0
[    2.167294] pci_bus 0000:b3: scanning bus
[    2.167312] pci 0000:b3:00.0: [1344:5416] type 00 class 0x010802
[    2.167347] pci 0000:b3:00.0: reg 0x10: [mem 0xfbe00000-0xfbe03fff 64bit]
[    2.167428] pci 0000:b3:00.0: enabling Extended Tags
[    2.167742] pci_bus 0000:b3: fixups for bus
[    2.167743] pci 0000:b2:03.0: PCI bridge to [bus b3]
[    2.167745] pci 0000:b2:03.0:   bridge window [mem 0xfbe00000-0xfbefffff]
[    2.167748] pci_bus 0000:b3: bus scan returning with max=b3
[    2.167751] pci 0000:b2:03.0: scanning [bus b3-b3] behind bridge, pass 1
[    2.167757] pci_bus 0000:b2: bus scan returning with max=b3
[    2.167758] pci_bus 0000:b2: on NUMA node 0
[    2.167913] ACPI: PCI: Interrupt link LNKA configured for IRQ 11
[    2.167963] ACPI: PCI: Interrupt link LNKB configured for IRQ 10
[    2.168011] ACPI: PCI: Interrupt link LNKC configured for IRQ 11
[    2.168059] ACPI: PCI: Interrupt link LNKD configured for IRQ 11
[    2.168107] ACPI: PCI: Interrupt link LNKE configured for IRQ 11
[    2.168155] ACPI: PCI: Interrupt link LNKF configured for IRQ 11
[    2.168203] ACPI: PCI: Interrupt link LNKG configured for IRQ 11
[    2.168251] ACPI: PCI: Interrupt link LNKH configured for IRQ 11
[    2.168364] ACPI BIOS Error (bug): Could not resolve symbol [\SHAD._STA.SDS0], AE_NOT_FOUND (20220331/psargs-332)
[    2.168368] ACPI Error: Aborting method \SHAD._STA due to previous error (AE_NOT_FOUND) (20220331/psparse-529)
[    2.168449] i2c-core: driver [isl6271a] registered
[    2.168463] iommu: Default domain type: Translated 
[    2.168463] iommu: DMA domain TLB invalidation policy: lazy mode 
[    2.168463] SCSI subsystem initialized
[    2.168463] libata version 3.00 loaded.
[    2.168463] ACPI: bus type USB registered
[    2.168463] usbcore: registered new interface driver usbfs
[    2.168463] usbcore: registered new interface driver hub
[    2.168463] usbcore: registered new device driver usb
[    2.168463] pps_core: LinuxPPS API ver. 1 registered
[    2.168463] pps_core: Software ver. 5.3.6 - Copyright 2005-2007 Rodolfo Giometti <giometti@linux.it>
[    2.168463] PTP clock support registered
[    2.168463] Registered efivars operations
[    2.168463] Advanced Linux Sound Architecture Driver Initialized.
[    2.168463] NetLabel: Initializing
[    2.168463] NetLabel:  domain hash size = 128
[    2.168463] NetLabel:  protocols = UNLABELED CIPSOv4 CALIPSO
[    2.168916] NetLabel:  unlabeled traffic allowed by default
[    2.168928] mctp: management component transport protocol core
[    2.168928] NET: Registered PF_MCTP protocol family
[    2.168928] PCI: Using ACPI for IRQ routing
[    2.172602] PCI: pci_cache_line_size set to 64 bytes
[    2.172610] pci 0000:00:05.4: BAR 0: reserving [mem 0x92f28000-0x92f28fff flags 0x40200] (d=0, p=0)
[    2.172615] pci 0000:00:14.0: BAR 0: reserving [mem 0x383ffff00000-0x383ffff0ffff flags 0x140204] (d=0, p=0)
[    2.172618] pci 0000:00:14.2: BAR 0: reserving [mem 0x383ffff34000-0x383ffff34fff flags 0x140204] (d=0, p=0)
[    2.172633] pci 0000:00:17.0: BAR 0: reserving [mem 0x92f24000-0x92f25fff flags 0x40200] (d=0, p=0)
[    2.172634] pci 0000:00:17.0: BAR 1: reserving [mem 0x92f27000-0x92f270ff flags 0x40200] (d=0, p=0)
[    2.172636] pci 0000:00:17.0: BAR 2: reserving [io  0x3050-0x3057 flags 0x40101] (d=0, p=0)
[    2.172637] pci 0000:00:17.0: BAR 3: reserving [io  0x3040-0x3043 flags 0x40101] (d=0, p=0)
[    2.172638] pci 0000:00:17.0: BAR 4: reserving [io  0x3020-0x303f flags 0x40101] (d=0, p=0)
[    2.172640] pci 0000:00:17.0: BAR 5: reserving [mem 0x92f26000-0x92f267ff flags 0x40200] (d=0, p=0)
[    2.172642] pci 0000:01:00.0: BAR 0: reserving [mem 0x92e00000-0x92e03fff flags 0x140204] (d=0, p=0)
[    2.172645] pci 0000:02:00.0: BAR 0: reserving [mem 0x92d00000-0x92d07fff flags 0x140204] (d=0, p=0)
[    2.172651] pci 0000:04:00.0: BAR 0: reserving [mem 0x92b00000-0x92b07fff flags 0x140204] (d=0, p=0)
[    2.172655] pci 0000:05:00.0: BAR 0: reserving [mem 0x92a00000-0x92a03fff flags 0x140204] (d=0, p=0)
[    2.172661] pci 0000:00:1f.4: BAR 0: reserving [mem 0x383ffff30000-0x383ffff300ff flags 0x140204] (d=0, p=0)
[    2.172662] pci 0000:00:1f.4: BAR 4: reserving [io  0x3000-0x301f flags 0x40101] (d=0, p=0)
[    2.172668] pci 0000:16:05.4: BAR 0: reserving [mem 0xb5f00000-0xb5f00fff flags 0x40200] (d=0, p=0)
[    2.172684] pci 0000:65:00.0: BAR 0: reserving [mem 0xd7000000-0xd7ffffff flags 0x40200] (d=0, p=0)
[    2.172685] pci 0000:65:00.0: BAR 1: reserving [mem 0x38bfe0000000-0x38bfefffffff flags 0x14220c] (d=0, p=0)
[    2.172687] pci 0000:65:00.0: BAR 3: reserving [mem 0x38bff0000000-0x38bff1ffffff flags 0x14220c] (d=0, p=0)
[    2.172688] pci 0000:65:00.0: BAR 5: reserving [io  0xb000-0xb07f flags 0x40101] (d=0, p=0)
[    2.172691] pci 0000:64:05.4: BAR 0: reserving [mem 0xd8100000-0xd8100fff flags 0x40200] (d=0, p=0)
[    2.172702] pci 0000:b3:00.0: BAR 0: reserving [mem 0xfbe00000-0xfbe03fff flags 0x140204] (d=0, p=0)
[    2.172705] pci 0000:b2:05.4: BAR 0: reserving [mem 0xfbf00000-0xfbf00fff flags 0x40200] (d=0, p=0)
[    2.172709] pci 0000:00:04.0: BAR 0: reserving [mem 0x383ffff2c000-0x383ffff2ffff flags 0x140204] (d=1, p=1)
[    2.172710] pci 0000:00:04.1: BAR 0: reserving [mem 0x383ffff28000-0x383ffff2bfff flags 0x140204] (d=1, p=1)
[    2.172712] pci 0000:00:04.2: BAR 0: reserving [mem 0x383ffff24000-0x383ffff27fff flags 0x140204] (d=1, p=1)
[    2.172714] pci 0000:00:04.3: BAR 0: reserving [mem 0x383ffff20000-0x383ffff23fff flags 0x140204] (d=1, p=1)
[    2.172715] pci 0000:00:04.4: BAR 0: reserving [mem 0x383ffff1c000-0x383ffff1ffff flags 0x140204] (d=1, p=1)
[    2.172717] pci 0000:00:04.5: BAR 0: reserving [mem 0x383ffff18000-0x383ffff1bfff flags 0x140204] (d=1, p=1)
[    2.172718] pci 0000:00:04.6: BAR 0: reserving [mem 0x383ffff14000-0x383ffff17fff flags 0x140204] (d=1, p=1)
[    2.172720] pci 0000:00:04.7: BAR 0: reserving [mem 0x383ffff10000-0x383ffff13fff flags 0x140204] (d=1, p=1)
[    2.172736] pci 0000:00:15.0: BAR 0: reserving [mem 0x383ffff33000-0x383ffff33fff flags 0x140204] (d=1, p=1)
[    2.172750] pci 0000:00:15.1: BAR 0: reserving [mem 0x383ffff32000-0x383ffff32fff flags 0x140204] (d=1, p=1)
[    2.172752] pci 0000:00:16.0: BAR 0: reserving [mem 0x383ffff31000-0x383ffff31fff flags 0x140204] (d=1, p=1)
[    2.172759] pci 0000:03:00.0: BAR 0: reserving [mem 0x92c00000-0x92c3ffff flags 0x140204] (d=1, p=1)
[    2.172761] pci 0000:03:00.0: BAR 2: reserving [io  0x2000-0x207f flags 0x40101] (d=1, p=1)
[    2.172768] pci 0000:00:1f.2: BAR 0: reserving [mem 0x92f20000-0x92f23fff flags 0x40200] (d=1, p=1)
[    2.172773] pci 0000:00:1f.6: BAR 0: reserving [mem 0x92f00000-0x92f1ffff flags 0x40200] (d=1, p=1)
[    2.172775] pci 0000:17:00.0: BAR 0: reserving [mem 0x387fffc00000-0x387fffdfffff flags 0x14220c] (d=1, p=1)
[    2.172777] pci 0000:17:00.0: BAR 4: reserving [mem 0x387fffe04000-0x387fffe07fff flags 0x14220c] (d=1, p=1)
[    2.172779] pci 0000:17:00.1: BAR 0: reserving [mem 0x387fffa00000-0x387fffbfffff flags 0x14220c] (d=1, p=1)
[    2.172780] pci 0000:17:00.1: BAR 4: reserving [mem 0x387fffe00000-0x387fffe03fff flags 0x14220c] (d=1, p=1)
[    2.172794] pci 0000:65:00.1: BAR 0: reserving [mem 0xd8080000-0xd8083fff flags 0x40200] (d=1, p=1)
[    2.172806] e820: reserve RAM buffer [mem 0x0003f000-0x0003ffff]
[    2.172808] e820: reserve RAM buffer [mem 0x46062000-0x47ffffff]
[    2.172809] e820: reserve RAM buffer [mem 0x47c64000-0x47ffffff]
[    2.172810] e820: reserve RAM buffer [mem 0x4a0e8000-0x4bffffff]
[    2.172810] e820: reserve RAM buffer [mem 0x4c211000-0x4fffffff]
[    2.172822] pci 0000:65:00.0: vgaarb: setting as boot VGA device
[    2.172822] pci 0000:65:00.0: vgaarb: bridge control possible
[    2.172822] pci 0000:65:00.0: vgaarb: VGA device added: decodes=io+mem,owns=none,locks=none
[    2.172822] vgaarb: loaded
[    2.172822] hpet0: at MMIO 0xfed00000, IRQs 2, 8, 0, 0, 0, 0, 0, 0
[    2.172822] hpet0: 8 comparators, 64-bit 24.000000 MHz counter
[    2.174477] clocksource: Switched to clocksource tsc-early
[    2.174484] VFS: Disk quotas dquot_6.6.0
[    2.174484] VFS: Dquot-cache hash table entries: 512 (order 0, 4096 bytes)
[    2.174484] pnp: PnP ACPI init
[    2.174484] system 00:01: [io  0x0500-0x053f] has been reserved
[    2.174484] system 00:01: [io  0x0400-0x047f] could not be reserved
[    2.174484] system 00:01: [io  0x0540-0x057f] has been reserved
[    2.174484] system 00:01: [io  0x0600-0x061f] has been reserved
[    2.174484] system 00:01: [io  0x0ca0-0x0ca5] has been reserved
[    2.174484] system 00:01: [io  0x0880-0x0883] has been reserved
[    2.174484] system 00:01: [io  0x0800-0x081f] has been reserved
[    2.174484] system 00:01: [mem 0xfed1c000-0xfed3ffff] has been reserved
[    2.174484] system 00:01: [mem 0xfed45000-0xfed8bfff] has been reserved
[    2.174484] system 00:01: [mem 0xff000000-0xffffffff] has been reserved
[    2.174484] system 00:01: [mem 0xfee00000-0xfeefffff] could not be reserved
[    2.174484] system 00:01: [mem 0xfed12000-0xfed1200f] has been reserved
[    2.174484] system 00:01: [mem 0xfed12010-0xfed1201f] has been reserved
[    2.174484] system 00:01: [mem 0xfed1b000-0xfed1bfff] has been reserved
[    2.174484] system 00:02: [mem 0xfd000000-0xfdabffff] has been reserved
[    2.174484] system 00:02: [mem 0xfdad0000-0xfdadffff] has been reserved
[    2.174484] system 00:02: [mem 0xfdb00000-0xfdffffff] could not be reserved
[    2.174484] system 00:02: [mem 0xfe000000-0xfe00ffff] has been reserved
[    2.174484] system 00:02: [mem 0xfe011000-0xfe01ffff] has been reserved
[    2.174484] system 00:02: [mem 0xfe036000-0xfe03bfff] has been reserved
[    2.174484] system 00:02: [mem 0xfe03d000-0xfe3fffff] has been reserved
[    2.174484] system 00:02: [mem 0xfe410000-0xfe7fffff] has been reserved
[    2.174484] system 00:03: [io  0x0f00-0x0ffe] has been reserved
[    2.174484] system 00:04: [mem 0xfdaf0000-0xfdafffff] has been reserved
[    2.174484] system 00:04: [mem 0xfdae0000-0xfdaeffff] has been reserved
[    2.174484] system 00:04: [mem 0xfdac0000-0xfdacffff] has been reserved
[    2.174608] ACPI BIOS Error (bug): Could not resolve symbol [\SHAD._STA.SDS0], AE_NOT_FOUND (20220331/psargs-332)
[    2.174613] ACPI Error: Aborting method \SHAD._STA due to previous error (AE_NOT_FOUND) (20220331/psparse-529)
[    2.174618] pnp: PnP ACPI: found 5 devices
[    2.180023] clocksource: acpi_pm: mask: 0xffffff max_cycles: 0xffffff, max_idle_ns: 2085701024 ns
[    2.180089] NET: Registered PF_INET protocol family
[    2.180267] IP idents hash table entries: 262144 (order: 9, 2097152 bytes, linear)
[    2.182300] tcp_listen_portaddr_hash hash table entries: 32768 (order: 7, 524288 bytes, linear)
[    2.182352] Table-perturb hash table entries: 65536 (order: 6, 262144 bytes, linear)
[    2.182664] TCP established hash table entries: 524288 (order: 10, 4194304 bytes, linear)
[    2.183180] TCP bind hash table entries: 65536 (order: 9, 2097152 bytes, linear)
[    2.183334] TCP: Hash tables configured (established 524288 bind 65536)
[    2.183582] MPTCP token hash table entries: 65536 (order: 8, 1572864 bytes, linear)
[    2.183779] UDP hash table entries: 32768 (order: 8, 1048576 bytes, linear)
[    2.183931] UDP-Lite hash table entries: 32768 (order: 8, 1048576 bytes, linear)
[    2.184059] NET: Registered PF_UNIX/PF_LOCAL protocol family
[    2.184065] NET: Registered PF_XDP protocol family
[    2.184076] pci 0000:00:1b.0: PCI bridge to [bus 01]
[    2.184083] pci 0000:00:1b.0:   bridge window [mem 0x92e00000-0x92efffff]
[    2.184094] pci 0000:00:1c.0: PCI bridge to [bus 02]
[    2.184099] pci 0000:00:1c.0:   bridge window [mem 0x92d00000-0x92dfffff]
[    2.184110] pci 0000:00:1c.5: PCI bridge to [bus 03]
[    2.184111] pci 0000:00:1c.5:   bridge window [io  0x2000-0x2fff]
[    2.184117] pci 0000:00:1c.5:   bridge window [mem 0x92c00000-0x92cfffff]
[    2.184128] pci 0000:00:1c.7: PCI bridge to [bus 04]
[    2.184133] pci 0000:00:1c.7:   bridge window [mem 0x92b00000-0x92bfffff]
[    2.184144] pci 0000:00:1d.0: PCI bridge to [bus 05]
[    2.184149] pci 0000:00:1d.0:   bridge window [mem 0x92a00000-0x92afffff]
[    2.184160] pci_bus 0000:00: resource 4 [io  0x0000-0x0cf7 window]
[    2.184161] pci_bus 0000:00: resource 5 [io  0x1000-0x3fff window]
[    2.184162] pci_bus 0000:00: resource 6 [mem 0x000c4000-0x000c7fff window]
[    2.184163] pci_bus 0000:00: resource 7 [mem 0xfe010000-0xfe010fff window]
[    2.184164] pci_bus 0000:00: resource 8 [mem 0x70000000-0x92ffffff window]
[    2.184165] pci_bus 0000:00: resource 9 [mem 0x380000000000-0x383fffffffff window]
[    2.184167] pci_bus 0000:01: resource 1 [mem 0x92e00000-0x92efffff]
[    2.184168] pci_bus 0000:02: resource 1 [mem 0x92d00000-0x92dfffff]
[    2.184169] pci_bus 0000:03: resource 0 [io  0x2000-0x2fff]
[    2.184170] pci_bus 0000:03: resource 1 [mem 0x92c00000-0x92cfffff]
[    2.184171] pci_bus 0000:04: resource 1 [mem 0x92b00000-0x92bfffff]
[    2.184172] pci_bus 0000:05: resource 1 [mem 0x92a00000-0x92afffff]
[    2.184263] pci 0000:17:00.0: BAR 7: no space for [mem size 0x00100000 64bit]
[    2.184264] pci 0000:17:00.0: BAR 7: failed to assign [mem size 0x00100000 64bit]
[    2.184265] pci 0000:17:00.0: BAR 10: no space for [mem size 0x00100000 64bit]
[    2.184266] pci 0000:17:00.0: BAR 10: failed to assign [mem size 0x00100000 64bit]
[    2.184268] pci 0000:17:00.1: BAR 7: no space for [mem size 0x00100000 64bit]
[    2.184269] pci 0000:17:00.1: BAR 7: failed to assign [mem size 0x00100000 64bit]
[    2.184270] pci 0000:17:00.1: BAR 10: no space for [mem size 0x00100000 64bit]
[    2.184271] pci 0000:17:00.1: BAR 10: failed to assign [mem size 0x00100000 64bit]
[    2.184272] pci 0000:16:02.0: PCI bridge to [bus 17]
[    2.184277] pci 0000:16:02.0:   bridge window [mem 0xb5e00000-0xb5efffff]
[    2.184281] pci 0000:16:02.0:   bridge window [mem 0x387fffa00000-0x387fffefffff 64bit pref]
[    2.184289] pci_bus 0000:16: Some PCI device resources are unassigned, try booting with pci=realloc
[    2.184290] pci_bus 0000:16: resource 4 [io  0x4000-0x7fff window]
[    2.184291] pci_bus 0000:16: resource 5 [mem 0x93000000-0xb5ffffff window]
[    2.184292] pci_bus 0000:16: resource 6 [mem 0x384000000000-0x387fffffffff window]
[    2.184293] pci_bus 0000:17: resource 1 [mem 0xb5e00000-0xb5efffff]
[    2.184294] pci_bus 0000:17: resource 2 [mem 0x387fffa00000-0x387fffefffff 64bit pref]
[    2.184314] pci 0000:64:00.0: PCI bridge to [bus 65]
[    2.184315] pci 0000:64:00.0:   bridge window [io  0xb000-0xbfff]
[    2.184321] pci 0000:64:00.0:   bridge window [mem 0xd7000000-0xd80fffff]
[    2.184324] pci 0000:64:00.0:   bridge window [mem 0x38bfe0000000-0x38bff1ffffff 64bit pref]
[    2.184332] pci_bus 0000:64: resource 4 [mem 0x000a0000-0x000bffff window]
[    2.184333] pci_bus 0000:64: resource 5 [io  0x8000-0xbfff window]
[    2.184334] pci_bus 0000:64: resource 6 [io  0x03b0-0x03bb window]
[    2.184335] pci_bus 0000:64: resource 7 [io  0x03c0-0x03df window]
[    2.184336] pci_bus 0000:64: resource 8 [mem 0xb6000000-0xd8ffffff window]
[    2.184337] pci_bus 0000:64: resource 9 [mem 0x388000000000-0x38bfffffffff window]
[    2.184338] pci_bus 0000:65: resource 0 [io  0xb000-0xbfff]
[    2.184339] pci_bus 0000:65: resource 1 [mem 0xd7000000-0xd80fffff]
[    2.184340] pci_bus 0000:65: resource 2 [mem 0x38bfe0000000-0x38bff1ffffff 64bit pref]
[    2.184356] pci 0000:b2:03.0: PCI bridge to [bus b3]
[    2.184361] pci 0000:b2:03.0:   bridge window [mem 0xfbe00000-0xfbefffff]
[    2.184371] pci_bus 0000:b2: resource 4 [io  0xc000-0xffff window]
[    2.184372] pci_bus 0000:b2: resource 5 [mem 0xd9000000-0xfbffffff window]
[    2.184373] pci_bus 0000:b2: resource 6 [mem 0x38c000000000-0x38ffffffffff window]
[    2.184374] pci_bus 0000:b3: resource 1 [mem 0xfbe00000-0xfbefffff]
[    2.184627] pci 0000:02:00.0: PME# does not work under D0, disabling it
[    2.184864] pci 0000:16:05.0: disabled boot interrupts on device [8086:2034]
[    2.184904] pci 0000:17:00.0: CLS mismatch (64 != 32), using 64 bytes
[    2.184908] pci 0000:64:05.0: disabled boot interrupts on device [8086:2034]
[    2.184930] pci 0000:65:00.1: extending delay after power-on from D3hot to 20 msec
[    2.184953] pci 0000:65:00.1: D0 power state depends on 0000:65:00.0
[    2.184958] pci 0000:b2:05.0: disabled boot interrupts on device [8086:2034]
[    2.184969] pci 0000:65:00.1: saving config space at offset 0x0 (reading 0xe1b10de)
[    2.184971] pci 0000:65:00.1: saving config space at offset 0x4 (reading 0x100100)
[    2.184972] pci 0000:65:00.1: saving config space at offset 0x8 (reading 0x40300a1)
[    2.184974] pci 0000:65:00.1: saving config space at offset 0xc (reading 0x800008)
[    2.184976] pci 0000:65:00.1: saving config space at offset 0x10 (reading 0xd8080000)
[    2.184977] pci 0000:65:00.1: saving config space at offset 0x14 (reading 0x0)
[    2.184979] pci 0000:65:00.1: saving config space at offset 0x18 (reading 0x0)
[    2.184980] pci 0000:65:00.1: saving config space at offset 0x1c (reading 0x0)
[    2.184982] pci 0000:65:00.1: saving config space at offset 0x20 (reading 0x0)
[    2.184983] pci 0000:65:00.1: saving config space at offset 0x24 (reading 0x0)
[    2.184985] pci 0000:65:00.1: saving config space at offset 0x28 (reading 0x0)
[    2.184986] pci 0000:65:00.1: saving config space at offset 0x2c (reading 0x37423842)
[    2.184988] pci 0000:65:00.1: saving config space at offset 0x30 (reading 0x0)
[    2.184990] pci 0000:65:00.1: saving config space at offset 0x34 (reading 0x60)
[    2.184991] pci 0000:65:00.1: saving config space at offset 0x38 (reading 0x0)
[    2.184993] pci 0000:65:00.1: saving config space at offset 0x3c (reading 0x2ff)
[    2.185041] pci 0000:00:1f.1: [8086:a2a0] type 00 class 0x058000
[    2.185098] pci 0000:00:1f.1: reg 0x10: [mem 0xfd000000-0xfdffffff 64bit]
[    2.185296] pci 0000:00:1f.1: vgaarb: pci_notify
[    2.185300] pci 0000:00:1f.1: PME# disabled
[    2.185301] pci 0000:00:1f.1: vgaarb: pci_notify
[    2.185340] pci 0000:00:1f.1: vgaarb: pci_notify
[    2.185344] pci 0000:00:1f.1: device released
[    2.185375] DMAR: No SATC found
[    2.185376] DMAR: dmar2: Using Queued invalidation
[    2.185379] DMAR: dmar1: Using Queued invalidation
[    2.185381] DMAR: dmar0: Using Queued invalidation
[    2.185383] DMAR: dmar3: Using Queued invalidation
[    2.185395] Trying to unpack rootfs image as initramfs...
[    2.185446] pci 0000:b2:03.0: Adding to iommu group 0
[    2.185464] pci 0000:b3:00.0: Adding to iommu group 1
[    2.185819] pci 0000:64:00.0: Adding to iommu group 2
[    2.185858] pci 0000:65:00.0: Adding to iommu group 3
[    2.185878] pci 0000:65:00.1: Adding to iommu group 3
[    2.186200] pci 0000:16:02.0: Adding to iommu group 4
[    2.186225] pci 0000:17:00.0: Adding to iommu group 5
[    2.186243] pci 0000:17:00.1: Adding to iommu group 6
[    2.186675] pci 0000:00:00.0: Adding to iommu group 7
[    2.186691] pci 0000:00:04.0: Adding to iommu group 8
[    2.186704] pci 0000:00:04.1: Adding to iommu group 9
[    2.186720] pci 0000:00:04.2: Adding to iommu group 10
[    2.186733] pci 0000:00:04.3: Adding to iommu group 11
[    2.186747] pci 0000:00:04.4: Adding to iommu group 12
[    2.186761] pci 0000:00:04.5: Adding to iommu group 13
[    2.186774] pci 0000:00:04.6: Adding to iommu group 14
[    2.186788] pci 0000:00:04.7: Adding to iommu group 15
[    2.186802] pci 0000:00:05.0: Adding to iommu group 16
[    2.186815] pci 0000:00:05.2: Adding to iommu group 17
[    2.186828] pci 0000:00:05.4: Adding to iommu group 18
[    2.186842] pci 0000:00:08.0: Adding to iommu group 19
[    2.186866] pci 0000:00:08.1: Adding to iommu group 20
[    2.186879] pci 0000:00:08.2: Adding to iommu group 21
[    2.186911] pci 0000:00:14.0: Adding to iommu group 22
[    2.186924] pci 0000:00:14.2: Adding to iommu group 22
[    2.186957] pci 0000:00:15.0: Adding to iommu group 23
[    2.186970] pci 0000:00:15.1: Adding to iommu group 23
[    2.186992] pci 0000:00:16.0: Adding to iommu group 24
[    2.187006] pci 0000:00:17.0: Adding to iommu group 25
[    2.187021] pci 0000:00:1b.0: Adding to iommu group 26
[    2.187040] pci 0000:00:1c.0: Adding to iommu group 27
[    2.187056] pci 0000:00:1c.5: Adding to iommu group 28
[    2.187070] pci 0000:00:1c.7: Adding to iommu group 29
[    2.187084] pci 0000:00:1d.0: Adding to iommu group 30
[    2.187127] pci 0000:00:1f.0: Adding to iommu group 31
[    2.187140] pci 0000:00:1f.2: Adding to iommu group 31
[    2.187155] pci 0000:00:1f.4: Adding to iommu group 31
[    2.187168] pci 0000:00:1f.6: Adding to iommu group 32
[    2.187182] pci 0000:01:00.0: Adding to iommu group 33
[    2.187197] pci 0000:02:00.0: Adding to iommu group 34
[    2.187211] pci 0000:03:00.0: Adding to iommu group 35
[    2.187226] pci 0000:04:00.0: Adding to iommu group 36
[    2.187240] pci 0000:05:00.0: Adding to iommu group 37
[    2.187254] pci 0000:16:05.0: Adding to iommu group 38
[    2.187268] pci 0000:16:05.2: Adding to iommu group 39
[    2.187283] pci 0000:16:05.4: Adding to iommu group 40
[    2.187371] pci 0000:16:08.0: Adding to iommu group 41
[    2.187387] pci 0000:16:08.1: Adding to iommu group 41
[    2.187402] pci 0000:16:08.2: Adding to iommu group 41
[    2.187417] pci 0000:16:08.3: Adding to iommu group 41
[    2.187432] pci 0000:16:08.4: Adding to iommu group 41
[    2.187447] pci 0000:16:08.5: Adding to iommu group 41
[    2.187462] pci 0000:16:08.6: Adding to iommu group 41
[    2.187477] pci 0000:16:08.7: Adding to iommu group 41
[    2.187566] pci 0000:16:09.0: Adding to iommu group 42
[    2.187582] pci 0000:16:09.1: Adding to iommu group 42
[    2.187597] pci 0000:16:09.2: Adding to iommu group 42
[    2.187613] pci 0000:16:09.3: Adding to iommu group 42
[    2.187629] pci 0000:16:09.4: Adding to iommu group 42
[    2.187644] pci 0000:16:09.5: Adding to iommu group 42
[    2.187660] pci 0000:16:09.6: Adding to iommu group 42
[    2.187675] pci 0000:16:09.7: Adding to iommu group 42
[    2.187708] pci 0000:16:0a.0: Adding to iommu group 43
[    2.187725] pci 0000:16:0a.1: Adding to iommu group 43
[    2.187812] pci 0000:16:0e.0: Adding to iommu group 44
[    2.187829] pci 0000:16:0e.1: Adding to iommu group 44
[    2.187845] pci 0000:16:0e.2: Adding to iommu group 44
[    2.187861] pci 0000:16:0e.3: Adding to iommu group 44
[    2.187878] pci 0000:16:0e.4: Adding to iommu group 44
[    2.187894] pci 0000:16:0e.5: Adding to iommu group 44
[    2.187911] pci 0000:16:0e.6: Adding to iommu group 44
[    2.187927] pci 0000:16:0e.7: Adding to iommu group 44
[    2.188015] pci 0000:16:0f.0: Adding to iommu group 45
[    2.188031] pci 0000:16:0f.1: Adding to iommu group 45
[    2.188048] pci 0000:16:0f.2: Adding to iommu group 45
[    2.188066] pci 0000:16:0f.3: Adding to iommu group 45
[    2.188083] pci 0000:16:0f.4: Adding to iommu group 45
[    2.188100] pci 0000:16:0f.5: Adding to iommu group 45
[    2.188116] pci 0000:16:0f.6: Adding to iommu group 45
[    2.188134] pci 0000:16:0f.7: Adding to iommu group 45
[    2.188165] pci 0000:16:10.0: Adding to iommu group 46
[    2.188183] pci 0000:16:10.1: Adding to iommu group 46
[    2.188234] pci 0000:16:1d.0: Adding to iommu group 47
[    2.188251] pci 0000:16:1d.1: Adding to iommu group 47
[    2.188269] pci 0000:16:1d.2: Adding to iommu group 47
[    2.188286] pci 0000:16:1d.3: Adding to iommu group 47
[    2.188365] pci 0000:16:1e.0: Adding to iommu group 48
[    2.188383] pci 0000:16:1e.1: Adding to iommu group 48
[    2.188401] pci 0000:16:1e.2: Adding to iommu group 48
[    2.188419] pci 0000:16:1e.3: Adding to iommu group 48
[    2.188437] pci 0000:16:1e.4: Adding to iommu group 48
[    2.188455] pci 0000:16:1e.5: Adding to iommu group 48
[    2.188475] pci 0000:16:1e.6: Adding to iommu group 48
[    2.188488] pci 0000:64:05.0: Adding to iommu group 49
[    2.188502] pci 0000:64:05.2: Adding to iommu group 50
[    2.188516] pci 0000:64:05.4: Adding to iommu group 51
[    2.188535] pci 0000:64:08.0: Adding to iommu group 52
[    2.188549] pci 0000:64:09.0: Adding to iommu group 53
[    2.188564] pci 0000:64:0a.0: Adding to iommu group 54
[    2.188577] pci 0000:64:0a.1: Adding to iommu group 55
[    2.188590] pci 0000:64:0a.2: Adding to iommu group 56
[    2.188604] pci 0000:64:0a.3: Adding to iommu group 57
[    2.188618] pci 0000:64:0a.4: Adding to iommu group 58
[    2.188631] pci 0000:64:0a.5: Adding to iommu group 59
[    2.188645] pci 0000:64:0a.6: Adding to iommu group 60
[    2.188659] pci 0000:64:0a.7: Adding to iommu group 61
[    2.188674] pci 0000:64:0b.0: Adding to iommu group 62
[    2.188687] pci 0000:64:0b.1: Adding to iommu group 63
[    2.188701] pci 0000:64:0b.2: Adding to iommu group 64
[    2.188714] pci 0000:64:0b.3: Adding to iommu group 65
[    2.188728] pci 0000:64:0c.0: Adding to iommu group 66
[    2.188741] pci 0000:64:0c.1: Adding to iommu group 67
[    2.188757] pci 0000:64:0c.2: Adding to iommu group 68
[    2.188770] pci 0000:64:0c.3: Adding to iommu group 69
[    2.188784] pci 0000:64:0c.4: Adding to iommu group 70
[    2.188798] pci 0000:64:0c.5: Adding to iommu group 71
[    2.188811] pci 0000:64:0c.6: Adding to iommu group 72
[    2.188824] pci 0000:64:0c.7: Adding to iommu group 73
[    2.188839] pci 0000:64:0d.0: Adding to iommu group 74
[    2.188852] pci 0000:64:0d.1: Adding to iommu group 75
[    2.188866] pci 0000:64:0d.2: Adding to iommu group 76
[    2.188880] pci 0000:64:0d.3: Adding to iommu group 77
[    2.188894] pci 0000:b2:05.0: Adding to iommu group 78
[    2.188908] pci 0000:b2:05.2: Adding to iommu group 79
[    2.188921] pci 0000:b2:05.4: Adding to iommu group 80
[    2.188934] pci 0000:b2:12.0: Adding to iommu group 81
[    2.188966] pci 0000:b2:12.1: Adding to iommu group 82
[    2.188987] pci 0000:b2:12.2: Adding to iommu group 82
[    2.189009] pci 0000:b2:15.0: Adding to iommu group 83
[    2.189042] pci 0000:b2:16.0: Adding to iommu group 84
[    2.189064] pci 0000:b2:16.4: Adding to iommu group 84
[    2.189087] pci 0000:b2:17.0: Adding to iommu group 85
[    2.200051] DMAR: Intel(R) Virtualization Technology for Directed I/O
[    2.200053] PCI-DMA: Using software bounce buffering for IO (SWIOTLB)
[    2.200053] software IO TLB: mapped [mem 0x000000003f523000-0x0000000043523000] (64MB)
[    2.200062] ACPI: bus type thunderbolt registered
[    2.200335] RAPL PMU: API unit is 2^-32 Joules, 1 fixed counters, 655360 ms ovfl timer
[    2.200336] RAPL PMU: hw unit of domain package 2^-14 Joules
[    2.200370] skx_uncore 0000:64:08.0: vgaarb: pci_notify
[    2.200373] skx_uncore 0000:64:08.0: runtime IRQ mapping not provided by arch
[    2.200388] skx_uncore 0000:64:08.0: vgaarb: pci_notify
[    2.200394] skx_uncore 0000:64:09.0: vgaarb: pci_notify
[    2.200396] skx_uncore 0000:64:09.0: runtime IRQ mapping not provided by arch
[    2.200405] skx_uncore 0000:64:09.0: vgaarb: pci_notify
[    2.200409] skx_uncore 0000:64:0a.2: vgaarb: pci_notify
[    2.200411] skx_uncore 0000:64:0a.2: runtime IRQ mapping not provided by arch
[    2.200422] skx_uncore 0000:64:0a.2: vgaarb: pci_notify
[    2.200426] skx_uncore 0000:64:0a.6: vgaarb: pci_notify
[    2.200427] skx_uncore 0000:64:0a.6: runtime IRQ mapping not provided by arch
[    2.200436] skx_uncore 0000:64:0a.6: vgaarb: pci_notify
[    2.200440] skx_uncore 0000:64:0b.2: vgaarb: pci_notify
[    2.200442] skx_uncore 0000:64:0b.2: runtime IRQ mapping not provided by arch
[    2.200451] skx_uncore 0000:64:0b.2: vgaarb: pci_notify
[    2.200455] skx_uncore 0000:64:0c.2: vgaarb: pci_notify
[    2.200457] skx_uncore 0000:64:0c.2: runtime IRQ mapping not provided by arch
[    2.200466] skx_uncore 0000:64:0c.2: vgaarb: pci_notify
[    2.200470] skx_uncore 0000:64:0c.6: vgaarb: pci_notify
[    2.200473] skx_uncore 0000:64:0c.6: runtime IRQ mapping not provided by arch
[    2.200482] skx_uncore 0000:64:0c.6: vgaarb: pci_notify
[    2.200486] skx_uncore 0000:64:0d.2: vgaarb: pci_notify
[    2.200488] skx_uncore 0000:64:0d.2: runtime IRQ mapping not provided by arch
[    2.200497] skx_uncore 0000:64:0d.2: vgaarb: pci_notify
[    2.200501] skx_uncore 0000:b2:12.1: vgaarb: pci_notify
[    2.200503] skx_uncore 0000:b2:12.1: runtime IRQ mapping not provided by arch
[    2.200513] skx_uncore 0000:b2:12.1: vgaarb: pci_notify
[    2.200517] skx_uncore 0000:b2:12.2: vgaarb: pci_notify
[    2.200518] skx_uncore 0000:b2:12.2: runtime IRQ mapping not provided by arch
[    2.200528] skx_uncore 0000:b2:12.2: vgaarb: pci_notify
[    2.201074] mce: Machine check injector initialized
[    2.203646] Initialise system trusted keyrings
[    2.203653] Key type blacklist registered
[    2.203682] workingset: timestamp_bits=36 max_order=24 bucket_order=0
[    2.204769] zbud: loaded
[    2.205101] fuse: init (API version 7.38)
[    2.205164] JFS: nTxBlock = 8192, nTxLock = 65536
[    2.206414] SGI XFS with security attributes, no debug enabled
[    2.206706] NILFS version 2 loaded
[    2.207223] ceph: loaded (mds proto 32)
[    2.207430] integrity: Platform Keyring initialized
[    2.207433] integrity: Machine keyring initialized
[    2.212582] NET: Registered PF_ALG protocol family
[    2.212584] xor: automatically using best checksumming function   avx       
[    2.212599] async_tx: api initialized (async)
[    2.212601] Key type asymmetric registered
[    2.212603] Asymmetric key parser 'x509' registered
[    2.800215] Freeing initrd memory: 9324K
[    2.801706] alg: self-tests for CTR-KDF (hmac(sha256)) passed
[    2.801729] Block layer SCSI generic (bsg) driver version 0.4 loaded (major 244)
[    2.801760] io scheduler mq-deadline registered
[    2.801761] io scheduler kyber registered
[    2.801784] io scheduler bfq registered
[    2.802790] atomic64_test: passed for x86-64 platform with CX8 and with SSE
[    2.802925] pciehp: pcie_port_service_register = 0
[    2.802937] pcieport 0000:00:1b.0: vgaarb: pci_notify
[    2.802940] pcieport 0000:00:1b.0: runtime IRQ mapping not provided by arch
[    2.803115] pcieport 0000:00:1b.0: PME: Signaling with IRQ 24
[    2.803132] pcieport 0000:00:1b.0: saving config space at offset 0x0 (reading 0xa2eb8086)
[    2.803134] pcieport 0000:00:1b.0: saving config space at offset 0x4 (reading 0x100407)
[    2.803136] pcieport 0000:00:1b.0: saving config space at offset 0x8 (reading 0x60400f0)
[    2.803137] pcieport 0000:00:1b.0: saving config space at offset 0xc (reading 0x810010)
[    2.803139] pcieport 0000:00:1b.0: saving config space at offset 0x10 (reading 0x0)
[    2.803140] pcieport 0000:00:1b.0: saving config space at offset 0x14 (reading 0x0)
[    2.803142] pcieport 0000:00:1b.0: saving config space at offset 0x18 (reading 0x10100)
[    2.803143] pcieport 0000:00:1b.0: saving config space at offset 0x1c (reading 0x200000f0)
[    2.803145] pcieport 0000:00:1b.0: saving config space at offset 0x20 (reading 0x92e092e0)
[    2.803146] pcieport 0000:00:1b.0: saving config space at offset 0x24 (reading 0x1fff1)
[    2.803148] pcieport 0000:00:1b.0: saving config space at offset 0x28 (reading 0x0)
[    2.803149] pcieport 0000:00:1b.0: saving config space at offset 0x2c (reading 0x0)
[    2.803150] pcieport 0000:00:1b.0: saving config space at offset 0x30 (reading 0x0)
[    2.803152] pcieport 0000:00:1b.0: saving config space at offset 0x34 (reading 0x40)
[    2.803153] pcieport 0000:00:1b.0: saving config space at offset 0x38 (reading 0x0)
[    2.803155] pcieport 0000:00:1b.0: saving config space at offset 0x3c (reading 0x1201ff)
[    2.803176] pcieport 0000:00:1b.0: vgaarb: pci_notify
[    2.803182] pcieport 0000:00:1c.0: vgaarb: pci_notify
[    2.803184] pcieport 0000:00:1c.0: runtime IRQ mapping not provided by arch
[    2.803235] pcieport 0000:00:1c.0: PME: Signaling with IRQ 25
[    2.803248] pcieport 0000:00:1c.0: saving config space at offset 0x0 (reading 0xa2908086)
[    2.803249] pcieport 0000:00:1c.0: saving config space at offset 0x4 (reading 0x100407)
[    2.803251] pcieport 0000:00:1c.0: saving config space at offset 0x8 (reading 0x60400f0)
[    2.803252] pcieport 0000:00:1c.0: saving config space at offset 0xc (reading 0x810010)
[    2.803254] pcieport 0000:00:1c.0: saving config space at offset 0x10 (reading 0x0)
[    2.803255] pcieport 0000:00:1c.0: saving config space at offset 0x14 (reading 0x0)
[    2.803257] pcieport 0000:00:1c.0: saving config space at offset 0x18 (reading 0x20200)
[    2.803258] pcieport 0000:00:1c.0: saving config space at offset 0x1c (reading 0x200000f0)
[    2.803259] pcieport 0000:00:1c.0: saving config space at offset 0x20 (reading 0x92d092d0)
[    2.803261] pcieport 0000:00:1c.0: saving config space at offset 0x24 (reading 0x1fff1)
[    2.803262] pcieport 0000:00:1c.0: saving config space at offset 0x28 (reading 0x0)
[    2.803264] pcieport 0000:00:1c.0: saving config space at offset 0x2c (reading 0x0)
[    2.803265] pcieport 0000:00:1c.0: saving config space at offset 0x30 (reading 0x0)
[    2.803267] pcieport 0000:00:1c.0: saving config space at offset 0x34 (reading 0x40)
[    2.803268] pcieport 0000:00:1c.0: saving config space at offset 0x38 (reading 0x0)
[    2.803269] pcieport 0000:00:1c.0: saving config space at offset 0x3c (reading 0x1201ff)
[    2.803288] pcieport 0000:00:1c.0: vgaarb: pci_notify
[    2.803292] pcieport 0000:00:1c.5: vgaarb: pci_notify
[    2.803294] pcieport 0000:00:1c.5: runtime IRQ mapping not provided by arch
[    2.803417] pcieport 0000:00:1c.5: PME: Signaling with IRQ 26
[    2.803431] pcieport 0000:00:1c.5: saving config space at offset 0x0 (reading 0xa2958086)
[    2.803432] pcieport 0000:00:1c.5: saving config space at offset 0x4 (reading 0x100407)
[    2.803434] pcieport 0000:00:1c.5: saving config space at offset 0x8 (reading 0x60400f0)
[    2.803435] pcieport 0000:00:1c.5: saving config space at offset 0xc (reading 0x810010)
[    2.803436] pcieport 0000:00:1c.5: saving config space at offset 0x10 (reading 0x0)
[    2.803438] pcieport 0000:00:1c.5: saving config space at offset 0x14 (reading 0x0)
[    2.803439] pcieport 0000:00:1c.5: saving config space at offset 0x18 (reading 0x30300)
[    2.803441] pcieport 0000:00:1c.5: saving config space at offset 0x1c (reading 0x20002020)
[    2.803442] pcieport 0000:00:1c.5: saving config space at offset 0x20 (reading 0x92c092c0)
[    2.803444] pcieport 0000:00:1c.5: saving config space at offset 0x24 (reading 0x1fff1)
[    2.803445] pcieport 0000:00:1c.5: saving config space at offset 0x28 (reading 0x0)
[    2.803446] pcieport 0000:00:1c.5: saving config space at offset 0x2c (reading 0x0)
[    2.803448] pcieport 0000:00:1c.5: saving config space at offset 0x30 (reading 0x0)
[    2.803449] pcieport 0000:00:1c.5: saving config space at offset 0x34 (reading 0x40)
[    2.803451] pcieport 0000:00:1c.5: saving config space at offset 0x38 (reading 0x0)
[    2.803452] pcieport 0000:00:1c.5: saving config space at offset 0x3c (reading 0x1202ff)
[    2.803470] pcieport 0000:00:1c.5: vgaarb: pci_notify
[    2.803474] pcieport 0000:00:1c.7: vgaarb: pci_notify
[    2.803477] pcieport 0000:00:1c.7: runtime IRQ mapping not provided by arch
[    2.803523] pcieport 0000:00:1c.7: PME: Signaling with IRQ 27
[    2.803536] pcieport 0000:00:1c.7: saving config space at offset 0x0 (reading 0xa2978086)
[    2.803538] pcieport 0000:00:1c.7: saving config space at offset 0x4 (reading 0x100407)
[    2.803539] pcieport 0000:00:1c.7: saving config space at offset 0x8 (reading 0x60400f0)
[    2.803541] pcieport 0000:00:1c.7: saving config space at offset 0xc (reading 0x810010)
[    2.803542] pcieport 0000:00:1c.7: saving config space at offset 0x10 (reading 0x0)
[    2.803544] pcieport 0000:00:1c.7: saving config space at offset 0x14 (reading 0x0)
[    2.803545] pcieport 0000:00:1c.7: saving config space at offset 0x18 (reading 0x40400)
[    2.803546] pcieport 0000:00:1c.7: saving config space at offset 0x1c (reading 0x200000f0)
[    2.803548] pcieport 0000:00:1c.7: saving config space at offset 0x20 (reading 0x92b092b0)
[    2.803549] pcieport 0000:00:1c.7: saving config space at offset 0x24 (reading 0x1fff1)
[    2.803551] pcieport 0000:00:1c.7: saving config space at offset 0x28 (reading 0x0)
[    2.803552] pcieport 0000:00:1c.7: saving config space at offset 0x2c (reading 0x0)
[    2.803553] pcieport 0000:00:1c.7: saving config space at offset 0x30 (reading 0x0)
[    2.803555] pcieport 0000:00:1c.7: saving config space at offset 0x34 (reading 0x40)
[    2.803556] pcieport 0000:00:1c.7: saving config space at offset 0x38 (reading 0x0)
[    2.803558] pcieport 0000:00:1c.7: saving config space at offset 0x3c (reading 0x1204ff)
[    2.803576] pcieport 0000:00:1c.7: vgaarb: pci_notify
[    2.803580] pcieport 0000:00:1d.0: vgaarb: pci_notify
[    2.803582] pcieport 0000:00:1d.0: runtime IRQ mapping not provided by arch
[    2.803696] pcieport 0000:00:1d.0: PME: Signaling with IRQ 28
[    2.803709] pcieport 0000:00:1d.0: saving config space at offset 0x0 (reading 0xa2988086)
[    2.803710] pcieport 0000:00:1d.0: saving config space at offset 0x4 (reading 0x100407)
[    2.803712] pcieport 0000:00:1d.0: saving config space at offset 0x8 (reading 0x60400f0)
[    2.803713] pcieport 0000:00:1d.0: saving config space at offset 0xc (reading 0x810010)
[    2.803715] pcieport 0000:00:1d.0: saving config space at offset 0x10 (reading 0x0)
[    2.803716] pcieport 0000:00:1d.0: saving config space at offset 0x14 (reading 0x0)
[    2.803718] pcieport 0000:00:1d.0: saving config space at offset 0x18 (reading 0x50500)
[    2.803719] pcieport 0000:00:1d.0: saving config space at offset 0x1c (reading 0x200000f0)
[    2.803721] pcieport 0000:00:1d.0: saving config space at offset 0x20 (reading 0x92a092a0)
[    2.803722] pcieport 0000:00:1d.0: saving config space at offset 0x24 (reading 0x1fff1)
[    2.803724] pcieport 0000:00:1d.0: saving config space at offset 0x28 (reading 0x0)
[    2.803725] pcieport 0000:00:1d.0: saving config space at offset 0x2c (reading 0x0)
[    2.803726] pcieport 0000:00:1d.0: saving config space at offset 0x30 (reading 0x0)
[    2.803728] pcieport 0000:00:1d.0: saving config space at offset 0x34 (reading 0x40)
[    2.803729] pcieport 0000:00:1d.0: saving config space at offset 0x38 (reading 0x0)
[    2.803731] pcieport 0000:00:1d.0: saving config space at offset 0x3c (reading 0x1201ff)
[    2.803749] pcieport 0000:00:1d.0: vgaarb: pci_notify
[    2.803758] pcieport 0000:16:02.0: vgaarb: pci_notify
[    2.803761] pcieport 0000:16:02.0: runtime IRQ mapping not provided by arch
[    2.803952] pcieport 0000:16:02.0: PME: Signaling with IRQ 30
[    2.803964] pcieport 0000:16:02.0: saving config space at offset 0x0 (reading 0x20328086)
[    2.803966] pcieport 0000:16:02.0: saving config space at offset 0x4 (reading 0x100407)
[    2.803967] pcieport 0000:16:02.0: saving config space at offset 0x8 (reading 0x6040004)
[    2.803968] pcieport 0000:16:02.0: saving config space at offset 0xc (reading 0x10010)
[    2.803969] pcieport 0000:16:02.0: saving config space at offset 0x10 (reading 0x0)
[    2.803971] pcieport 0000:16:02.0: saving config space at offset 0x14 (reading 0x0)
[    2.803972] pcieport 0000:16:02.0: saving config space at offset 0x18 (reading 0x171716)
[    2.803973] pcieport 0000:16:02.0: saving config space at offset 0x1c (reading 0x200000f0)
[    2.803974] pcieport 0000:16:02.0: saving config space at offset 0x20 (reading 0xb5e0b5e0)
[    2.803975] pcieport 0000:16:02.0: saving config space at offset 0x24 (reading 0xffe1ffa1)
[    2.803977] pcieport 0000:16:02.0: saving config space at offset 0x28 (reading 0x387f)
[    2.803978] pcieport 0000:16:02.0: saving config space at offset 0x2c (reading 0x387f)
[    2.803979] pcieport 0000:16:02.0: saving config space at offset 0x30 (reading 0x0)
[    2.803980] pcieport 0000:16:02.0: saving config space at offset 0x34 (reading 0x40)
[    2.803982] pcieport 0000:16:02.0: saving config space at offset 0x38 (reading 0x0)
[    2.803983] pcieport 0000:16:02.0: saving config space at offset 0x3c (reading 0x1201ff)
[    2.803999] pcieport 0000:16:02.0: vgaarb: pci_notify
[    2.804012] pcieport 0000:64:00.0: vgaarb: pci_notify
[    2.804014] pcieport 0000:64:00.0: runtime IRQ mapping not provided by arch
[    2.804167] pcieport 0000:64:00.0: PME: Signaling with IRQ 32
[    2.804185] pcieport 0000:64:00.0: saving config space at offset 0x0 (reading 0x20308086)
[    2.804186] pcieport 0000:64:00.0: saving config space at offset 0x4 (reading 0x100407)
[    2.804188] pcieport 0000:64:00.0: saving config space at offset 0x8 (reading 0x6040004)
[    2.804189] pcieport 0000:64:00.0: saving config space at offset 0xc (reading 0x10010)
[    2.804190] pcieport 0000:64:00.0: saving config space at offset 0x10 (reading 0x0)
[    2.804191] pcieport 0000:64:00.0: saving config space at offset 0x14 (reading 0x0)
[    2.804193] pcieport 0000:64:00.0: saving config space at offset 0x18 (reading 0x656564)
[    2.804194] pcieport 0000:64:00.0: saving config space at offset 0x1c (reading 0x2000b0b0)
[    2.804195] pcieport 0000:64:00.0: saving config space at offset 0x20 (reading 0xd800d700)
[    2.804196] pcieport 0000:64:00.0: saving config space at offset 0x24 (reading 0xf1f1e001)
[    2.804198] pcieport 0000:64:00.0: saving config space at offset 0x28 (reading 0x38bf)
[    2.804199] pcieport 0000:64:00.0: saving config space at offset 0x2c (reading 0x38bf)
[    2.804200] pcieport 0000:64:00.0: saving config space at offset 0x30 (reading 0x0)
[    2.804201] pcieport 0000:64:00.0: saving config space at offset 0x34 (reading 0x40)
[    2.804203] pcieport 0000:64:00.0: saving config space at offset 0x38 (reading 0x0)
[    2.804204] pcieport 0000:64:00.0: saving config space at offset 0x3c (reading 0x1201ff)
[    2.804220] pcieport 0000:64:00.0: vgaarb: pci_notify
[    2.804229] pcieport 0000:b2:03.0: vgaarb: pci_notify
[    2.804231] pcieport 0000:b2:03.0: runtime IRQ mapping not provided by arch
[    2.804381] pcieport 0000:b2:03.0: PME: Signaling with IRQ 34
[    2.804393] pcieport 0000:b2:03.0: saving config space at offset 0x0 (reading 0x20338086)
[    2.804395] pcieport 0000:b2:03.0: saving config space at offset 0x4 (reading 0x100407)
[    2.804396] pcieport 0000:b2:03.0: saving config space at offset 0x8 (reading 0x6040004)
[    2.804397] pcieport 0000:b2:03.0: saving config space at offset 0xc (reading 0x10010)
[    2.804398] pcieport 0000:b2:03.0: saving config space at offset 0x10 (reading 0x0)
[    2.804400] pcieport 0000:b2:03.0: saving config space at offset 0x14 (reading 0x0)
[    2.804401] pcieport 0000:b2:03.0: saving config space at offset 0x18 (reading 0xb3b3b2)
[    2.804402] pcieport 0000:b2:03.0: saving config space at offset 0x1c (reading 0x200000f0)
[    2.804403] pcieport 0000:b2:03.0: saving config space at offset 0x20 (reading 0xfbe0fbe0)
[    2.804405] pcieport 0000:b2:03.0: saving config space at offset 0x24 (reading 0x1fff1)
[    2.804406] pcieport 0000:b2:03.0: saving config space at offset 0x28 (reading 0x0)
[    2.804407] pcieport 0000:b2:03.0: saving config space at offset 0x2c (reading 0x0)
[    2.804408] pcieport 0000:b2:03.0: saving config space at offset 0x30 (reading 0x0)
[    2.804409] pcieport 0000:b2:03.0: saving config space at offset 0x34 (reading 0x40)
[    2.804411] pcieport 0000:b2:03.0: saving config space at offset 0x38 (reading 0x0)
[    2.804412] pcieport 0000:b2:03.0: saving config space at offset 0x3c (reading 0x1201ff)
[    2.804428] pcieport 0000:b2:03.0: vgaarb: pci_notify
[    2.804536] shpchp: Standard Hot Plug PCI Controller Driver version: 0.4
[    2.804639] Monitor-Mwait will be used to enter C-1 state
[    2.804642] ACPI: \_SB_.SCK0.CP00: Found 1 idle states
[    2.805348] IPMI message handler: version 39.2
[    2.805354] ipmi device interface
[    2.805381] ipmi_si: IPMI System Interface driver
[    2.805412] ipmi_si: Unable to find any System Interface(s)
[    2.805413] ipmi_ssif: IPMI SSIF Interface driver
[    2.805420] i2c-core: driver [ipmi_ssif] registered
[    2.805423] i2c-core: driver [ipmi-ipmb] registered
[    2.805425] IPMI Watchdog: driver initialized
[    2.805425] IPMI poweroff: Copyright (C) 2004 MontaVista Software - IPMI Powerdown via sys_reboot
[    2.805522] input: Sleep Button as /devices/LNXSYSTM:00/LNXSYBUS:00/PNP0C0E:00/input/input0
[    2.805542] ACPI: button: Sleep Button [SLPB]
[    2.805573] input: Power Button as /devices/LNXSYSTM:00/LNXSYBUS:00/PNP0C0C:00/input/input1
[    2.805585] ACPI: button: Power Button [PWRB]
[    2.805605] input: Power Button as /devices/LNXSYSTM:00/LNXPWRBN:00/input/input2
[    2.805629] ACPI: button: Power Button [PWRF]
[    2.806583] i2c-core: driver [isl9305] registered
[    2.806618] Serial: 8250/16550 driver, 32 ports, IRQ sharing enabled
[    2.820497] ACPI: bus type drm_connector registered
[    2.821358] loop: module loaded
[    2.825831] mtip32xx Version 1.3.1
[    2.825928] zram: Added device: zram0
[    2.826302] null_blk: disk nullb0 created
[    2.826303] null_blk: module loaded
[    2.826454] Loading iSCSI transport class v2.0-870.
[    2.826519] rdac: device handler registered
[    2.826539] iscsi: registered transport (tcp)
[    2.826569] megaraid cmm: 2.20.2.7 (Release Date: Sun Jul 16 00:01:03 EST 2006)
[    2.826580] megaraid: 2.20.5.1 (Release Date: Thu Nov 16 15:32:35 EST 2006)
[    2.826593] megasas: 07.719.03.00-rc1
[    2.826613] mpt3sas version 43.100.00.00 loaded
[    2.826655] st: Version 20160209, fixed bufsize 32768, s/g segs 256
[    2.826750] nvme 0000:01:00.0: vgaarb: pci_notify
[    2.826753] nvme 0000:01:00.0: runtime IRQ mapping not provided by arch
[    2.826791] nvme nvme0: pci function 0000:01:00.0
[    2.826797] nvme 0000:01:00.0: vgaarb: pci_notify
[    2.826802] nvme 0000:05:00.0: vgaarb: pci_notify
[    2.826805] nvme 0000:05:00.0: runtime IRQ mapping not provided by arch
[    2.826832] nvme nvme1: pci function 0000:05:00.0
[    2.826838] nvme 0000:05:00.0: vgaarb: pci_notify
[    2.826853] nvme 0000:b3:00.0: vgaarb: pci_notify
[    2.826855] nvme 0000:b3:00.0: runtime IRQ mapping not provided by arch
[    2.826884] nvme nvme2: pci function 0000:b3:00.0
[    2.826886] nvme 0000:01:00.0: saving config space at offset 0x0 (reading 0x540ac0a9)
[    2.826890] nvme 0000:b3:00.0: vgaarb: pci_notify
[    2.826891] nvme 0000:01:00.0: saving config space at offset 0x4 (reading 0x100406)
[    2.826896] nvme 0000:01:00.0: saving config space at offset 0x8 (reading 0x1080201)
[    2.826898] nvme 0000:01:00.0: saving config space at offset 0xc (reading 0x10)
[    2.826902] nvme 0000:01:00.0: saving config space at offset 0x10 (reading 0x92e00004)
[    2.826905] nvme 0000:01:00.0: saving config space at offset 0x14 (reading 0x0)
[    2.826908] nvme 0000:01:00.0: saving config space at offset 0x18 (reading 0x0)
[    2.826910] nvme 0000:01:00.0: saving config space at offset 0x1c (reading 0x0)
[    2.826912] nvme 0000:01:00.0: saving config space at offset 0x20 (reading 0x0)
[    2.826913] nvme 0000:01:00.0: saving config space at offset 0x24 (reading 0x0)
[    2.826919] nvme 0000:01:00.0: saving config space at offset 0x28 (reading 0x0)
[    2.826921] nvme 0000:01:00.0: saving config space at offset 0x2c (reading 0x540ac0a9)
[    2.826922] nvme 0000:01:00.0: saving config space at offset 0x30 (reading 0x0)
[    2.826924] nvme 0000:01:00.0: saving config space at offset 0x34 (reading 0x80)
[    2.826926] nvme 0000:01:00.0: saving config space at offset 0x38 (reading 0x0)
[    2.826928] nvme 0000:01:00.0: saving config space at offset 0x3c (reading 0x1ff)
[    2.826998] nvme 0000:05:00.0: saving config space at offset 0x0 (reading 0x54161344)
[    2.827003] nvme 0000:05:00.0: saving config space at offset 0x4 (reading 0x100406)
[    2.827008] nvme 0000:05:00.0: saving config space at offset 0x8 (reading 0x1080201)
[    2.827012] nvme 0000:05:00.0: saving config space at offset 0xc (reading 0x10)
[    2.827017] nvme 0000:05:00.0: saving config space at offset 0x10 (reading 0x92a00004)
[    2.827021] nvme 0000:05:00.0: saving config space at offset 0x14 (reading 0x0)
[    2.827029] nvme 0000:05:00.0: saving config space at offset 0x18 (reading 0x0)
[    2.827034] nvme 0000:05:00.0: saving config space at offset 0x1c (reading 0x0)
[    2.827039] nvme 0000:05:00.0: saving config space at offset 0x20 (reading 0x0)
